[2026-09-26T07:33:59.016+0000] {processor.py:186} INFO - Started process (PID=2776) to work on /opt/airflow/dags/comptage_dag.py
[2026-09-26T07:33:59.018+0000] {processor.py:914} INFO - Processing file /opt/airflow/dags/comptage_dag.py for tasks to queue
[2026-09-26T07:33:59.041+0000] {logging_mixin.py:190} INFO - [2026-09-26T07:33:59.038+0000] {dagbag.py:588} INFO - Filling up the DagBag from /opt/airflow/dags/comptage_dag.py
[2026-09-26T07:33:59.087+0000] {processor.py:925} INFO - DAG(s) 'comptage_dag' retrieved from /opt/airflow/dags/comptage_dag.py
[2026-09-26T07:33:59.160+0000] {logging_mixin.py:190} INFO - [2026-09-26T07:33:59.159+0000] {dag.py:3239} INFO - Sync 1 DAGs
[2026-09-26T07:33:59.225+0000] {logging_mixin.py:190} INFO - [2026-09-26T07:33:59.225+0000] {dag.py:4180} INFO - Setting next_dagrun for comptage_dag to 2026-09-26 00:00:00+00:00, run_after=2026-09-27 00:00:00+00:00
[2026-09-26T07:33:59.259+0000] {processor.py:208} INFO - Processing /opt/airflow/dags/comptage_dag.py took 0.261 seconds
[2026-09-26T07:34:29.464+0000] {processor.py:186} INFO - Started process (PID=2800) to work on /opt/airflow/dags/comptage_dag.py
[2026-09-26T07:34:29.464+0000] {processor.py:914} INFO - Processing file /opt/airflow/dags/comptage_dag.py for tasks to queue
[2026-09-26T07:34:29.466+0000] {logging_mixin.py:190} INFO - [2026-09-26T07:34:29.466+0000] {dagbag.py:588} INFO - Filling up the DagBag from /opt/airflow/dags/comptage_dag.py
[2026-09-26T07:34:29.475+0000] {processor.py:925} INFO - DAG(s) 'comptage_dag' retrieved from /opt/airflow/dags/comptage_dag.py
[2026-09-26T07:34:29.491+0000] {logging_mixin.py:190} INFO - [2026-09-26T07:34:29.491+0000] {dag.py:3239} INFO - Sync 1 DAGs
[2026-09-26T07:34:29.508+0000] {logging_mixin.py:190} INFO - [2026-09-26T07:34:29.507+0000] {dag.py:4180} INFO - Setting next_dagrun for comptage_dag to 2026-09-26 00:00:00+00:00, run_after=2026-09-27 00:00:00+00:00
[2026-09-26T07:34:29.518+0000] {processor.py:208} INFO - Processing /opt/airflow/dags/comptage_dag.py took 0.059 seconds
[2026-09-26T07:34:59.659+0000] {processor.py:186} INFO - Started process (PID=2818) to work on /opt/airflow/dags/comptage_dag.py
[2026-09-26T07:34:59.660+0000] {processor.py:914} INFO - Processing file /opt/airflow/dags/comptage_dag.py for tasks to queue
[2026-09-26T07:34:59.661+0000] {logging_mixin.py:190} INFO - [2026-09-26T07:34:59.661+0000] {dagbag.py:588} INFO - Filling up the DagBag from /opt/airflow/dags/comptage_dag.py
[2026-09-26T07:34:59.669+0000] {processor.py:925} INFO - DAG(s) 'comptage_dag' retrieved from /opt/airflow/dags/comptage_dag.py
[2026-09-26T07:34:59.684+0000] {logging_mixin.py:190} INFO - [2026-09-26T07:34:59.684+0000] {dag.py:3239} INFO - Sync 1 DAGs
[2026-09-26T07:34:59.702+0000] {logging_mixin.py:190} INFO - [2026-09-26T07:34:59.702+0000] {dag.py:4180} INFO - Setting next_dagrun for comptage_dag to 2026-09-26 00:00:00+00:00, run_after=2026-09-27 00:00:00+00:00
[2026-09-26T07:34:59.717+0000] {processor.py:208} INFO - Processing /opt/airflow/dags/comptage_dag.py took 0.062 seconds
[2026-09-26T07:35:29.881+0000] {processor.py:186} INFO - Started process (PID=2843) to work on /opt/airflow/dags/comptage_dag.py
[2026-09-26T07:35:29.882+0000] {processor.py:914} INFO - Processing file /opt/airflow/dags/comptage_dag.py for tasks to queue
[2026-09-26T07:35:29.884+0000] {logging_mixin.py:190} INFO - [2026-09-26T07:35:29.884+0000] {dagbag.py:588} INFO - Filling up the DagBag from /opt/airflow/dags/comptage_dag.py
[2026-09-26T07:35:29.893+0000] {processor.py:925} INFO - DAG(s) 'comptage_dag' retrieved from /opt/airflow/dags/comptage_dag.py
[2026-09-26T07:35:29.910+0000] {logging_mixin.py:190} INFO - [2026-09-26T07:35:29.910+0000] {dag.py:3239} INFO - Sync 1 DAGs
[2026-09-26T07:35:29.928+0000] {logging_mixin.py:190} INFO - [2026-09-26T07:35:29.928+0000] {dag.py:4180} INFO - Setting next_dagrun for comptage_dag to 2026-09-26 00:00:00+00:00, run_after=2026-09-27 00:00:00+00:00
[2026-09-26T07:35:29.945+0000] {processor.py:208} INFO - Processing /opt/airflow/dags/comptage_dag.py took 0.069 seconds
[2026-09-26T07:36:00.109+0000] {processor.py:186} INFO - Started process (PID=2860) to work on /opt/airflow/dags/comptage_dag.py
[2026-09-26T07:36:00.110+0000] {processor.py:914} INFO - Processing file /opt/airflow/dags/comptage_dag.py for tasks to queue
[2026-09-26T07:36:00.111+0000] {logging_mixin.py:190} INFO - [2026-09-26T07:36:00.111+0000] {dagbag.py:588} INFO - Filling up the DagBag from /opt/airflow/dags/comptage_dag.py
[2026-09-26T07:36:00.118+0000] {processor.py:925} INFO - DAG(s) 'comptage_dag' retrieved from /opt/airflow/dags/comptage_dag.py
[2026-09-26T07:36:00.133+0000] {logging_mixin.py:190} INFO - [2026-09-26T07:36:00.133+0000] {dag.py:3239} INFO - Sync 1 DAGs
[2026-09-26T07:36:00.148+0000] {logging_mixin.py:190} INFO - [2026-09-26T07:36:00.148+0000] {dag.py:4180} INFO - Setting next_dagrun for comptage_dag to 2026-09-26 00:00:00+00:00, run_after=2026-09-27 00:00:00+00:00
[2026-09-26T07:36:00.158+0000] {processor.py:208} INFO - Processing /opt/airflow/dags/comptage_dag.py took 0.053 seconds
[2026-09-26T07:36:30.328+0000] {processor.py:186} INFO - Started process (PID=2885) to work on /opt/airflow/dags/comptage_dag.py
[2026-09-26T07:36:30.333+0000] {processor.py:914} INFO - Processing file /opt/airflow/dags/comptage_dag.py for tasks to queue
[2026-09-26T07:36:30.335+0000] {logging_mixin.py:190} INFO - [2026-09-26T07:36:30.335+0000] {dagbag.py:588} INFO - Filling up the DagBag from /opt/airflow/dags/comptage_dag.py
[2026-09-26T07:36:30.341+0000] {processor.py:925} INFO - DAG(s) 'comptage_dag' retrieved from /opt/airflow/dags/comptage_dag.py
[2026-09-26T07:36:30.355+0000] {logging_mixin.py:190} INFO - [2026-09-26T07:36:30.355+0000] {dag.py:3239} INFO - Sync 1 DAGs
[2026-09-26T07:36:30.371+0000] {logging_mixin.py:190} INFO - [2026-09-26T07:36:30.371+0000] {dag.py:4180} INFO - Setting next_dagrun for comptage_dag to 2026-09-26 00:00:00+00:00, run_after=2026-09-27 00:00:00+00:00
[2026-09-26T07:36:30.383+0000] {processor.py:208} INFO - Processing /opt/airflow/dags/comptage_dag.py took 0.060 seconds
[2026-09-26T07:37:00.543+0000] {processor.py:186} INFO - Started process (PID=2902) to work on /opt/airflow/dags/comptage_dag.py
[2026-09-26T07:37:00.544+0000] {processor.py:914} INFO - Processing file /opt/airflow/dags/comptage_dag.py for tasks to queue
[2026-09-26T07:37:00.545+0000] {logging_mixin.py:190} INFO - [2026-09-26T07:37:00.545+0000] {dagbag.py:588} INFO - Filling up the DagBag from /opt/airflow/dags/comptage_dag.py
[2026-09-26T07:37:00.552+0000] {processor.py:925} INFO - DAG(s) 'comptage_dag' retrieved from /opt/airflow/dags/comptage_dag.py
[2026-09-26T07:37:00.568+0000] {logging_mixin.py:190} INFO - [2026-09-26T07:37:00.568+0000] {dag.py:3239} INFO - Sync 1 DAGs
[2026-09-26T07:37:00.585+0000] {logging_mixin.py:190} INFO - [2026-09-26T07:37:00.585+0000] {dag.py:4180} INFO - Setting next_dagrun for comptage_dag to 2026-09-26 00:00:00+00:00, run_after=2026-09-27 00:00:00+00:00
[2026-09-26T07:37:00.598+0000] {processor.py:208} INFO - Processing /opt/airflow/dags/comptage_dag.py took 0.060 seconds
[2026-09-26T07:37:30.756+0000] {processor.py:186} INFO - Started process (PID=2927) to work on /opt/airflow/dags/comptage_dag.py
[2026-09-26T07:37:30.757+0000] {processor.py:914} INFO - Processing file /opt/airflow/dags/comptage_dag.py for tasks to queue
[2026-09-26T07:37:30.759+0000] {logging_mixin.py:190} INFO - [2026-09-26T07:37:30.758+0000] {dagbag.py:588} INFO - Filling up the DagBag from /opt/airflow/dags/comptage_dag.py
[2026-09-26T07:37:30.768+0000] {processor.py:925} INFO - DAG(s) 'comptage_dag' retrieved from /opt/airflow/dags/comptage_dag.py
[2026-09-26T07:37:30.783+0000] {logging_mixin.py:190} INFO - [2026-09-26T07:37:30.783+0000] {dag.py:3239} INFO - Sync 1 DAGs
[2026-09-26T07:37:30.798+0000] {logging_mixin.py:190} INFO - [2026-09-26T07:37:30.798+0000] {dag.py:4180} INFO - Setting next_dagrun for comptage_dag to 2026-09-26 00:00:00+00:00, run_after=2026-09-27 00:00:00+00:00
[2026-09-26T07:37:30.808+0000] {processor.py:208} INFO - Processing /opt/airflow/dags/comptage_dag.py took 0.056 seconds
[2026-09-26T07:38:00.986+0000] {processor.py:186} INFO - Started process (PID=2944) to work on /opt/airflow/dags/comptage_dag.py
[2026-09-26T07:38:00.987+0000] {processor.py:914} INFO - Processing file /opt/airflow/dags/comptage_dag.py for tasks to queue
[2026-09-26T07:38:00.988+0000] {logging_mixin.py:190} INFO - [2026-09-26T07:38:00.988+0000] {dagbag.py:588} INFO - Filling up the DagBag from /opt/airflow/dags/comptage_dag.py
[2026-09-26T07:38:00.994+0000] {processor.py:925} INFO - DAG(s) 'comptage_dag' retrieved from /opt/airflow/dags/comptage_dag.py
[2026-09-26T07:38:01.008+0000] {logging_mixin.py:190} INFO - [2026-09-26T07:38:01.007+0000] {dag.py:3239} INFO - Sync 1 DAGs
[2026-09-26T07:38:01.023+0000] {logging_mixin.py:190} INFO - [2026-09-26T07:38:01.023+0000] {dag.py:4180} INFO - Setting next_dagrun for comptage_dag to 2026-09-26 00:00:00+00:00, run_after=2026-09-27 00:00:00+00:00
[2026-09-26T07:38:01.034+0000] {processor.py:208} INFO - Processing /opt/airflow/dags/comptage_dag.py took 0.052 seconds
[2026-09-26T07:38:31.205+0000] {processor.py:186} INFO - Started process (PID=2969) to work on /opt/airflow/dags/comptage_dag.py
[2026-09-26T07:38:31.210+0000] {processor.py:914} INFO - Processing file /opt/airflow/dags/comptage_dag.py for tasks to queue
[2026-09-26T07:38:31.212+0000] {logging_mixin.py:190} INFO - [2026-09-26T07:38:31.212+0000] {dagbag.py:588} INFO - Filling up the DagBag from /opt/airflow/dags/comptage_dag.py
[2026-09-26T07:38:31.218+0000] {processor.py:925} INFO - DAG(s) 'comptage_dag' retrieved from /opt/airflow/dags/comptage_dag.py
[2026-09-26T07:38:31.233+0000] {logging_mixin.py:190} INFO - [2026-09-26T07:38:31.232+0000] {dag.py:3239} INFO - Sync 1 DAGs
[2026-09-26T07:38:31.249+0000] {logging_mixin.py:190} INFO - [2026-09-26T07:38:31.249+0000] {dag.py:4180} INFO - Setting next_dagrun for comptage_dag to 2026-09-26 00:00:00+00:00, run_after=2026-09-27 00:00:00+00:00
[2026-09-26T07:38:31.260+0000] {processor.py:208} INFO - Processing /opt/airflow/dags/comptage_dag.py took 0.059 seconds
[2026-09-26T07:39:01.438+0000] {processor.py:186} INFO - Started process (PID=2986) to work on /opt/airflow/dags/comptage_dag.py
[2026-09-26T07:39:01.438+0000] {processor.py:914} INFO - Processing file /opt/airflow/dags/comptage_dag.py for tasks to queue
[2026-09-26T07:39:01.442+0000] {logging_mixin.py:190} INFO - [2026-09-26T07:39:01.441+0000] {dagbag.py:588} INFO - Filling up the DagBag from /opt/airflow/dags/comptage_dag.py
[2026-09-26T07:39:01.449+0000] {processor.py:925} INFO - DAG(s) 'comptage_dag' retrieved from /opt/airflow/dags/comptage_dag.py
[2026-09-26T07:39:01.463+0000] {logging_mixin.py:190} INFO - [2026-09-26T07:39:01.463+0000] {dag.py:3239} INFO - Sync 1 DAGs
[2026-09-26T07:39:01.478+0000] {logging_mixin.py:190} INFO - [2026-09-26T07:39:01.478+0000] {dag.py:4180} INFO - Setting next_dagrun for comptage_dag to 2026-09-26 00:00:00+00:00, run_after=2026-09-27 00:00:00+00:00
[2026-09-26T07:39:01.489+0000] {processor.py:208} INFO - Processing /opt/airflow/dags/comptage_dag.py took 0.056 seconds
[2026-09-26T07:39:31.647+0000] {processor.py:186} INFO - Started process (PID=3011) to work on /opt/airflow/dags/comptage_dag.py
[2026-09-26T07:39:31.653+0000] {processor.py:914} INFO - Processing file /opt/airflow/dags/comptage_dag.py for tasks to queue
[2026-09-26T07:39:31.655+0000] {logging_mixin.py:190} INFO - [2026-09-26T07:39:31.655+0000] {dagbag.py:588} INFO - Filling up the DagBag from /opt/airflow/dags/comptage_dag.py
[2026-09-26T07:39:31.661+0000] {processor.py:925} INFO - DAG(s) 'comptage_dag' retrieved from /opt/airflow/dags/comptage_dag.py
[2026-09-26T07:39:31.676+0000] {logging_mixin.py:190} INFO - [2026-09-26T07:39:31.676+0000] {dag.py:3239} INFO - Sync 1 DAGs
[2026-09-26T07:39:31.692+0000] {logging_mixin.py:190} INFO - [2026-09-26T07:39:31.692+0000] {dag.py:4180} INFO - Setting next_dagrun for comptage_dag to 2026-09-26 00:00:00+00:00, run_after=2026-09-27 00:00:00+00:00
[2026-09-26T07:39:31.703+0000] {processor.py:208} INFO - Processing /opt/airflow/dags/comptage_dag.py took 0.060 seconds
[2026-09-26T07:40:01.898+0000] {processor.py:186} INFO - Started process (PID=3028) to work on /opt/airflow/dags/comptage_dag.py
[2026-09-26T07:40:01.898+0000] {processor.py:914} INFO - Processing file /opt/airflow/dags/comptage_dag.py for tasks to queue
[2026-09-26T07:40:01.900+0000] {logging_mixin.py:190} INFO - [2026-09-26T07:40:01.899+0000] {dagbag.py:588} INFO - Filling up the DagBag from /opt/airflow/dags/comptage_dag.py
[2026-09-26T07:40:01.906+0000] {processor.py:925} INFO - DAG(s) 'comptage_dag' retrieved from /opt/airflow/dags/comptage_dag.py
[2026-09-26T07:40:01.920+0000] {logging_mixin.py:190} INFO - [2026-09-26T07:40:01.919+0000] {dag.py:3239} INFO - Sync 1 DAGs
[2026-09-26T07:40:01.934+0000] {logging_mixin.py:190} INFO - [2026-09-26T07:40:01.934+0000] {dag.py:4180} INFO - Setting next_dagrun for comptage_dag to 2026-09-26 00:00:00+00:00, run_after=2026-09-27 00:00:00+00:00
[2026-09-26T07:40:01.944+0000] {processor.py:208} INFO - Processing /opt/airflow/dags/comptage_dag.py took 0.051 seconds
[2026-09-26T07:40:32.141+0000] {processor.py:186} INFO - Started process (PID=3053) to work on /opt/airflow/dags/comptage_dag.py
[2026-09-26T07:40:32.142+0000] {processor.py:914} INFO - Processing file /opt/airflow/dags/comptage_dag.py for tasks to queue
[2026-09-26T07:40:32.147+0000] {logging_mixin.py:190} INFO - [2026-09-26T07:40:32.146+0000] {dagbag.py:588} INFO - Filling up the DagBag from /opt/airflow/dags/comptage_dag.py
[2026-09-26T07:40:32.160+0000] {processor.py:925} INFO - DAG(s) 'comptage_dag' retrieved from /opt/airflow/dags/comptage_dag.py
[2026-09-26T07:40:32.224+0000] {logging_mixin.py:190} INFO - [2026-09-26T07:40:32.223+0000] {dag.py:3239} INFO - Sync 1 DAGs
[2026-09-26T07:40:32.285+0000] {logging_mixin.py:190} INFO - [2026-09-26T07:40:32.284+0000] {dag.py:4180} INFO - Setting next_dagrun for comptage_dag to 2026-09-26 00:00:00+00:00, run_after=2026-09-27 00:00:00+00:00
[2026-09-26T07:40:32.315+0000] {processor.py:208} INFO - Processing /opt/airflow/dags/comptage_dag.py took 0.185 seconds
[2026-09-26T07:41:02.461+0000] {processor.py:186} INFO - Started process (PID=3070) to work on /opt/airflow/dags/comptage_dag.py
[2026-09-26T07:41:02.462+0000] {processor.py:914} INFO - Processing file /opt/airflow/dags/comptage_dag.py for tasks to queue
[2026-09-26T07:41:02.464+0000] {logging_mixin.py:190} INFO - [2026-09-26T07:41:02.463+0000] {dagbag.py:588} INFO - Filling up the DagBag from /opt/airflow/dags/comptage_dag.py
[2026-09-26T07:41:02.475+0000] {processor.py:925} INFO - DAG(s) 'comptage_dag' retrieved from /opt/airflow/dags/comptage_dag.py
[2026-09-26T07:41:02.494+0000] {logging_mixin.py:190} INFO - [2026-09-26T07:41:02.493+0000] {dag.py:3239} INFO - Sync 1 DAGs
[2026-09-26T07:41:02.512+0000] {logging_mixin.py:190} INFO - [2026-09-26T07:41:02.512+0000] {dag.py:4180} INFO - Setting next_dagrun for comptage_dag to 2026-09-26 00:00:00+00:00, run_after=2026-09-27 00:00:00+00:00
[2026-09-26T07:41:02.525+0000] {processor.py:208} INFO - Processing /opt/airflow/dags/comptage_dag.py took 0.068 seconds
[2026-09-26T07:41:32.597+0000] {processor.py:186} INFO - Started process (PID=3094) to work on /opt/airflow/dags/comptage_dag.py
[2026-09-26T07:41:32.598+0000] {processor.py:914} INFO - Processing file /opt/airflow/dags/comptage_dag.py for tasks to queue
[2026-09-26T07:41:32.602+0000] {logging_mixin.py:190} INFO - [2026-09-26T07:41:32.601+0000] {dagbag.py:588} INFO - Filling up the DagBag from /opt/airflow/dags/comptage_dag.py
[2026-09-26T07:41:32.613+0000] {processor.py:925} INFO - DAG(s) 'comptage_dag' retrieved from /opt/airflow/dags/comptage_dag.py
[2026-09-26T07:41:32.640+0000] {logging_mixin.py:190} INFO - [2026-09-26T07:41:32.640+0000] {dag.py:3239} INFO - Sync 1 DAGs
[2026-09-26T07:41:32.660+0000] {logging_mixin.py:190} INFO - [2026-09-26T07:41:32.660+0000] {dag.py:4180} INFO - Setting next_dagrun for comptage_dag to 2026-09-26 00:00:00+00:00, run_after=2026-09-27 00:00:00+00:00
[2026-09-26T07:41:32.672+0000] {processor.py:208} INFO - Processing /opt/airflow/dags/comptage_dag.py took 0.080 seconds
[2026-09-26T07:41:35.662+0000] {processor.py:186} INFO - Started process (PID=3096) to work on /opt/airflow/dags/comptage_dag.py
[2026-09-26T07:41:35.663+0000] {processor.py:914} INFO - Processing file /opt/airflow/dags/comptage_dag.py for tasks to queue
[2026-09-26T07:41:35.665+0000] {logging_mixin.py:190} INFO - [2026-09-26T07:41:35.665+0000] {dagbag.py:588} INFO - Filling up the DagBag from /opt/airflow/dags/comptage_dag.py
[2026-09-26T07:41:35.677+0000] {processor.py:925} INFO - DAG(s) 'comptage_dag' retrieved from /opt/airflow/dags/comptage_dag.py
[2026-09-26T07:41:35.845+0000] {logging_mixin.py:190} INFO - [2026-09-26T07:41:35.845+0000] {dag.py:3239} INFO - Sync 1 DAGs
[2026-09-26T07:41:35.866+0000] {logging_mixin.py:190} INFO - [2026-09-26T07:41:35.866+0000] {dag.py:4180} INFO - Setting next_dagrun for comptage_dag to 2026-09-26 00:00:00+00:00, run_after=2026-09-27 00:00:00+00:00
[2026-09-26T07:41:35.885+0000] {processor.py:208} INFO - Processing /opt/airflow/dags/comptage_dag.py took 0.228 seconds
[2026-09-26T07:42:05.991+0000] {processor.py:186} INFO - Started process (PID=3113) to work on /opt/airflow/dags/comptage_dag.py
[2026-09-26T07:42:05.992+0000] {processor.py:914} INFO - Processing file /opt/airflow/dags/comptage_dag.py for tasks to queue
[2026-09-26T07:42:05.994+0000] {logging_mixin.py:190} INFO - [2026-09-26T07:42:05.994+0000] {dagbag.py:588} INFO - Filling up the DagBag from /opt/airflow/dags/comptage_dag.py
[2026-09-26T07:42:06.002+0000] {processor.py:925} INFO - DAG(s) 'comptage_dag' retrieved from /opt/airflow/dags/comptage_dag.py
[2026-09-26T07:42:06.020+0000] {logging_mixin.py:190} INFO - [2026-09-26T07:42:06.020+0000] {dag.py:3239} INFO - Sync 1 DAGs
[2026-09-26T07:42:06.038+0000] {logging_mixin.py:190} INFO - [2026-09-26T07:42:06.038+0000] {dag.py:4180} INFO - Setting next_dagrun for comptage_dag to 2026-09-26 00:00:00+00:00, run_after=2026-09-27 00:00:00+00:00
[2026-09-26T07:42:06.051+0000] {processor.py:208} INFO - Processing /opt/airflow/dags/comptage_dag.py took 0.064 seconds
[2026-09-26T07:42:36.116+0000] {processor.py:186} INFO - Started process (PID=3138) to work on /opt/airflow/dags/comptage_dag.py
[2026-09-26T07:42:36.117+0000] {processor.py:914} INFO - Processing file /opt/airflow/dags/comptage_dag.py for tasks to queue
[2026-09-26T07:42:36.119+0000] {logging_mixin.py:190} INFO - [2026-09-26T07:42:36.118+0000] {dagbag.py:588} INFO - Filling up the DagBag from /opt/airflow/dags/comptage_dag.py
[2026-09-26T07:42:36.127+0000] {processor.py:925} INFO - DAG(s) 'comptage_dag' retrieved from /opt/airflow/dags/comptage_dag.py
[2026-09-26T07:42:36.146+0000] {logging_mixin.py:190} INFO - [2026-09-26T07:42:36.146+0000] {dag.py:3239} INFO - Sync 1 DAGs
[2026-09-26T07:42:36.167+0000] {logging_mixin.py:190} INFO - [2026-09-26T07:42:36.167+0000] {dag.py:4180} INFO - Setting next_dagrun for comptage_dag to 2026-09-26 00:00:00+00:00, run_after=2026-09-27 00:00:00+00:00
[2026-09-26T07:42:36.182+0000] {processor.py:208} INFO - Processing /opt/airflow/dags/comptage_dag.py took 0.071 seconds
[2026-09-26T07:43:06.287+0000] {processor.py:186} INFO - Started process (PID=3155) to work on /opt/airflow/dags/comptage_dag.py
[2026-09-26T07:43:06.287+0000] {processor.py:914} INFO - Processing file /opt/airflow/dags/comptage_dag.py for tasks to queue
[2026-09-26T07:43:06.289+0000] {logging_mixin.py:190} INFO - [2026-09-26T07:43:06.289+0000] {dagbag.py:588} INFO - Filling up the DagBag from /opt/airflow/dags/comptage_dag.py
[2026-09-26T07:43:06.299+0000] {processor.py:925} INFO - DAG(s) 'comptage_dag' retrieved from /opt/airflow/dags/comptage_dag.py
[2026-09-26T07:43:06.317+0000] {logging_mixin.py:190} INFO - [2026-09-26T07:43:06.317+0000] {dag.py:3239} INFO - Sync 1 DAGs
[2026-09-26T07:43:06.336+0000] {logging_mixin.py:190} INFO - [2026-09-26T07:43:06.336+0000] {dag.py:4180} INFO - Setting next_dagrun for comptage_dag to 2026-09-26 00:00:00+00:00, run_after=2026-09-27 00:00:00+00:00
[2026-09-26T07:43:06.350+0000] {processor.py:208} INFO - Processing /opt/airflow/dags/comptage_dag.py took 0.068 seconds
[2026-09-26T07:43:36.411+0000] {processor.py:186} INFO - Started process (PID=3180) to work on /opt/airflow/dags/comptage_dag.py
[2026-09-26T07:43:36.412+0000] {processor.py:914} INFO - Processing file /opt/airflow/dags/comptage_dag.py for tasks to queue
[2026-09-26T07:43:36.414+0000] {logging_mixin.py:190} INFO - [2026-09-26T07:43:36.414+0000] {dagbag.py:588} INFO - Filling up the DagBag from /opt/airflow/dags/comptage_dag.py
[2026-09-26T07:43:36.426+0000] {processor.py:925} INFO - DAG(s) 'comptage_dag' retrieved from /opt/airflow/dags/comptage_dag.py
[2026-09-26T07:43:36.448+0000] {logging_mixin.py:190} INFO - [2026-09-26T07:43:36.447+0000] {dag.py:3239} INFO - Sync 1 DAGs
[2026-09-26T07:43:36.467+0000] {logging_mixin.py:190} INFO - [2026-09-26T07:43:36.467+0000] {dag.py:4180} INFO - Setting next_dagrun for comptage_dag to 2026-09-26 00:00:00+00:00, run_after=2026-09-27 00:00:00+00:00
[2026-09-26T07:43:36.481+0000] {processor.py:208} INFO - Processing /opt/airflow/dags/comptage_dag.py took 0.076 seconds
[2026-09-26T07:44:06.600+0000] {processor.py:186} INFO - Started process (PID=3198) to work on /opt/airflow/dags/comptage_dag.py
[2026-09-26T07:44:06.606+0000] {processor.py:914} INFO - Processing file /opt/airflow/dags/comptage_dag.py for tasks to queue
[2026-09-26T07:44:06.608+0000] {logging_mixin.py:190} INFO - [2026-09-26T07:44:06.607+0000] {dagbag.py:588} INFO - Filling up the DagBag from /opt/airflow/dags/comptage_dag.py
[2026-09-26T07:44:06.616+0000] {processor.py:925} INFO - DAG(s) 'comptage_dag' retrieved from /opt/airflow/dags/comptage_dag.py
[2026-09-26T07:44:06.632+0000] {logging_mixin.py:190} INFO - [2026-09-26T07:44:06.632+0000] {dag.py:3239} INFO - Sync 1 DAGs
[2026-09-26T07:44:06.649+0000] {logging_mixin.py:190} INFO - [2026-09-26T07:44:06.649+0000] {dag.py:4180} INFO - Setting next_dagrun for comptage_dag to 2026-09-26 00:00:00+00:00, run_after=2026-09-27 00:00:00+00:00
[2026-09-26T07:44:06.660+0000] {processor.py:208} INFO - Processing /opt/airflow/dags/comptage_dag.py took 0.063 seconds
[2026-09-26T07:44:36.726+0000] {processor.py:186} INFO - Started process (PID=3221) to work on /opt/airflow/dags/comptage_dag.py
[2026-09-26T07:44:36.726+0000] {processor.py:914} INFO - Processing file /opt/airflow/dags/comptage_dag.py for tasks to queue
[2026-09-26T07:44:36.729+0000] {logging_mixin.py:190} INFO - [2026-09-26T07:44:36.728+0000] {dagbag.py:588} INFO - Filling up the DagBag from /opt/airflow/dags/comptage_dag.py
[2026-09-26T07:44:36.736+0000] {processor.py:925} INFO - DAG(s) 'comptage_dag' retrieved from /opt/airflow/dags/comptage_dag.py
[2026-09-26T07:44:36.752+0000] {logging_mixin.py:190} INFO - [2026-09-26T07:44:36.752+0000] {dag.py:3239} INFO - Sync 1 DAGs
[2026-09-26T07:44:36.769+0000] {logging_mixin.py:190} INFO - [2026-09-26T07:44:36.769+0000] {dag.py:4180} INFO - Setting next_dagrun for comptage_dag to 2026-09-26 00:00:00+00:00, run_after=2026-09-27 00:00:00+00:00
[2026-09-26T07:44:36.780+0000] {processor.py:208} INFO - Processing /opt/airflow/dags/comptage_dag.py took 0.058 seconds
[2026-09-26T07:45:06.879+0000] {processor.py:186} INFO - Started process (PID=3239) to work on /opt/airflow/dags/comptage_dag.py
[2026-09-26T07:45:06.884+0000] {processor.py:914} INFO - Processing file /opt/airflow/dags/comptage_dag.py for tasks to queue
[2026-09-26T07:45:06.886+0000] {logging_mixin.py:190} INFO - [2026-09-26T07:45:06.886+0000] {dagbag.py:588} INFO - Filling up the DagBag from /opt/airflow/dags/comptage_dag.py
[2026-09-26T07:45:06.893+0000] {processor.py:925} INFO - DAG(s) 'comptage_dag' retrieved from /opt/airflow/dags/comptage_dag.py
[2026-09-26T07:45:06.909+0000] {logging_mixin.py:190} INFO - [2026-09-26T07:45:06.909+0000] {dag.py:3239} INFO - Sync 1 DAGs
[2026-09-26T07:45:06.926+0000] {logging_mixin.py:190} INFO - [2026-09-26T07:45:06.926+0000] {dag.py:4180} INFO - Setting next_dagrun for comptage_dag to 2026-09-26 00:00:00+00:00, run_after=2026-09-27 00:00:00+00:00
[2026-09-26T07:45:06.938+0000] {processor.py:208} INFO - Processing /opt/airflow/dags/comptage_dag.py took 0.063 seconds
[2026-09-26T07:45:36.995+0000] {processor.py:186} INFO - Started process (PID=3256) to work on /opt/airflow/dags/comptage_dag.py
[2026-09-26T07:45:36.995+0000] {processor.py:914} INFO - Processing file /opt/airflow/dags/comptage_dag.py for tasks to queue
[2026-09-26T07:45:36.997+0000] {logging_mixin.py:190} INFO - [2026-09-26T07:45:36.997+0000] {dagbag.py:588} INFO - Filling up the DagBag from /opt/airflow/dags/comptage_dag.py
[2026-09-26T07:45:37.004+0000] {processor.py:925} INFO - DAG(s) 'comptage_dag' retrieved from /opt/airflow/dags/comptage_dag.py
[2026-09-26T07:45:37.019+0000] {logging_mixin.py:190} INFO - [2026-09-26T07:45:37.019+0000] {dag.py:3239} INFO - Sync 1 DAGs
[2026-09-26T07:45:37.036+0000] {logging_mixin.py:190} INFO - [2026-09-26T07:45:37.036+0000] {dag.py:4180} INFO - Setting next_dagrun for comptage_dag to 2026-09-26 00:00:00+00:00, run_after=2026-09-27 00:00:00+00:00
[2026-09-26T07:45:37.049+0000] {processor.py:208} INFO - Processing /opt/airflow/dags/comptage_dag.py took 0.058 seconds
[2026-09-26T07:46:07.168+0000] {processor.py:186} INFO - Started process (PID=3281) to work on /opt/airflow/dags/comptage_dag.py
[2026-09-26T07:46:07.169+0000] {processor.py:914} INFO - Processing file /opt/airflow/dags/comptage_dag.py for tasks to queue
[2026-09-26T07:46:07.171+0000] {logging_mixin.py:190} INFO - [2026-09-26T07:46:07.170+0000] {dagbag.py:588} INFO - Filling up the DagBag from /opt/airflow/dags/comptage_dag.py
[2026-09-26T07:46:07.178+0000] {processor.py:925} INFO - DAG(s) 'comptage_dag' retrieved from /opt/airflow/dags/comptage_dag.py
[2026-09-26T07:46:07.194+0000] {logging_mixin.py:190} INFO - [2026-09-26T07:46:07.194+0000] {dag.py:3239} INFO - Sync 1 DAGs
[2026-09-26T07:46:07.212+0000] {logging_mixin.py:190} INFO - [2026-09-26T07:46:07.212+0000] {dag.py:4180} INFO - Setting next_dagrun for comptage_dag to 2026-09-26 00:00:00+00:00, run_after=2026-09-27 00:00:00+00:00
[2026-09-26T07:46:07.224+0000] {processor.py:208} INFO - Processing /opt/airflow/dags/comptage_dag.py took 0.060 seconds
[2026-09-26T07:46:37.282+0000] {processor.py:186} INFO - Started process (PID=3298) to work on /opt/airflow/dags/comptage_dag.py
[2026-09-26T07:46:37.283+0000] {processor.py:914} INFO - Processing file /opt/airflow/dags/comptage_dag.py for tasks to queue
[2026-09-26T07:46:37.284+0000] {logging_mixin.py:190} INFO - [2026-09-26T07:46:37.284+0000] {dagbag.py:588} INFO - Filling up the DagBag from /opt/airflow/dags/comptage_dag.py
[2026-09-26T07:46:37.292+0000] {processor.py:925} INFO - DAG(s) 'comptage_dag' retrieved from /opt/airflow/dags/comptage_dag.py
[2026-09-26T07:46:37.310+0000] {logging_mixin.py:190} INFO - [2026-09-26T07:46:37.309+0000] {dag.py:3239} INFO - Sync 1 DAGs
[2026-09-26T07:46:37.326+0000] {logging_mixin.py:190} INFO - [2026-09-26T07:46:37.326+0000] {dag.py:4180} INFO - Setting next_dagrun for comptage_dag to 2026-09-26 00:00:00+00:00, run_after=2026-09-27 00:00:00+00:00
[2026-09-26T07:46:37.338+0000] {processor.py:208} INFO - Processing /opt/airflow/dags/comptage_dag.py took 0.061 seconds
[2026-09-26T07:47:07.457+0000] {processor.py:186} INFO - Started process (PID=3323) to work on /opt/airflow/dags/comptage_dag.py
[2026-09-26T07:47:07.458+0000] {processor.py:914} INFO - Processing file /opt/airflow/dags/comptage_dag.py for tasks to queue
[2026-09-26T07:47:07.460+0000] {logging_mixin.py:190} INFO - [2026-09-26T07:47:07.459+0000] {dagbag.py:588} INFO - Filling up the DagBag from /opt/airflow/dags/comptage_dag.py
[2026-09-26T07:47:07.469+0000] {processor.py:925} INFO - DAG(s) 'comptage_dag' retrieved from /opt/airflow/dags/comptage_dag.py
[2026-09-26T07:47:07.487+0000] {logging_mixin.py:190} INFO - [2026-09-26T07:47:07.487+0000] {dag.py:3239} INFO - Sync 1 DAGs
[2026-09-26T07:47:07.507+0000] {logging_mixin.py:190} INFO - [2026-09-26T07:47:07.506+0000] {dag.py:4180} INFO - Setting next_dagrun for comptage_dag to 2026-09-26 00:00:00+00:00, run_after=2026-09-27 00:00:00+00:00
[2026-09-26T07:47:07.518+0000] {processor.py:208} INFO - Processing /opt/airflow/dags/comptage_dag.py took 0.067 seconds
[2026-09-26T07:47:37.583+0000] {processor.py:186} INFO - Started process (PID=3340) to work on /opt/airflow/dags/comptage_dag.py
[2026-09-26T07:47:37.584+0000] {processor.py:914} INFO - Processing file /opt/airflow/dags/comptage_dag.py for tasks to queue
[2026-09-26T07:47:37.585+0000] {logging_mixin.py:190} INFO - [2026-09-26T07:47:37.585+0000] {dagbag.py:588} INFO - Filling up the DagBag from /opt/airflow/dags/comptage_dag.py
[2026-09-26T07:47:37.593+0000] {processor.py:925} INFO - DAG(s) 'comptage_dag' retrieved from /opt/airflow/dags/comptage_dag.py
[2026-09-26T07:47:37.610+0000] {logging_mixin.py:190} INFO - [2026-09-26T07:47:37.610+0000] {dag.py:3239} INFO - Sync 1 DAGs
[2026-09-26T07:47:37.627+0000] {logging_mixin.py:190} INFO - [2026-09-26T07:47:37.627+0000] {dag.py:4180} INFO - Setting next_dagrun for comptage_dag to 2026-09-26 00:00:00+00:00, run_after=2026-09-27 00:00:00+00:00
[2026-09-26T07:47:37.639+0000] {processor.py:208} INFO - Processing /opt/airflow/dags/comptage_dag.py took 0.061 seconds
[2026-09-26T07:48:07.746+0000] {processor.py:186} INFO - Started process (PID=3365) to work on /opt/airflow/dags/comptage_dag.py
[2026-09-26T07:48:07.746+0000] {processor.py:914} INFO - Processing file /opt/airflow/dags/comptage_dag.py for tasks to queue
[2026-09-26T07:48:07.748+0000] {logging_mixin.py:190} INFO - [2026-09-26T07:48:07.748+0000] {dagbag.py:588} INFO - Filling up the DagBag from /opt/airflow/dags/comptage_dag.py
[2026-09-26T07:48:07.755+0000] {processor.py:925} INFO - DAG(s) 'comptage_dag' retrieved from /opt/airflow/dags/comptage_dag.py
[2026-09-26T07:48:07.771+0000] {logging_mixin.py:190} INFO - [2026-09-26T07:48:07.771+0000] {dag.py:3239} INFO - Sync 1 DAGs
[2026-09-26T07:48:07.789+0000] {logging_mixin.py:190} INFO - [2026-09-26T07:48:07.789+0000] {dag.py:4180} INFO - Setting next_dagrun for comptage_dag to 2026-09-26 00:00:00+00:00, run_after=2026-09-27 00:00:00+00:00
[2026-09-26T07:48:07.803+0000] {processor.py:208} INFO - Processing /opt/airflow/dags/comptage_dag.py took 0.062 seconds
[2026-09-26T07:48:37.873+0000] {processor.py:186} INFO - Started process (PID=3382) to work on /opt/airflow/dags/comptage_dag.py
[2026-09-26T07:48:37.878+0000] {processor.py:914} INFO - Processing file /opt/airflow/dags/comptage_dag.py for tasks to queue
[2026-09-26T07:48:37.880+0000] {logging_mixin.py:190} INFO - [2026-09-26T07:48:37.880+0000] {dagbag.py:588} INFO - Filling up the DagBag from /opt/airflow/dags/comptage_dag.py
[2026-09-26T07:48:37.887+0000] {processor.py:925} INFO - DAG(s) 'comptage_dag' retrieved from /opt/airflow/dags/comptage_dag.py
[2026-09-26T07:48:37.905+0000] {logging_mixin.py:190} INFO - [2026-09-26T07:48:37.905+0000] {dag.py:3239} INFO - Sync 1 DAGs
[2026-09-26T07:48:37.923+0000] {logging_mixin.py:190} INFO - [2026-09-26T07:48:37.923+0000] {dag.py:4180} INFO - Setting next_dagrun for comptage_dag to 2026-09-26 00:00:00+00:00, run_after=2026-09-27 00:00:00+00:00
[2026-09-26T07:48:37.935+0000] {processor.py:208} INFO - Processing /opt/airflow/dags/comptage_dag.py took 0.066 seconds
[2026-09-26T07:49:08.069+0000] {processor.py:186} INFO - Started process (PID=3407) to work on /opt/airflow/dags/comptage_dag.py
[2026-09-26T07:49:08.070+0000] {processor.py:914} INFO - Processing file /opt/airflow/dags/comptage_dag.py for tasks to queue
[2026-09-26T07:49:08.071+0000] {logging_mixin.py:190} INFO - [2026-09-26T07:49:08.071+0000] {dagbag.py:588} INFO - Filling up the DagBag from /opt/airflow/dags/comptage_dag.py
[2026-09-26T07:49:08.080+0000] {processor.py:925} INFO - DAG(s) 'comptage_dag' retrieved from /opt/airflow/dags/comptage_dag.py
[2026-09-26T07:49:08.099+0000] {logging_mixin.py:190} INFO - [2026-09-26T07:49:08.099+0000] {dag.py:3239} INFO - Sync 1 DAGs
[2026-09-26T07:49:08.117+0000] {logging_mixin.py:190} INFO - [2026-09-26T07:49:08.117+0000] {dag.py:4180} INFO - Setting next_dagrun for comptage_dag to 2026-09-26 00:00:00+00:00, run_after=2026-09-27 00:00:00+00:00
[2026-09-26T07:49:08.130+0000] {processor.py:208} INFO - Processing /opt/airflow/dags/comptage_dag.py took 0.066 seconds
[2026-09-26T07:49:38.186+0000] {processor.py:186} INFO - Started process (PID=3424) to work on /opt/airflow/dags/comptage_dag.py
[2026-09-26T07:49:38.187+0000] {processor.py:914} INFO - Processing file /opt/airflow/dags/comptage_dag.py for tasks to queue
[2026-09-26T07:49:38.189+0000] {logging_mixin.py:190} INFO - [2026-09-26T07:49:38.188+0000] {dagbag.py:588} INFO - Filling up the DagBag from /opt/airflow/dags/comptage_dag.py
[2026-09-26T07:49:38.197+0000] {processor.py:925} INFO - DAG(s) 'comptage_dag' retrieved from /opt/airflow/dags/comptage_dag.py
[2026-09-26T07:49:38.213+0000] {logging_mixin.py:190} INFO - [2026-09-26T07:49:38.213+0000] {dag.py:3239} INFO - Sync 1 DAGs
[2026-09-26T07:49:38.231+0000] {logging_mixin.py:190} INFO - [2026-09-26T07:49:38.231+0000] {dag.py:4180} INFO - Setting next_dagrun for comptage_dag to 2026-09-26 00:00:00+00:00, run_after=2026-09-27 00:00:00+00:00
[2026-09-26T07:49:38.242+0000] {processor.py:208} INFO - Processing /opt/airflow/dags/comptage_dag.py took 0.061 seconds
[2026-09-26T07:50:08.361+0000] {processor.py:186} INFO - Started process (PID=3449) to work on /opt/airflow/dags/comptage_dag.py
[2026-09-26T07:50:08.361+0000] {processor.py:914} INFO - Processing file /opt/airflow/dags/comptage_dag.py for tasks to queue
[2026-09-26T07:50:08.363+0000] {logging_mixin.py:190} INFO - [2026-09-26T07:50:08.363+0000] {dagbag.py:588} INFO - Filling up the DagBag from /opt/airflow/dags/comptage_dag.py
[2026-09-26T07:50:08.371+0000] {processor.py:925} INFO - DAG(s) 'comptage_dag' retrieved from /opt/airflow/dags/comptage_dag.py
[2026-09-26T07:50:08.388+0000] {logging_mixin.py:190} INFO - [2026-09-26T07:50:08.388+0000] {dag.py:3239} INFO - Sync 1 DAGs
[2026-09-26T07:50:08.404+0000] {logging_mixin.py:190} INFO - [2026-09-26T07:50:08.404+0000] {dag.py:4180} INFO - Setting next_dagrun for comptage_dag to 2026-09-26 00:00:00+00:00, run_after=2026-09-27 00:00:00+00:00
[2026-09-26T07:50:08.416+0000] {processor.py:208} INFO - Processing /opt/airflow/dags/comptage_dag.py took 0.059 seconds
[2026-09-26T07:50:38.481+0000] {processor.py:186} INFO - Started process (PID=3466) to work on /opt/airflow/dags/comptage_dag.py
[2026-09-26T07:50:38.487+0000] {processor.py:914} INFO - Processing file /opt/airflow/dags/comptage_dag.py for tasks to queue
[2026-09-26T07:50:38.489+0000] {logging_mixin.py:190} INFO - [2026-09-26T07:50:38.489+0000] {dagbag.py:588} INFO - Filling up the DagBag from /opt/airflow/dags/comptage_dag.py
[2026-09-26T07:50:38.498+0000] {processor.py:925} INFO - DAG(s) 'comptage_dag' retrieved from /opt/airflow/dags/comptage_dag.py
[2026-09-26T07:50:38.516+0000] {logging_mixin.py:190} INFO - [2026-09-26T07:50:38.515+0000] {dag.py:3239} INFO - Sync 1 DAGs
[2026-09-26T07:50:38.532+0000] {logging_mixin.py:190} INFO - [2026-09-26T07:50:38.532+0000] {dag.py:4180} INFO - Setting next_dagrun for comptage_dag to 2026-09-26 00:00:00+00:00, run_after=2026-09-27 00:00:00+00:00
[2026-09-26T07:50:38.544+0000] {processor.py:208} INFO - Processing /opt/airflow/dags/comptage_dag.py took 0.067 seconds
[2026-09-26T07:51:08.655+0000] {processor.py:186} INFO - Started process (PID=3491) to work on /opt/airflow/dags/comptage_dag.py
[2026-09-26T07:51:08.655+0000] {processor.py:914} INFO - Processing file /opt/airflow/dags/comptage_dag.py for tasks to queue
[2026-09-26T07:51:08.657+0000] {logging_mixin.py:190} INFO - [2026-09-26T07:51:08.657+0000] {dagbag.py:588} INFO - Filling up the DagBag from /opt/airflow/dags/comptage_dag.py
[2026-09-26T07:51:08.666+0000] {processor.py:925} INFO - DAG(s) 'comptage_dag' retrieved from /opt/airflow/dags/comptage_dag.py
[2026-09-26T07:51:08.681+0000] {logging_mixin.py:190} INFO - [2026-09-26T07:51:08.681+0000] {dag.py:3239} INFO - Sync 1 DAGs
[2026-09-26T07:51:08.700+0000] {logging_mixin.py:190} INFO - [2026-09-26T07:51:08.699+0000] {dag.py:4180} INFO - Setting next_dagrun for comptage_dag to 2026-09-26 00:00:00+00:00, run_after=2026-09-27 00:00:00+00:00
[2026-09-26T07:51:08.711+0000] {processor.py:208} INFO - Processing /opt/airflow/dags/comptage_dag.py took 0.060 seconds
[2026-09-26T07:51:38.778+0000] {processor.py:186} INFO - Started process (PID=3508) to work on /opt/airflow/dags/comptage_dag.py
[2026-09-26T07:51:38.778+0000] {processor.py:914} INFO - Processing file /opt/airflow/dags/comptage_dag.py for tasks to queue
[2026-09-26T07:51:38.780+0000] {logging_mixin.py:190} INFO - [2026-09-26T07:51:38.780+0000] {dagbag.py:588} INFO - Filling up the DagBag from /opt/airflow/dags/comptage_dag.py
[2026-09-26T07:51:38.787+0000] {processor.py:925} INFO - DAG(s) 'comptage_dag' retrieved from /opt/airflow/dags/comptage_dag.py
[2026-09-26T07:51:38.803+0000] {logging_mixin.py:190} INFO - [2026-09-26T07:51:38.803+0000] {dag.py:3239} INFO - Sync 1 DAGs
[2026-09-26T07:51:38.821+0000] {logging_mixin.py:190} INFO - [2026-09-26T07:51:38.821+0000] {dag.py:4180} INFO - Setting next_dagrun for comptage_dag to 2026-09-26 00:00:00+00:00, run_after=2026-09-27 00:00:00+00:00
[2026-09-26T07:51:38.832+0000] {processor.py:208} INFO - Processing /opt/airflow/dags/comptage_dag.py took 0.059 seconds
[2026-09-26T07:52:08.937+0000] {processor.py:186} INFO - Started process (PID=3533) to work on /opt/airflow/dags/comptage_dag.py
[2026-09-26T07:52:08.938+0000] {processor.py:914} INFO - Processing file /opt/airflow/dags/comptage_dag.py for tasks to queue
[2026-09-26T07:52:08.940+0000] {logging_mixin.py:190} INFO - [2026-09-26T07:52:08.940+0000] {dagbag.py:588} INFO - Filling up the DagBag from /opt/airflow/dags/comptage_dag.py
[2026-09-26T07:52:08.946+0000] {processor.py:925} INFO - DAG(s) 'comptage_dag' retrieved from /opt/airflow/dags/comptage_dag.py
[2026-09-26T07:52:08.961+0000] {logging_mixin.py:190} INFO - [2026-09-26T07:52:08.961+0000] {dag.py:3239} INFO - Sync 1 DAGs
[2026-09-26T07:52:08.978+0000] {logging_mixin.py:190} INFO - [2026-09-26T07:52:08.977+0000] {dag.py:4180} INFO - Setting next_dagrun for comptage_dag to 2026-09-26 00:00:00+00:00, run_after=2026-09-27 00:00:00+00:00
[2026-09-26T07:52:08.989+0000] {processor.py:208} INFO - Processing /opt/airflow/dags/comptage_dag.py took 0.056 seconds
[2026-09-26T07:52:39.053+0000] {processor.py:186} INFO - Started process (PID=3550) to work on /opt/airflow/dags/comptage_dag.py
[2026-09-26T07:52:39.053+0000] {processor.py:914} INFO - Processing file /opt/airflow/dags/comptage_dag.py for tasks to queue
[2026-09-26T07:52:39.054+0000] {logging_mixin.py:190} INFO - [2026-09-26T07:52:39.054+0000] {dagbag.py:588} INFO - Filling up the DagBag from /opt/airflow/dags/comptage_dag.py
[2026-09-26T07:52:39.061+0000] {processor.py:925} INFO - DAG(s) 'comptage_dag' retrieved from /opt/airflow/dags/comptage_dag.py
[2026-09-26T07:52:39.077+0000] {logging_mixin.py:190} INFO - [2026-09-26T07:52:39.077+0000] {dag.py:3239} INFO - Sync 1 DAGs
[2026-09-26T07:52:39.094+0000] {logging_mixin.py:190} INFO - [2026-09-26T07:52:39.094+0000] {dag.py:4180} INFO - Setting next_dagrun for comptage_dag to 2026-09-26 00:00:00+00:00, run_after=2026-09-27 00:00:00+00:00
[2026-09-26T07:52:39.105+0000] {processor.py:208} INFO - Processing /opt/airflow/dags/comptage_dag.py took 0.057 seconds
[2026-09-26T07:53:09.199+0000] {processor.py:186} INFO - Started process (PID=3575) to work on /opt/airflow/dags/comptage_dag.py
[2026-09-26T07:53:09.199+0000] {processor.py:914} INFO - Processing file /opt/airflow/dags/comptage_dag.py for tasks to queue
[2026-09-26T07:53:09.201+0000] {logging_mixin.py:190} INFO - [2026-09-26T07:53:09.201+0000] {dagbag.py:588} INFO - Filling up the DagBag from /opt/airflow/dags/comptage_dag.py
[2026-09-26T07:53:09.209+0000] {processor.py:925} INFO - DAG(s) 'comptage_dag' retrieved from /opt/airflow/dags/comptage_dag.py
[2026-09-26T07:53:09.225+0000] {logging_mixin.py:190} INFO - [2026-09-26T07:53:09.225+0000] {dag.py:3239} INFO - Sync 1 DAGs
[2026-09-26T07:53:09.242+0000] {logging_mixin.py:190} INFO - [2026-09-26T07:53:09.242+0000] {dag.py:4180} INFO - Setting next_dagrun for comptage_dag to 2026-09-26 00:00:00+00:00, run_after=2026-09-27 00:00:00+00:00
[2026-09-26T07:53:09.253+0000] {processor.py:208} INFO - Processing /opt/airflow/dags/comptage_dag.py took 0.059 seconds
[2026-09-26T07:53:39.306+0000] {processor.py:186} INFO - Started process (PID=3592) to work on /opt/airflow/dags/comptage_dag.py
[2026-09-26T07:53:39.306+0000] {processor.py:914} INFO - Processing file /opt/airflow/dags/comptage_dag.py for tasks to queue
[2026-09-26T07:53:39.308+0000] {logging_mixin.py:190} INFO - [2026-09-26T07:53:39.308+0000] {dagbag.py:588} INFO - Filling up the DagBag from /opt/airflow/dags/comptage_dag.py
[2026-09-26T07:53:39.316+0000] {processor.py:925} INFO - DAG(s) 'comptage_dag' retrieved from /opt/airflow/dags/comptage_dag.py
[2026-09-26T07:53:39.334+0000] {logging_mixin.py:190} INFO - [2026-09-26T07:53:39.334+0000] {dag.py:3239} INFO - Sync 1 DAGs
[2026-09-26T07:53:39.351+0000] {logging_mixin.py:190} INFO - [2026-09-26T07:53:39.351+0000] {dag.py:4180} INFO - Setting next_dagrun for comptage_dag to 2026-09-26 00:00:00+00:00, run_after=2026-09-27 00:00:00+00:00
[2026-09-26T07:53:39.363+0000] {processor.py:208} INFO - Processing /opt/airflow/dags/comptage_dag.py took 0.062 seconds
[2026-09-26T07:54:09.482+0000] {processor.py:186} INFO - Started process (PID=3617) to work on /opt/airflow/dags/comptage_dag.py
[2026-09-26T07:54:09.488+0000] {processor.py:914} INFO - Processing file /opt/airflow/dags/comptage_dag.py for tasks to queue
[2026-09-26T07:54:09.490+0000] {logging_mixin.py:190} INFO - [2026-09-26T07:54:09.490+0000] {dagbag.py:588} INFO - Filling up the DagBag from /opt/airflow/dags/comptage_dag.py
[2026-09-26T07:54:09.500+0000] {processor.py:925} INFO - DAG(s) 'comptage_dag' retrieved from /opt/airflow/dags/comptage_dag.py
[2026-09-26T07:54:09.525+0000] {logging_mixin.py:190} INFO - [2026-09-26T07:54:09.525+0000] {dag.py:3239} INFO - Sync 1 DAGs
[2026-09-26T07:54:09.546+0000] {logging_mixin.py:190} INFO - [2026-09-26T07:54:09.545+0000] {dag.py:4180} INFO - Setting next_dagrun for comptage_dag to 2026-09-26 00:00:00+00:00, run_after=2026-09-27 00:00:00+00:00
[2026-09-26T07:54:09.561+0000] {processor.py:208} INFO - Processing /opt/airflow/dags/comptage_dag.py took 0.084 seconds
[2026-09-26T07:54:39.603+0000] {processor.py:186} INFO - Started process (PID=3634) to work on /opt/airflow/dags/comptage_dag.py
[2026-09-26T07:54:39.604+0000] {processor.py:914} INFO - Processing file /opt/airflow/dags/comptage_dag.py for tasks to queue
[2026-09-26T07:54:39.606+0000] {logging_mixin.py:190} INFO - [2026-09-26T07:54:39.606+0000] {dagbag.py:588} INFO - Filling up the DagBag from /opt/airflow/dags/comptage_dag.py
[2026-09-26T07:54:39.615+0000] {processor.py:925} INFO - DAG(s) 'comptage_dag' retrieved from /opt/airflow/dags/comptage_dag.py
[2026-09-26T07:54:39.634+0000] {logging_mixin.py:190} INFO - [2026-09-26T07:54:39.634+0000] {dag.py:3239} INFO - Sync 1 DAGs
[2026-09-26T07:54:39.654+0000] {logging_mixin.py:190} INFO - [2026-09-26T07:54:39.654+0000] {dag.py:4180} INFO - Setting next_dagrun for comptage_dag to 2026-09-26 00:00:00+00:00, run_after=2026-09-27 00:00:00+00:00
[2026-09-26T07:54:39.674+0000] {processor.py:208} INFO - Processing /opt/airflow/dags/comptage_dag.py took 0.076 seconds
[2026-09-26T07:55:09.787+0000] {processor.py:186} INFO - Started process (PID=3658) to work on /opt/airflow/dags/comptage_dag.py
[2026-09-26T07:55:09.793+0000] {processor.py:914} INFO - Processing file /opt/airflow/dags/comptage_dag.py for tasks to queue
[2026-09-26T07:55:09.794+0000] {logging_mixin.py:190} INFO - [2026-09-26T07:55:09.794+0000] {dagbag.py:588} INFO - Filling up the DagBag from /opt/airflow/dags/comptage_dag.py
[2026-09-26T07:55:09.801+0000] {processor.py:925} INFO - DAG(s) 'comptage_dag' retrieved from /opt/airflow/dags/comptage_dag.py
[2026-09-26T07:55:09.817+0000] {logging_mixin.py:190} INFO - [2026-09-26T07:55:09.817+0000] {dag.py:3239} INFO - Sync 1 DAGs
[2026-09-26T07:55:09.835+0000] {logging_mixin.py:190} INFO - [2026-09-26T07:55:09.835+0000] {dag.py:4180} INFO - Setting next_dagrun for comptage_dag to 2026-09-26 00:00:00+00:00, run_after=2026-09-27 00:00:00+00:00
[2026-09-26T07:55:09.848+0000] {processor.py:208} INFO - Processing /opt/airflow/dags/comptage_dag.py took 0.066 seconds
[2026-09-26T07:55:39.916+0000] {processor.py:186} INFO - Started process (PID=3676) to work on /opt/airflow/dags/comptage_dag.py
[2026-09-26T07:55:39.916+0000] {processor.py:914} INFO - Processing file /opt/airflow/dags/comptage_dag.py for tasks to queue
[2026-09-26T07:55:39.918+0000] {logging_mixin.py:190} INFO - [2026-09-26T07:55:39.917+0000] {dagbag.py:588} INFO - Filling up the DagBag from /opt/airflow/dags/comptage_dag.py
[2026-09-26T07:55:39.928+0000] {processor.py:925} INFO - DAG(s) 'comptage_dag' retrieved from /opt/airflow/dags/comptage_dag.py
[2026-09-26T07:55:39.948+0000] {logging_mixin.py:190} INFO - [2026-09-26T07:55:39.948+0000] {dag.py:3239} INFO - Sync 1 DAGs
[2026-09-26T07:55:39.965+0000] {logging_mixin.py:190} INFO - [2026-09-26T07:55:39.965+0000] {dag.py:4180} INFO - Setting next_dagrun for comptage_dag to 2026-09-26 00:00:00+00:00, run_after=2026-09-27 00:00:00+00:00
[2026-09-26T07:55:39.977+0000] {processor.py:208} INFO - Processing /opt/airflow/dags/comptage_dag.py took 0.066 seconds
[2026-09-26T07:56:10.067+0000] {processor.py:186} INFO - Started process (PID=3700) to work on /opt/airflow/dags/comptage_dag.py
[2026-09-26T07:56:10.068+0000] {processor.py:914} INFO - Processing file /opt/airflow/dags/comptage_dag.py for tasks to queue
[2026-09-26T07:56:10.069+0000] {logging_mixin.py:190} INFO - [2026-09-26T07:56:10.069+0000] {dagbag.py:588} INFO - Filling up the DagBag from /opt/airflow/dags/comptage_dag.py
[2026-09-26T07:56:10.076+0000] {processor.py:925} INFO - DAG(s) 'comptage_dag' retrieved from /opt/airflow/dags/comptage_dag.py
[2026-09-26T07:56:10.092+0000] {logging_mixin.py:190} INFO - [2026-09-26T07:56:10.092+0000] {dag.py:3239} INFO - Sync 1 DAGs
[2026-09-26T07:56:10.110+0000] {logging_mixin.py:190} INFO - [2026-09-26T07:56:10.110+0000] {dag.py:4180} INFO - Setting next_dagrun for comptage_dag to 2026-09-26 00:00:00+00:00, run_after=2026-09-27 00:00:00+00:00
[2026-09-26T07:56:10.122+0000] {processor.py:208} INFO - Processing /opt/airflow/dags/comptage_dag.py took 0.060 seconds
[2026-09-26T07:56:40.187+0000] {processor.py:186} INFO - Started process (PID=3718) to work on /opt/airflow/dags/comptage_dag.py
[2026-09-26T07:56:40.187+0000] {processor.py:914} INFO - Processing file /opt/airflow/dags/comptage_dag.py for tasks to queue
[2026-09-26T07:56:40.190+0000] {logging_mixin.py:190} INFO - [2026-09-26T07:56:40.189+0000] {dagbag.py:588} INFO - Filling up the DagBag from /opt/airflow/dags/comptage_dag.py
[2026-09-26T07:56:40.202+0000] {processor.py:925} INFO - DAG(s) 'comptage_dag' retrieved from /opt/airflow/dags/comptage_dag.py
[2026-09-26T07:56:40.225+0000] {logging_mixin.py:190} INFO - [2026-09-26T07:56:40.225+0000] {dag.py:3239} INFO - Sync 1 DAGs
[2026-09-26T07:56:40.247+0000] {logging_mixin.py:190} INFO - [2026-09-26T07:56:40.246+0000] {dag.py:4180} INFO - Setting next_dagrun for comptage_dag to 2026-09-26 00:00:00+00:00, run_after=2026-09-27 00:00:00+00:00
[2026-09-26T07:56:40.258+0000] {processor.py:208} INFO - Processing /opt/airflow/dags/comptage_dag.py took 0.078 seconds
[2026-09-26T07:57:10.345+0000] {processor.py:186} INFO - Started process (PID=3735) to work on /opt/airflow/dags/comptage_dag.py
[2026-09-26T07:57:10.346+0000] {processor.py:914} INFO - Processing file /opt/airflow/dags/comptage_dag.py for tasks to queue
[2026-09-26T07:57:10.351+0000] {logging_mixin.py:190} INFO - [2026-09-26T07:57:10.350+0000] {dagbag.py:588} INFO - Filling up the DagBag from /opt/airflow/dags/comptage_dag.py
[2026-09-26T07:57:10.364+0000] {processor.py:925} INFO - DAG(s) 'comptage_dag' retrieved from /opt/airflow/dags/comptage_dag.py
[2026-09-26T07:57:10.388+0000] {logging_mixin.py:190} INFO - [2026-09-26T07:57:10.387+0000] {dag.py:3239} INFO - Sync 1 DAGs
[2026-09-26T07:57:10.408+0000] {logging_mixin.py:190} INFO - [2026-09-26T07:57:10.408+0000] {dag.py:4180} INFO - Setting next_dagrun for comptage_dag to 2026-09-26 00:00:00+00:00, run_after=2026-09-27 00:00:00+00:00
[2026-09-26T07:57:10.419+0000] {processor.py:208} INFO - Processing /opt/airflow/dags/comptage_dag.py took 0.080 seconds
[2026-09-26T07:57:40.505+0000] {processor.py:186} INFO - Started process (PID=3760) to work on /opt/airflow/dags/comptage_dag.py
[2026-09-26T07:57:40.506+0000] {processor.py:914} INFO - Processing file /opt/airflow/dags/comptage_dag.py for tasks to queue
[2026-09-26T07:57:40.510+0000] {logging_mixin.py:190} INFO - [2026-09-26T07:57:40.508+0000] {dagbag.py:588} INFO - Filling up the DagBag from /opt/airflow/dags/comptage_dag.py
[2026-09-26T07:57:40.529+0000] {processor.py:925} INFO - DAG(s) 'comptage_dag' retrieved from /opt/airflow/dags/comptage_dag.py
[2026-09-26T07:57:40.693+0000] {logging_mixin.py:190} INFO - [2026-09-26T07:57:40.684+0000] {dag.py:3239} INFO - Sync 1 DAGs
[2026-09-26T07:57:40.754+0000] {logging_mixin.py:190} INFO - [2026-09-26T07:57:40.752+0000] {dag.py:4180} INFO - Setting next_dagrun for comptage_dag to 2026-09-26 00:00:00+00:00, run_after=2026-09-27 00:00:00+00:00
[2026-09-26T07:57:40.776+0000] {processor.py:208} INFO - Processing /opt/airflow/dags/comptage_dag.py took 0.278 seconds
[2026-09-26T07:58:11.315+0000] {processor.py:186} INFO - Started process (PID=3777) to work on /opt/airflow/dags/comptage_dag.py
[2026-09-26T07:58:11.372+0000] {processor.py:914} INFO - Processing file /opt/airflow/dags/comptage_dag.py for tasks to queue
[2026-09-26T07:58:11.413+0000] {logging_mixin.py:190} INFO - [2026-09-26T07:58:11.399+0000] {dagbag.py:588} INFO - Filling up the DagBag from /opt/airflow/dags/comptage_dag.py
[2026-09-26T07:58:12.837+0000] {processor.py:925} INFO - DAG(s) 'comptage_dag' retrieved from /opt/airflow/dags/comptage_dag.py
[2026-09-26T07:58:36.601+0000] {logging_mixin.py:190} INFO - [2026-09-26T07:58:36.601+0000] {dag.py:3239} INFO - Sync 1 DAGs
[2026-09-26T07:58:36.650+0000] {logging_mixin.py:190} INFO - [2026-09-26T07:58:36.650+0000] {dag.py:4180} INFO - Setting next_dagrun for comptage_dag to 2026-09-26 00:00:00+00:00, run_after=2026-09-27 00:00:00+00:00
[2026-09-26T07:58:36.691+0000] {processor.py:208} INFO - Processing /opt/airflow/dags/comptage_dag.py took 25.469 seconds
[2026-09-26T07:59:06.846+0000] {processor.py:186} INFO - Started process (PID=3794) to work on /opt/airflow/dags/comptage_dag.py
[2026-09-26T07:59:06.847+0000] {processor.py:914} INFO - Processing file /opt/airflow/dags/comptage_dag.py for tasks to queue
[2026-09-26T07:59:06.848+0000] {logging_mixin.py:190} INFO - [2026-09-26T07:59:06.848+0000] {dagbag.py:588} INFO - Filling up the DagBag from /opt/airflow/dags/comptage_dag.py
[2026-09-26T07:59:06.857+0000] {processor.py:925} INFO - DAG(s) 'comptage_dag' retrieved from /opt/airflow/dags/comptage_dag.py
[2026-09-26T07:59:06.873+0000] {logging_mixin.py:190} INFO - [2026-09-26T07:59:06.872+0000] {dag.py:3239} INFO - Sync 1 DAGs
[2026-09-26T07:59:06.890+0000] {logging_mixin.py:190} INFO - [2026-09-26T07:59:06.890+0000] {dag.py:4180} INFO - Setting next_dagrun for comptage_dag to 2026-09-26 00:00:00+00:00, run_after=2026-09-27 00:00:00+00:00
[2026-09-26T07:59:06.900+0000] {processor.py:208} INFO - Processing /opt/airflow/dags/comptage_dag.py took 0.060 seconds
[2026-09-26T07:59:36.985+0000] {processor.py:186} INFO - Started process (PID=3818) to work on /opt/airflow/dags/comptage_dag.py
[2026-09-26T07:59:36.986+0000] {processor.py:914} INFO - Processing file /opt/airflow/dags/comptage_dag.py for tasks to queue
[2026-09-26T07:59:36.987+0000] {logging_mixin.py:190} INFO - [2026-09-26T07:59:36.987+0000] {dagbag.py:588} INFO - Filling up the DagBag from /opt/airflow/dags/comptage_dag.py
[2026-09-26T07:59:36.997+0000] {processor.py:925} INFO - DAG(s) 'comptage_dag' retrieved from /opt/airflow/dags/comptage_dag.py
[2026-09-26T07:59:37.015+0000] {logging_mixin.py:190} INFO - [2026-09-26T07:59:37.014+0000] {dag.py:3239} INFO - Sync 1 DAGs
[2026-09-26T07:59:37.036+0000] {logging_mixin.py:190} INFO - [2026-09-26T07:59:37.036+0000] {dag.py:4180} INFO - Setting next_dagrun for comptage_dag to 2026-09-26 00:00:00+00:00, run_after=2026-09-27 00:00:00+00:00
[2026-09-26T07:59:37.050+0000] {processor.py:208} INFO - Processing /opt/airflow/dags/comptage_dag.py took 0.070 seconds
[2026-09-26T08:00:07.874+0000] {processor.py:186} INFO - Started process (PID=3835) to work on /opt/airflow/dags/comptage_dag.py
[2026-09-26T08:00:07.905+0000] {processor.py:914} INFO - Processing file /opt/airflow/dags/comptage_dag.py for tasks to queue
[2026-09-26T08:00:07.933+0000] {logging_mixin.py:190} INFO - [2026-09-26T08:00:07.911+0000] {dagbag.py:588} INFO - Filling up the DagBag from /opt/airflow/dags/comptage_dag.py
[2026-09-26T08:00:08.568+0000] {processor.py:925} INFO - DAG(s) 'comptage_dag' retrieved from /opt/airflow/dags/comptage_dag.py
[2026-09-26T08:00:08.967+0000] {logging_mixin.py:190} INFO - [2026-09-26T08:00:08.959+0000] {dag.py:3239} INFO - Sync 1 DAGs
[2026-09-26T08:00:09.024+0000] {logging_mixin.py:190} INFO - [2026-09-26T08:00:09.024+0000] {dag.py:4180} INFO - Setting next_dagrun for comptage_dag to 2026-09-26 00:00:00+00:00, run_after=2026-09-27 00:00:00+00:00
[2026-09-26T08:00:09.074+0000] {processor.py:208} INFO - Processing /opt/airflow/dags/comptage_dag.py took 1.269 seconds
[2026-09-26T08:00:48.704+0000] {processor.py:186} INFO - Started process (PID=44) to work on /opt/airflow/dags/comptage_dag.py
[2026-09-26T08:00:48.705+0000] {processor.py:914} INFO - Processing file /opt/airflow/dags/comptage_dag.py for tasks to queue
[2026-09-26T08:00:48.707+0000] {logging_mixin.py:190} INFO - [2026-09-26T08:00:48.707+0000] {dagbag.py:588} INFO - Filling up the DagBag from /opt/airflow/dags/comptage_dag.py
[2026-09-26T08:00:48.716+0000] {processor.py:925} INFO - DAG(s) 'comptage_dag' retrieved from /opt/airflow/dags/comptage_dag.py
[2026-09-26T08:00:48.739+0000] {logging_mixin.py:190} INFO - [2026-09-26T08:00:48.738+0000] {dag.py:3239} INFO - Sync 1 DAGs
[2026-09-26T08:00:48.774+0000] {logging_mixin.py:190} INFO - [2026-09-26T08:00:48.774+0000] {dag.py:4180} INFO - Setting next_dagrun for comptage_dag to 2026-09-26 00:00:00+00:00, run_after=2026-09-27 00:00:00+00:00
[2026-09-26T08:00:48.797+0000] {processor.py:208} INFO - Processing /opt/airflow/dags/comptage_dag.py took 0.097 seconds
[2026-09-26T08:01:18.885+0000] {processor.py:186} INFO - Started process (PID=62) to work on /opt/airflow/dags/comptage_dag.py
[2026-09-26T08:01:18.886+0000] {processor.py:914} INFO - Processing file /opt/airflow/dags/comptage_dag.py for tasks to queue
[2026-09-26T08:01:18.887+0000] {logging_mixin.py:190} INFO - [2026-09-26T08:01:18.887+0000] {dagbag.py:588} INFO - Filling up the DagBag from /opt/airflow/dags/comptage_dag.py
[2026-09-26T08:01:18.893+0000] {processor.py:925} INFO - DAG(s) 'comptage_dag' retrieved from /opt/airflow/dags/comptage_dag.py
[2026-09-26T08:01:18.908+0000] {logging_mixin.py:190} INFO - [2026-09-26T08:01:18.908+0000] {dag.py:3239} INFO - Sync 1 DAGs
[2026-09-26T08:01:18.925+0000] {logging_mixin.py:190} INFO - [2026-09-26T08:01:18.925+0000] {dag.py:4180} INFO - Setting next_dagrun for comptage_dag to 2026-09-26 00:00:00+00:00, run_after=2026-09-27 00:00:00+00:00
[2026-09-26T08:01:19.042+0000] {processor.py:208} INFO - Processing /opt/airflow/dags/comptage_dag.py took 0.160 seconds
[2026-09-26T08:01:49.135+0000] {processor.py:186} INFO - Started process (PID=79) to work on /opt/airflow/dags/comptage_dag.py
[2026-09-26T08:01:49.137+0000] {processor.py:914} INFO - Processing file /opt/airflow/dags/comptage_dag.py for tasks to queue
[2026-09-26T08:01:49.141+0000] {logging_mixin.py:190} INFO - [2026-09-26T08:01:49.140+0000] {dagbag.py:588} INFO - Filling up the DagBag from /opt/airflow/dags/comptage_dag.py
[2026-09-26T08:01:49.161+0000] {processor.py:925} INFO - DAG(s) 'comptage_dag' retrieved from /opt/airflow/dags/comptage_dag.py
[2026-09-26T08:01:49.234+0000] {logging_mixin.py:190} INFO - [2026-09-26T08:01:49.232+0000] {dag.py:3239} INFO - Sync 1 DAGs
[2026-09-26T08:01:49.774+0000] {logging_mixin.py:190} INFO - [2026-09-26T08:01:49.773+0000] {dag.py:4180} INFO - Setting next_dagrun for comptage_dag to 2026-09-26 00:00:00+00:00, run_after=2026-09-27 00:00:00+00:00
[2026-09-26T08:01:49.798+0000] {processor.py:208} INFO - Processing /opt/airflow/dags/comptage_dag.py took 0.674 seconds
