[2026-09-25T13:12:55.941+0000] {local_task_job_runner.py:123} INFO - ::group::Pre task execution logs
[2026-09-25T13:12:55.952+0000] {taskinstance.py:2614} INFO - Dependencies all met for dep_context=non-requeueable deps ti=<TaskInstance: comptage_dag.download_data manual__2026-09-25T13:12:54.507015+00:00 [queued]>
[2026-09-25T13:12:55.957+0000] {taskinstance.py:2614} INFO - Dependencies all met for dep_context=requeueable deps ti=<TaskInstance: comptage_dag.download_data manual__2026-09-25T13:12:54.507015+00:00 [queued]>
[2026-09-25T13:12:55.957+0000] {taskinstance.py:2867} INFO - Starting attempt 1 of 2
[2026-09-25T13:12:55.966+0000] {taskinstance.py:2890} INFO - Executing <Task(HttpToS3Operator): download_data> on 2026-09-25 13:12:54.507015+00:00
[2026-09-25T13:12:55.972+0000] {warnings.py:112} WARNING - /home/***/.local/lib/python3.12/site-packages/***/task/task_runner/standard_task_runner.py:70: DeprecationWarning: This process (pid=696) is multi-threaded, use of fork() may lead to deadlocks in the child.
  pid = os.fork()

[2026-09-25T13:12:55.973+0000] {standard_task_runner.py:72} INFO - Started process 697 to run task
[2026-09-25T13:12:55.973+0000] {standard_task_runner.py:104} INFO - Running: ['***', 'tasks', 'run', 'comptage_dag', 'download_data', 'manual__2026-09-25T13:12:54.507015+00:00', '--job-id', '33', '--raw', '--subdir', 'DAGS_FOLDER/comptage_dag.py', '--cfg-path', '/tmp/tmp_a71pyhx']
[2026-09-25T13:12:55.974+0000] {standard_task_runner.py:105} INFO - Job 33: Subtask download_data
[2026-09-25T13:12:56.003+0000] {task_command.py:467} INFO - Running <TaskInstance: comptage_dag.download_data manual__2026-09-25T13:12:54.507015+00:00 [running]> on host d7d2b2055729
[2026-09-25T13:12:56.056+0000] {taskinstance.py:3134} INFO - Exporting env vars: AIRFLOW_CTX_DAG_EMAIL='paulcoffi2002@gmail.com' AIRFLOW_CTX_DAG_OWNER='***' AIRFLOW_CTX_DAG_ID='comptage_dag' AIRFLOW_CTX_TASK_ID='download_data' AIRFLOW_CTX_EXECUTION_DATE='2026-09-25T13:12:54.507015+00:00' AIRFLOW_CTX_TRY_NUMBER='1' AIRFLOW_CTX_DAG_RUN_ID='manual__2026-09-25T13:12:54.507015+00:00'
[2026-09-25T13:12:56.056+0000] {taskinstance.py:732} INFO - ::endgroup::
[2026-09-25T13:12:56.058+0000] {http_to_s3.py:165} INFO - Calling HTTP method
[2026-09-25T13:12:56.063+0000] {base.py:84} INFO - Retrieving connection 'sncf_comptage_endpoint'
[2026-09-25T13:12:56.746+0000] {base.py:84} INFO - Retrieving connection 'blackblaze_conn'
[2026-09-25T13:12:56.746+0000] {connection_wrapper.py:325} INFO - AWS Connection (conn_id='blackblaze_conn', conn_type='aws') credentials retrieved from login and password.
[2026-09-25T13:12:58.441+0000] {taskinstance.py:341} INFO - ::group::Post task execution logs
[2026-09-25T13:12:58.442+0000] {taskinstance.py:353} INFO - Marking task as SUCCESS. dag_id=comptage_dag, task_id=download_data, run_id=manual__2026-09-25T13:12:54.507015+00:00, execution_date=20260925T131254, start_date=20260925T131255, end_date=20260925T131258
[2026-09-25T13:12:58.472+0000] {local_task_job_runner.py:266} INFO - Task exited with return code 0
[2026-09-25T13:12:58.483+0000] {taskinstance.py:3901} INFO - 0 downstream tasks scheduled from follow-on schedule check
[2026-09-25T13:12:58.484+0000] {local_task_job_runner.py:245} INFO - ::endgroup::
