[2026-09-25T09:46:54.654+0000] {local_task_job_runner.py:123} INFO - ::group::Pre task execution logs
[2026-09-25T09:46:54.665+0000] {taskinstance.py:2614} INFO - Dependencies all met for dep_context=non-requeueable deps ti=<TaskInstance: comptage_dag.fetch_data manual__2026-09-25T09:46:53.464826+00:00 [queued]>
[2026-09-25T09:46:54.671+0000] {taskinstance.py:2614} INFO - Dependencies all met for dep_context=requeueable deps ti=<TaskInstance: comptage_dag.fetch_data manual__2026-09-25T09:46:53.464826+00:00 [queued]>
[2026-09-25T09:46:54.671+0000] {taskinstance.py:2867} INFO - Starting attempt 1 of 1
[2026-09-25T09:46:54.679+0000] {taskinstance.py:2890} INFO - Executing <Task(_PythonDecoratedOperator): fetch_data> on 2026-09-25 09:46:53.464826+00:00
[2026-09-25T09:46:54.686+0000] {warnings.py:112} WARNING - /home/***/.local/lib/python3.12/site-packages/***/task/task_runner/standard_task_runner.py:70: DeprecationWarning: This process (pid=1315) is multi-threaded, use of fork() may lead to deadlocks in the child.
  pid = os.fork()

[2026-09-25T09:46:54.687+0000] {standard_task_runner.py:72} INFO - Started process 1316 to run task
[2026-09-25T09:46:54.688+0000] {standard_task_runner.py:104} INFO - Running: ['***', 'tasks', 'run', 'comptage_dag', 'fetch_data', 'manual__2026-09-25T09:46:53.464826+00:00', '--job-id', '7', '--raw', '--subdir', 'DAGS_FOLDER/comptage_dag.py', '--cfg-path', '/tmp/tmpwl28ox71']
[2026-09-25T09:46:54.689+0000] {standard_task_runner.py:105} INFO - Job 7: Subtask fetch_data
[2026-09-25T09:46:54.722+0000] {task_command.py:467} INFO - Running <TaskInstance: comptage_dag.fetch_data manual__2026-09-25T09:46:53.464826+00:00 [running]> on host d7d2b2055729
[2026-09-25T09:46:54.778+0000] {taskinstance.py:3134} INFO - Exporting env vars: AIRFLOW_CTX_DAG_OWNER='***' AIRFLOW_CTX_DAG_ID='comptage_dag' AIRFLOW_CTX_TASK_ID='fetch_data' AIRFLOW_CTX_EXECUTION_DATE='2026-09-25T09:46:53.464826+00:00' AIRFLOW_CTX_TRY_NUMBER='1' AIRFLOW_CTX_DAG_RUN_ID='manual__2026-09-25T09:46:53.464826+00:00'
[2026-09-25T09:46:54.779+0000] {taskinstance.py:732} INFO - ::endgroup::
[2026-09-25T09:46:55.516+0000] {logging_mixin.py:190} INFO - Data fetched successfully from API.
[2026-09-25T09:46:55.568+0000] {python.py:240} INFO - Done. Returned value was: None
[2026-09-25T09:46:55.580+0000] {taskinstance.py:341} INFO - ::group::Post task execution logs
[2026-09-25T09:46:55.581+0000] {taskinstance.py:353} INFO - Marking task as SUCCESS. dag_id=comptage_dag, task_id=fetch_data, run_id=manual__2026-09-25T09:46:53.464826+00:00, execution_date=20260925T094653, start_date=20260925T094654, end_date=20260925T094655
[2026-09-25T09:46:55.623+0000] {local_task_job_runner.py:266} INFO - Task exited with return code 0
[2026-09-25T09:46:55.634+0000] {taskinstance.py:3901} INFO - 0 downstream tasks scheduled from follow-on schedule check
[2026-09-25T09:46:55.635+0000] {local_task_job_runner.py:245} INFO - ::endgroup::
