[0m18:21:28.373070 [debug] [MainThread]: Sending event: {'category': 'dbt', 'action': 'invocation', 'label': 'start', 'context': [<snowplow_tracker.self_describing_json.SelfDescribingJson object at 0x74ee1343aa50>, <snowplow_tracker.self_describing_json.SelfDescribingJson object at 0x74ee15527890>, <snowplow_tracker.self_describing_json.SelfDescribingJson object at 0x74ee11cf79d0>]}


============================== 18:21:28.414579 | 82cb144c-c757-44f4-902e-c43aaa4068da ==============================
[0m18:21:28.414579 [info ] [MainThread]: Running with dbt=1.12.3
[0m18:21:28.415677 [debug] [MainThread]: running dbt with arguments {'version_check': 'True', 'debug': 'False', 'indirect_selection': 'eager', 'maximum_seed_size_mib': '1', 'send_anonymous_usage_stats': 'True', 'use_colors': 'True', 'empty': 'None', 'static_parser': 'True', 'hints_enabled': 'True', 'partial_parse': 'True', 'profiles_dir': '/home/paul/.dbt', 'log_path': 'logs', 'invocation_command': 'dbt init', 'quiet': 'False', 'use_experimental_parser': 'False', 'target_path': 'None', 'no_print': 'None', 'introspect': 'True', 'cache_selected_only': 'False', 'log_cache_events': 'False', 'log_format': 'default', 'printer_width': '80', 'warn_error': 'None', 'fail_fast': 'False', 'write_json': 'True', 'warn_error_options': 'WarnErrorOptionsV2(error=[], warn=[], silence=[])'}
[0m18:21:28.496004 [info ] [MainThread]: Creating dbt configuration folder at /home/paul/.dbt
[0m18:21:40.770390 [debug] [MainThread]: Starter project path: /home/paul/Documents/comptage_voyageur_sncf/comptage_sncf_dbt/.venv/lib/python3.14/site-packages/dbt/include/starter_project
[0m18:21:40.789628 [info ] [MainThread]: Setting up your profile.
[0m18:21:46.747880 [debug] [MainThread]: Spark adapter: Setting pyhive.hive logging to ERROR
[0m18:21:46.748495 [debug] [MainThread]: Spark adapter: Setting thrift.transport logging to ERROR
[0m18:21:46.749075 [debug] [MainThread]: Spark adapter: Setting thrift.protocol logging to ERROR
[0m18:25:25.869776 [info ] [MainThread]: Profile dbt_project written to /home/paul/.dbt/profiles.yml using target's profile_template.yml and your supplied values.
[0m18:25:25.895001 [info ] [MainThread]: Running dbt debug to validate the project...
[0m18:25:25.898328 [info ] [MainThread]: dbt version: 1.12.3
[0m18:25:25.901148 [info ] [MainThread]: python version: 3.14.4
[0m18:25:25.904309 [info ] [MainThread]: python path: /home/paul/Documents/comptage_voyageur_sncf/comptage_sncf_dbt/.venv/bin/python
[0m18:25:25.908138 [info ] [MainThread]: os info: Linux-7.0.0-31-generic-x86_64-inconnu-with-glibc2.43
[0m18:25:26.050213 [info ] [MainThread]: Using profiles dir at /home/paul/.dbt
[0m18:25:26.050841 [info ] [MainThread]: Using profiles.yml file at /home/paul/.dbt/profiles.yml
[0m18:25:26.051625 [info ] [MainThread]: Using dbt_project.yml file at /home/paul/Documents/comptage_voyageur_sncf/comptage_sncf_dbt/dbt_project/dbt_project.yml
[0m18:25:26.052144 [info ] [MainThread]: adapter type: databricks
[0m18:25:26.052631 [info ] [MainThread]: adapter version: 1.12.5
[0m18:25:26.198710 [info ] [MainThread]: Configuration:
[0m18:25:26.199331 [info ] [MainThread]:   profiles.yml file [[32mOK found and valid[0m]
[0m18:25:26.199838 [info ] [MainThread]:   dbt_project.yml file [[32mOK found and valid[0m]
[0m18:25:26.200307 [info ] [MainThread]: Required dependencies:
[0m18:25:26.200818 [debug] [MainThread]: Executing "git --help"
[0m18:25:26.204270 [debug] [MainThread]: STDOUT: "b"usage : git [-v | --version] [-h | --help] [-C <path>] [-c <name>=<value>]\n           [--exec-path[=<path>]] [--html-path] [--man-path] [--info-path]\n           [-p | --paginate | -P | --no-pager] [--no-replace-objects] [--no-lazy-fetch]\n           [--no-optional-locks] [--no-advice] [--bare] [--git-dir=<path>]\n           [--work-tree=<path>] [--namespace=<name>] [--config-env=<name>=<envvar>]\n           <command> [<args>]\n\nCi-dessous les commandes Git habituelles dans diverses situations\xc2\xa0:\n\nd\xc3\xa9marrer une zone de travail (voir aussi\xc2\xa0: git help tutorial)\n   clone      Cloner un d\xc3\xa9p\xc3\xb4t dans un nouveau r\xc3\xa9pertoire\n   init       Cr\xc3\xa9er un d\xc3\xa9p\xc3\xb4t Git vide ou r\xc3\xa9initialiser un existant\n\ntravailler sur la modification actuelle (voir aussi\xc2\xa0: git help revisions)\n   add        Ajouter le contenu de fichiers dans l'index\n   mv         D\xc3\xa9placer ou renommer un fichier, un r\xc3\xa9pertoire, ou un lien symbolique\n   restore    Restaurer les fichiers l'arbre de travail\n   rm         Supprimer des fichiers de la copie de travail et de l'index\n\nexaminer l'historique et l'\xc3\xa9tat (voir aussi\xc2\xa0: git help revisions)\n   bisect     Trouver par recherche binaire la modification qui a introduit un bogue\n   diff       Afficher les changements entre les validations, entre validation et copie de travail, etc\n   grep       Afficher les lignes correspondant \xc3\xa0 un motif\n   log        Afficher l'historique des validations\n   show       Afficher diff\xc3\xa9rents types d'objets\n   status     Afficher l'\xc3\xa9tat de la copie de travail\n\nagrandir, marquer et modifier votre historique\n   backfill   Download missing objects in a partial clone\n   branch     Lister, cr\xc3\xa9er ou supprimer des branches\n   commit     Enregistrer les modifications dans le d\xc3\xa9p\xc3\xb4t\n   merge      Fusionner deux ou plusieurs historiques de d\xc3\xa9veloppement ensemble\n   rebase     R\xc3\xa9application des commits sur le sommet de l'autre base\n   reset      Set `HEAD` or the index to a known state\n   switch     Basculer de branche\n   tag        Create, list, delete or verify tags\n\ncollaborer (voir aussi\xc2\xa0: git help workflows)\n   fetch      T\xc3\xa9l\xc3\xa9charger les objets et r\xc3\xa9f\xc3\xa9rences depuis un autre d\xc3\xa9p\xc3\xb4t\n   pull       Rapatrier et int\xc3\xa9grer un autre d\xc3\xa9p\xc3\xb4t ou une branche locale\n   push       Mettre \xc3\xa0 jour les r\xc3\xa9f\xc3\xa9rences distantes ainsi que les objets associ\xc3\xa9s\n\n'git help -a' et 'git help -g' listent les sous-commandes disponibles et\nquelques concepts. Voir 'git help <commande>' ou 'git help <concept>'\npour en lire plus \xc3\xa0 propos d'une commande sp\xc3\xa9cifique ou d'un concept.\nVoir 'git help git' pour un survol du syst\xc3\xa8me.\n""
[0m18:25:26.205146 [debug] [MainThread]: STDERR: "b''"
[0m18:25:26.205786 [info ] [MainThread]:  - git [[32mOK found[0m]

[0m18:25:26.206316 [info ] [MainThread]: Connection:
[0m18:25:26.206914 [info ] [MainThread]:   host: https://ressources.data.sncf.com/explore/embed/dataset/comptage-voyageurs-trains-transilien/table/
[0m18:25:26.207576 [info ] [MainThread]:   http_path: /sql/1.0/warehouses/d6caf492862d1779
[0m18:25:26.208108 [info ] [MainThread]:   catalog: sncf_comptage
[0m18:25:26.208803 [info ] [MainThread]:   schema: default
[0m18:25:26.209558 [info ] [MainThread]: Registered adapter: databricks=1.12.5
[0m18:25:26.370501 [debug] [MainThread]: Databricks adapter: DatabricksDBTConnection(session-id=None, name=debug) - Creating connection
[0m18:25:26.371019 [debug] [MainThread]: Acquiring new databricks connection 'debug'
[0m18:25:28.333813 [info ] [MainThread]: Databricks adapter: SPOG discovery probe to 'https://https://ressources.data.sncf.com/explore/embed/dataset/comptage-voyageurs-trains-transilien/table//.well-known/databricks-config' failed after 3 attempts (last error: HTTPSConnectionPool(host='https', port=443): Max retries exceeded with url: //ressources.data.sncf.com/explore/embed/dataset/comptage-voyageurs-trains-transilien/table//.well-known/databricks-config (Caused by NameResolutionError("HTTPSConnection(host='https', port=443): Failed to resolve 'https' ([Errno -3] Temporary failure in name resolution)"))). Proceeding as a non-SPOG host. If https://ressources.data.sncf.com/explore/embed/dataset/comptage-voyageurs-trains-transilien/table/ is a SPOG (unified) workspace, routing errors may follow; verify network reachability to /.well-known/databricks-config.
[0m18:25:28.345322 [info ] [MainThread]: Databricks adapter:   SPOG host (host_type=None): no
[0m18:25:28.348841 [info ] [MainThread]: Databricks adapter:   workspace_id (from ?o= in http_path): None
[0m18:25:28.352265 [info ] [MainThread]: Databricks adapter:   databricks-sql-connector version: 4.4.0 (supported)
[0m18:25:28.355577 [info ] [MainThread]: Databricks adapter:   databricks-sdk version: 0.117.0 (supported)
[0m18:25:28.358632 [debug] [MainThread]: Using databricks connection "debug"
[0m18:25:28.361808 [debug] [MainThread]: On debug: select 1 as id
[0m18:25:28.364995 [debug] [MainThread]: Opening a new connection, currently in state init
[0m18:25:29.143658 [error] [MainThread]: databricks-sql-connector adapter: ThriftBackend.attempt_request: Exception: 
[0m18:25:29.186993 [error] [MainThread]: Databricks adapter: Connection(session-id=Unknown) - Exception while trying to create connection: Error during request to server. 
Error properties: attempt=1/30, bounded-retry-delay=None, elapsed-seconds=0.13600468635559082/900.0, error-message=, http-code=403, method=OpenSession, no-retry-reason=non-retryable error, original-exception=, query-id=None, session-id=None
[0m18:25:29.189878 [debug] [MainThread]: Databricks adapter: Exception while trying to execute query
select 1 as id
: Database Error
  Error during request to server. 
[0m18:25:29.192074 [debug] [MainThread]: On debug: No close available on handle
[0m18:25:29.193742 [info ] [MainThread]:   Connection test: [[31mERROR[0m]

[0m18:25:29.196425 [info ] [MainThread]: [31m1 check failed:[0m
[0m18:25:29.199605 [info ] [MainThread]: dbt was unable to connect to the specified database.
The database returned the following error:

  >Database Error
  Database Error
    Error during request to server. 

Check your database credentials and try again. For more information, visit:
https://docs.getdbt.com/docs/configure-your-profile


[0m18:25:29.202114 [info ] [MainThread]: Your new dbt project "dbt_project" was created!
Initialized new project in /home/paul/Documents/comptage_voyageur_sncf/comptage_sncf_dbt/dbt_project/dbt_project

For more information on how to configure the profiles.yml file,
please consult the dbt documentation here:

  https://docs.getdbt.com/docs/configure-your-profile

One more thing:

Need help? Don't hesitate to reach out to us via GitHub issues or on Slack:

  https://community.getdbt.com/

Happy modeling!

[0m18:25:29.204452 [info ] [MainThread]: [31mYour profile may need adjustments. You can find the logs of `dbt debug` above[0m
[0m18:25:29.211857 [debug] [MainThread]: Resource report: {"command_name": "init", "command_success": true, "command_wall_clock_time": 240.9353, "process_in_blocks": "12016", "process_kernel_time": 0.634205, "process_mem_max_rss": "372404", "process_out_blocks": "93280", "process_user_time": 10.374996}
[0m18:25:29.217664 [debug] [MainThread]: Command `dbt init` succeeded at 18:25:29.216559 after 240.94 seconds
[0m18:25:29.221902 [debug] [MainThread]: Sending event: {'category': 'dbt', 'action': 'invocation', 'label': 'end', 'context': [<snowplow_tracker.self_describing_json.SelfDescribingJson object at 0x74edf8351cd0>, <snowplow_tracker.self_describing_json.SelfDescribingJson object at 0x74edf930a690>, <snowplow_tracker.self_describing_json.SelfDescribingJson object at 0x74edf930e250>]}
[0m18:25:29.226253 [debug] [MainThread]: Flushing usage events
[0m18:25:29.660110 [debug] [MainThread]: An error was encountered while trying to flush usage events
[0m18:25:44.839940 [debug] [MainThread]: Sending event: {'category': 'dbt', 'action': 'invocation', 'label': 'start', 'context': [<snowplow_tracker.self_describing_json.SelfDescribingJson object at 0x7d1717559fd0>, <snowplow_tracker.self_describing_json.SelfDescribingJson object at 0x7d1719390f50>, <snowplow_tracker.self_describing_json.SelfDescribingJson object at 0x7d1715f0f890>]}


============================== 18:25:44.843722 | 8eeeb914-efea-4006-88a2-af642a43f58e ==============================
[0m18:25:44.843722 [info ] [MainThread]: Running with dbt=1.12.3
[0m18:25:44.844605 [debug] [MainThread]: running dbt with arguments {'cache_selected_only': 'False', 'version_check': 'True', 'log_cache_events': 'False', 'warn_error': 'None', 'hints_enabled': 'True', 'send_anonymous_usage_stats': 'True', 'introspect': 'True', 'warn_error_options': 'WarnErrorOptionsV2(error=[], warn=[], silence=[])', 'quiet': 'False', 'target_path': 'None', 'use_colors': 'True', 'log_format': 'default', 'no_print': 'None', 'use_experimental_parser': 'False', 'log_path': 'logs', 'partial_parse': 'True', 'debug': 'False', 'static_parser': 'True', 'profiles_dir': '/home/paul/.dbt', 'fail_fast': 'False', 'maximum_seed_size_mib': '1', 'invocation_command': 'dbt debug', 'empty': 'None', 'printer_width': '80', 'write_json': 'True', 'indirect_selection': 'eager'}
[0m18:25:44.856746 [info ] [MainThread]: dbt version: 1.12.3
[0m18:25:44.857698 [info ] [MainThread]: python version: 3.14.4
[0m18:25:44.858919 [info ] [MainThread]: python path: /home/paul/Documents/comptage_voyageur_sncf/comptage_sncf_dbt/.venv/bin/python
[0m18:25:44.861446 [info ] [MainThread]: os info: Linux-7.0.0-31-generic-x86_64-inconnu-with-glibc2.43
[0m18:25:46.013138 [debug] [MainThread]: Spark adapter: Setting pyhive.hive logging to ERROR
[0m18:25:46.013736 [debug] [MainThread]: Spark adapter: Setting thrift.transport logging to ERROR
[0m18:25:46.014233 [debug] [MainThread]: Spark adapter: Setting thrift.protocol logging to ERROR
[0m18:25:46.695329 [info ] [MainThread]: Using profiles dir at /home/paul/.dbt
[0m18:25:46.695958 [info ] [MainThread]: Using profiles.yml file at /home/paul/.dbt/profiles.yml
[0m18:25:46.696563 [info ] [MainThread]: Using dbt_project.yml file at /home/paul/Documents/comptage_voyageur_sncf/comptage_sncf_dbt/dbt_project.yml
[0m18:25:46.697099 [info ] [MainThread]: adapter type: databricks
[0m18:25:46.697580 [info ] [MainThread]: adapter version: 1.12.5
[0m18:25:46.698090 [info ] [MainThread]: Configuration:
[0m18:25:46.698750 [info ] [MainThread]:   profiles.yml file [[32mOK found and valid[0m]
[0m18:25:46.699467 [info ] [MainThread]:   dbt_project.yml file [[31mERROR not found[0m]
[0m18:25:46.700103 [info ] [MainThread]: Required dependencies:
[0m18:25:46.700733 [debug] [MainThread]: Executing "git --help"
[0m18:25:46.704189 [debug] [MainThread]: STDOUT: "b"usage : git [-v | --version] [-h | --help] [-C <path>] [-c <name>=<value>]\n           [--exec-path[=<path>]] [--html-path] [--man-path] [--info-path]\n           [-p | --paginate | -P | --no-pager] [--no-replace-objects] [--no-lazy-fetch]\n           [--no-optional-locks] [--no-advice] [--bare] [--git-dir=<path>]\n           [--work-tree=<path>] [--namespace=<name>] [--config-env=<name>=<envvar>]\n           <command> [<args>]\n\nCi-dessous les commandes Git habituelles dans diverses situations\xc2\xa0:\n\nd\xc3\xa9marrer une zone de travail (voir aussi\xc2\xa0: git help tutorial)\n   clone      Cloner un d\xc3\xa9p\xc3\xb4t dans un nouveau r\xc3\xa9pertoire\n   init       Cr\xc3\xa9er un d\xc3\xa9p\xc3\xb4t Git vide ou r\xc3\xa9initialiser un existant\n\ntravailler sur la modification actuelle (voir aussi\xc2\xa0: git help revisions)\n   add        Ajouter le contenu de fichiers dans l'index\n   mv         D\xc3\xa9placer ou renommer un fichier, un r\xc3\xa9pertoire, ou un lien symbolique\n   restore    Restaurer les fichiers l'arbre de travail\n   rm         Supprimer des fichiers de la copie de travail et de l'index\n\nexaminer l'historique et l'\xc3\xa9tat (voir aussi\xc2\xa0: git help revisions)\n   bisect     Trouver par recherche binaire la modification qui a introduit un bogue\n   diff       Afficher les changements entre les validations, entre validation et copie de travail, etc\n   grep       Afficher les lignes correspondant \xc3\xa0 un motif\n   log        Afficher l'historique des validations\n   show       Afficher diff\xc3\xa9rents types d'objets\n   status     Afficher l'\xc3\xa9tat de la copie de travail\n\nagrandir, marquer et modifier votre historique\n   backfill   Download missing objects in a partial clone\n   branch     Lister, cr\xc3\xa9er ou supprimer des branches\n   commit     Enregistrer les modifications dans le d\xc3\xa9p\xc3\xb4t\n   merge      Fusionner deux ou plusieurs historiques de d\xc3\xa9veloppement ensemble\n   rebase     R\xc3\xa9application des commits sur le sommet de l'autre base\n   reset      Set `HEAD` or the index to a known state\n   switch     Basculer de branche\n   tag        Create, list, delete or verify tags\n\ncollaborer (voir aussi\xc2\xa0: git help workflows)\n   fetch      T\xc3\xa9l\xc3\xa9charger les objets et r\xc3\xa9f\xc3\xa9rences depuis un autre d\xc3\xa9p\xc3\xb4t\n   pull       Rapatrier et int\xc3\xa9grer un autre d\xc3\xa9p\xc3\xb4t ou une branche locale\n   push       Mettre \xc3\xa0 jour les r\xc3\xa9f\xc3\xa9rences distantes ainsi que les objets associ\xc3\xa9s\n\n'git help -a' et 'git help -g' listent les sous-commandes disponibles et\nquelques concepts. Voir 'git help <commande>' ou 'git help <concept>'\npour en lire plus \xc3\xa0 propos d'une commande sp\xc3\xa9cifique ou d'un concept.\nVoir 'git help git' pour un survol du syst\xc3\xa8me.\n""
[0m18:25:46.705617 [debug] [MainThread]: STDERR: "b''"
[0m18:25:46.706407 [info ] [MainThread]:  - git [[32mOK found[0m]

[0m18:25:46.707214 [info ] [MainThread]: Connection:
[0m18:25:46.708083 [info ] [MainThread]:   host: https://ressources.data.sncf.com/explore/embed/dataset/comptage-voyageurs-trains-transilien/table/
[0m18:25:46.708994 [info ] [MainThread]:   http_path: /sql/1.0/warehouses/d6caf492862d1779
[0m18:25:46.709944 [info ] [MainThread]:   catalog: sncf_comptage
[0m18:25:46.711212 [info ] [MainThread]:   schema: default
[0m18:25:46.712425 [info ] [MainThread]: Registered adapter: databricks=1.12.5
[0m18:25:46.872743 [debug] [MainThread]: Databricks adapter: DatabricksDBTConnection(session-id=None, name=debug) - Creating connection
[0m18:25:46.873293 [debug] [MainThread]: Acquiring new databricks connection 'debug'
[0m18:25:48.644685 [info ] [MainThread]: Databricks adapter: SPOG discovery probe to 'https://https://ressources.data.sncf.com/explore/embed/dataset/comptage-voyageurs-trains-transilien/table//.well-known/databricks-config' failed after 3 attempts (last error: HTTPSConnectionPool(host='https', port=443): Max retries exceeded with url: //ressources.data.sncf.com/explore/embed/dataset/comptage-voyageurs-trains-transilien/table//.well-known/databricks-config (Caused by NameResolutionError("HTTPSConnection(host='https', port=443): Failed to resolve 'https' ([Errno -3] Temporary failure in name resolution)"))). Proceeding as a non-SPOG host. If https://ressources.data.sncf.com/explore/embed/dataset/comptage-voyageurs-trains-transilien/table/ is a SPOG (unified) workspace, routing errors may follow; verify network reachability to /.well-known/databricks-config.
[0m18:25:48.655888 [info ] [MainThread]: Databricks adapter:   SPOG host (host_type=None): no
[0m18:25:48.658082 [info ] [MainThread]: Databricks adapter:   workspace_id (from ?o= in http_path): None
[0m18:25:48.660537 [info ] [MainThread]: Databricks adapter:   databricks-sql-connector version: 4.4.0 (supported)
[0m18:25:48.663692 [info ] [MainThread]: Databricks adapter:   databricks-sdk version: 0.117.0 (supported)
[0m18:25:48.667251 [debug] [MainThread]: Using databricks connection "debug"
[0m18:25:48.670551 [debug] [MainThread]: On debug: select 1 as id
[0m18:25:48.674092 [debug] [MainThread]: Opening a new connection, currently in state init
[0m18:25:49.392242 [error] [MainThread]: databricks-sql-connector adapter: ThriftBackend.attempt_request: Exception: 
[0m18:25:49.433787 [error] [MainThread]: Databricks adapter: Connection(session-id=Unknown) - Exception while trying to create connection: Error during request to server. 
Error properties: attempt=1/30, bounded-retry-delay=None, elapsed-seconds=0.11064887046813965/900.0, error-message=, http-code=403, method=OpenSession, no-retry-reason=non-retryable error, original-exception=, query-id=None, session-id=None
[0m18:25:49.436844 [debug] [MainThread]: Databricks adapter: Exception while trying to execute query
select 1 as id
: Database Error
  Error during request to server. 
[0m18:25:49.439513 [debug] [MainThread]: On debug: No close available on handle
[0m18:25:49.441349 [info ] [MainThread]:   Connection test: [[31mERROR[0m]

[0m18:25:49.444013 [info ] [MainThread]: [31m2 checks failed:[0m
[0m18:25:49.446115 [info ] [MainThread]: Project loading failed for the following reason:
 project path </home/paul/Documents/comptage_voyageur_sncf/comptage_sncf_dbt/dbt_project.yml> not found

[0m18:25:49.448459 [info ] [MainThread]: dbt was unable to connect to the specified database.
The database returned the following error:

  >Database Error
  Database Error
    Error during request to server. 

Check your database credentials and try again. For more information, visit:
https://docs.getdbt.com/docs/configure-your-profile


[0m18:25:49.454477 [debug] [MainThread]: Resource report: {"command_name": "debug", "command_success": false, "command_wall_clock_time": 4.714897, "process_in_blocks": "0", "process_kernel_time": 0.343653, "process_mem_max_rss": "300488", "process_out_blocks": "32", "process_user_time": 4.106859}
[0m18:25:49.460015 [debug] [MainThread]: Command `dbt debug` failed at 18:25:49.459113 after 4.72 seconds
[0m18:25:49.462325 [debug] [MainThread]: Sending event: {'category': 'dbt', 'action': 'invocation', 'label': 'end', 'context': [<snowplow_tracker.self_describing_json.SelfDescribingJson object at 0x7d16fd847a80>, <snowplow_tracker.self_describing_json.SelfDescribingJson object at 0x7d16fd8b3e30>, <snowplow_tracker.self_describing_json.SelfDescribingJson object at 0x7d16fd9268b0>]}
[0m18:25:49.465060 [debug] [MainThread]: Flushing usage events
[0m18:25:49.866162 [debug] [MainThread]: An error was encountered while trying to flush usage events
[0m22:56:32.758191 [debug] [MainThread]: Sending event: {'category': 'dbt', 'action': 'invocation', 'label': 'start', 'context': [<snowplow_tracker.self_describing_json.SelfDescribingJson object at 0x7c30691c1400>, <snowplow_tracker.self_describing_json.SelfDescribingJson object at 0x7c306b1e7ed0>, <snowplow_tracker.self_describing_json.SelfDescribingJson object at 0x7c3067a83890>]}


============================== 22:56:32.820854 | f7b44c73-d104-4812-82d1-c3f50f7f35f2 ==============================
[0m22:56:32.820854 [info ] [MainThread]: Running with dbt=1.12.3
[0m22:56:32.821567 [debug] [MainThread]: running dbt with arguments {'warn_error_options': 'WarnErrorOptionsV2(error=[], warn=[], silence=[])', 'log_path': 'logs', 'debug': 'False', 'version_check': 'True', 'target_path': 'None', 'use_experimental_parser': 'False', 'warn_error': 'None', 'profiles_dir': '/home/paul/.dbt', 'no_print': 'None', 'quiet': 'False', 'introspect': 'True', 'use_colors': 'True', 'cache_selected_only': 'False', 'hints_enabled': 'True', 'log_cache_events': 'False', 'maximum_seed_size_mib': '1', 'send_anonymous_usage_stats': 'True', 'indirect_selection': 'eager', 'write_json': 'True', 'partial_parse': 'True', 'static_parser': 'True', 'log_format': 'default', 'empty': 'None', 'fail_fast': 'False', 'invocation_command': 'dbt debug', 'printer_width': '80'}
[0m22:56:33.065467 [info ] [MainThread]: dbt version: 1.12.3
[0m22:56:33.066195 [info ] [MainThread]: python version: 3.14.7
[0m22:56:33.066573 [info ] [MainThread]: python path: /home/paul/comptage_voyageur_sncf/comptage_sncf_dbt/.venv/bin/python
[0m22:56:33.066897 [info ] [MainThread]: os info: Linux-7.0.0-30-generic-x86_64-with-glibc2.39
[0m22:56:33.067202 [info ] [MainThread]: Using profiles dir at /home/paul/.dbt
[0m22:56:33.067388 [info ] [MainThread]: Using profiles.yml file at /home/paul/.dbt/profiles.yml
[0m22:56:33.067584 [info ] [MainThread]: Using dbt_project.yml file at /home/paul/comptage_voyageur_sncf/comptage_sncf_dbt/dbt_project.yml
[0m22:56:33.067847 [info ] [MainThread]: Configuration:
[0m22:56:33.068049 [info ] [MainThread]:   profiles.yml file [[31mERROR not found[0m]
[0m22:56:33.068235 [info ] [MainThread]:   dbt_project.yml file [[31mERROR not found[0m]
[0m22:56:33.068419 [info ] [MainThread]: Required dependencies:
[0m22:56:33.068682 [debug] [MainThread]: Executing "git --help"
[0m22:56:33.072211 [debug] [MainThread]: STDOUT: "b"usage : git [-v | --version] [-h | --help] [-C <path>] [-c <name>=<value>]\n           [--exec-path[=<path>]] [--html-path] [--man-path] [--info-path]\n           [-p | --paginate | -P | --no-pager] [--no-replace-objects] [--bare]\n           [--git-dir=<path>] [--work-tree=<path>] [--namespace=<name>]\n           [--config-env=<name>=<envvar>] <command> [<args>]\n\nCi-dessous les commandes Git habituelles dans diverses situations\xc2\xa0:\n\nd\xc3\xa9marrer une zone de travail (voir aussi\xc2\xa0: git help tutorial)\n   clone     Cloner un d\xc3\xa9p\xc3\xb4t dans un nouveau r\xc3\xa9pertoire\n   init      Cr\xc3\xa9er un d\xc3\xa9p\xc3\xb4t Git vide ou r\xc3\xa9initialiser un existant\n\ntravailler sur la modification actuelle (voir aussi\xc2\xa0: git help revisions)\n   add       Ajouter le contenu de fichiers dans l'index\n   mv        D\xc3\xa9placer ou renommer un fichier, un r\xc3\xa9pertoire, ou un lien symbolique\n   restore   Restaurer les fichiers l'arbre de travail\n   rm        Supprimer des fichiers de la copie de travail et de l'index\n\nexaminer l'historique et l'\xc3\xa9tat (voir aussi\xc2\xa0: git help revisions)\n   bisect    Trouver par recherche binaire la modification qui a introduit un bogue\n   diff      Afficher les changements entre les validations, entre validation et copie de travail, etc\n   grep      Afficher les lignes correspondant \xc3\xa0 un motif\n   log       Afficher l'historique des validations\n   show      Afficher diff\xc3\xa9rents types d'objets\n   status    Afficher l'\xc3\xa9tat de la copie de travail\n\nagrandir, marquer et modifier votre historique\n   branch    Lister, cr\xc3\xa9er ou supprimer des branches\n   commit    Enregistrer les modifications dans le d\xc3\xa9p\xc3\xb4t\n   merge     Fusionner deux ou plusieurs historiques de d\xc3\xa9veloppement ensemble\n   rebase    R\xc3\xa9application des commits sur le sommet de l'autre base\n   reset     R\xc3\xa9initialiser la HEAD courante \xc3\xa0 l'\xc3\xa9tat sp\xc3\xa9cifi\xc3\xa9\n   switch    Basculer de branche\n   tag       Cr\xc3\xa9er, lister, supprimer ou v\xc3\xa9rifier un objet d'\xc3\xa9tiquette sign\xc3\xa9 avec GPG\n\ncollaborer (voir aussi\xc2\xa0: git help workflows)\n   fetch     T\xc3\xa9l\xc3\xa9charger les objets et r\xc3\xa9f\xc3\xa9rences depuis un autre d\xc3\xa9p\xc3\xb4t\n   pull      Rapatrier et int\xc3\xa9grer un autre d\xc3\xa9p\xc3\xb4t ou une branche locale\n   push      Mettre \xc3\xa0 jour les r\xc3\xa9f\xc3\xa9rences distantes ainsi que les objets associ\xc3\xa9s\n\n'git help -a' et 'git help -g' listent les sous-commandes disponibles et\nquelques concepts. Voir 'git help <commande>' ou 'git help <concept>'\npour en lire plus \xc3\xa0 propos d'une commande sp\xc3\xa9cifique ou d'un concept.\nVoir 'git help git' pour un survol du syst\xc3\xa8me.\n""
[0m22:56:33.072834 [debug] [MainThread]: STDERR: "b''"
[0m22:56:33.073066 [info ] [MainThread]:  - git [[32mOK found[0m]

[0m22:56:33.073318 [info ] [MainThread]: Connection test skipped since no profile was found
[0m22:56:33.073804 [info ] [MainThread]: [31m2 checks failed:[0m
[0m22:56:33.074115 [info ] [MainThread]: dbt looked for a profiles.yml file in /home/paul/.dbt/profiles.yml, but did
not find one. For more information on configuring your profile, consult the
documentation:

https://docs.getdbt.com/docs/configure-your-profile


[0m22:56:33.074321 [info ] [MainThread]: Project loading failed for the following reason:
 project path </home/paul/comptage_voyageur_sncf/comptage_sncf_dbt/dbt_project.yml> not found

[0m22:56:33.075786 [debug] [MainThread]: Resource report: {"command_name": "debug", "command_success": false, "command_wall_clock_time": 0.39534464, "process_in_blocks": "61096", "process_kernel_time": 0.395928, "process_mem_max_rss": "149016", "process_out_blocks": "46712", "process_user_time": 4.350217}
[0m22:56:33.076221 [debug] [MainThread]: Command `dbt debug` failed at 22:56:33.076146 after 0.40 seconds
[0m22:56:33.076585 [debug] [MainThread]: Sending event: {'category': 'dbt', 'action': 'invocation', 'label': 'end', 'context': [<snowplow_tracker.self_describing_json.SelfDescribingJson object at 0x7c30679f55b0>, <snowplow_tracker.self_describing_json.SelfDescribingJson object at 0x7c3067a6dfd0>, <snowplow_tracker.self_describing_json.SelfDescribingJson object at 0x7c3067a4e140>]}
[0m22:56:33.077148 [debug] [MainThread]: Flushing usage events
[0m22:56:33.525118 [debug] [MainThread]: An error was encountered while trying to flush usage events
[0m22:58:57.884379 [debug] [MainThread]: Sending event: {'category': 'dbt', 'action': 'invocation', 'label': 'start', 'context': [<snowplow_tracker.self_describing_json.SelfDescribingJson object at 0x772a427b2120>, <snowplow_tracker.self_describing_json.SelfDescribingJson object at 0x772a44448f50>, <snowplow_tracker.self_describing_json.SelfDescribingJson object at 0x772a40fbf890>]}


============================== 22:58:57.889422 | 04c3ddce-fa8f-4ac5-bd61-1b1e28f9abb6 ==============================
[0m22:58:57.889422 [info ] [MainThread]: Running with dbt=1.12.3
[0m22:58:57.890412 [debug] [MainThread]: running dbt with arguments {'profiles_dir': '/home/paul/.dbt', 'static_parser': 'True', 'invocation_command': 'dbt init --profile comptage_sncf_dbt', 'target_path': 'None', 'warn_error': 'None', 'indirect_selection': 'eager', 'log_format': 'default', 'fail_fast': 'False', 'printer_width': '80', 'maximum_seed_size_mib': '1', 'write_json': 'True', 'hints_enabled': 'True', 'send_anonymous_usage_stats': 'True', 'use_colors': 'True', 'warn_error_options': 'WarnErrorOptionsV2(error=[], warn=[], silence=[])', 'log_path': 'logs', 'debug': 'False', 'log_cache_events': 'False', 'quiet': 'False', 'partial_parse': 'True', 'use_experimental_parser': 'False', 'version_check': 'True', 'empty': 'None', 'introspect': 'True', 'cache_selected_only': 'False', 'no_print': 'None'}
[0m22:58:57.911029 [info ] [MainThread]: Creating dbt configuration folder at /home/paul/.dbt
[0m22:59:12.761493 [error] [MainThread]: [[31mERROR[0m]: Encountered an error:
Runtime Error
  Could not find profile named 'comptage_sncf_dbt'
[0m22:59:12.762283 [debug] [MainThread]: Resource report: {"command_name": "init", "command_success": false, "command_wall_clock_time": 15.1091585, "process_in_blocks": "40", "process_kernel_time": 0.124058, "process_mem_max_rss": "117672", "process_out_blocks": "56", "process_user_time": 1.576737}
[0m22:59:12.762747 [debug] [MainThread]: Command `dbt init` failed at 22:59:12.762635 after 15.11 seconds
[0m22:59:12.763069 [debug] [MainThread]: Sending event: {'category': 'dbt', 'action': 'invocation', 'label': 'end', 'context': [<snowplow_tracker.self_describing_json.SelfDescribingJson object at 0x772a40eb0050>, <snowplow_tracker.self_describing_json.SelfDescribingJson object at 0x772a40e8c950>, <snowplow_tracker.self_describing_json.SelfDescribingJson object at 0x772a40e59bf0>]}
[0m22:59:12.763494 [debug] [MainThread]: Flushing usage events
[0m22:59:13.377334 [debug] [MainThread]: An error was encountered while trying to flush usage events
[0m23:00:46.638310 [debug] [MainThread]: Sending event: {'category': 'dbt', 'action': 'invocation', 'label': 'start', 'context': [<snowplow_tracker.self_describing_json.SelfDescribingJson object at 0x7a326b2d2120>, <snowplow_tracker.self_describing_json.SelfDescribingJson object at 0x7a326ceb8f50>, <snowplow_tracker.self_describing_json.SelfDescribingJson object at 0x7a3269adf890>]}


============================== 23:00:46.642022 | c963775e-de3e-4af9-94f1-6db4431b9d6c ==============================
[0m23:00:46.642022 [info ] [MainThread]: Running with dbt=1.12.3
[0m23:00:46.643001 [debug] [MainThread]: running dbt with arguments {'log_path': 'logs', 'version_check': 'True', 'hints_enabled': 'True', 'introspect': 'True', 'printer_width': '80', 'quiet': 'False', 'fail_fast': 'False', 'cache_selected_only': 'False', 'empty': 'None', 'log_format': 'default', 'use_colors': 'True', 'invocation_command': 'dbt init', 'partial_parse': 'True', 'write_json': 'True', 'log_cache_events': 'False', 'indirect_selection': 'eager', 'maximum_seed_size_mib': '1', 'static_parser': 'True', 'target_path': 'None', 'warn_error': 'None', 'profiles_dir': '/home/paul/.dbt', 'debug': 'False', 'no_print': 'None', 'warn_error_options': 'WarnErrorOptionsV2(error=[], warn=[], silence=[])', 'send_anonymous_usage_stats': 'True', 'use_experimental_parser': 'False'}
[0m23:00:57.087522 [debug] [MainThread]: Starter project path: /home/paul/comptage_voyageur_sncf/comptage_sncf_dbt/.venv/lib/python3.14/site-packages/dbt/include/starter_project
[0m23:00:57.090958 [info ] [MainThread]: Setting up your profile.
[0m23:01:02.796259 [error] [MainThread]: [[31mERROR[0m]: Encountered an error:

[0m23:01:02.799821 [error] [MainThread]: Traceback (most recent call last):
  File "/home/paul/comptage_voyageur_sncf/comptage_sncf_dbt/.venv/lib/python3.14/site-packages/dbt/cli/requires.py", line 198, in wrapper
    result, success = func(*args, **kwargs)
                      ~~~~^^^^^^^^^^^^^^^^^
  File "/home/paul/comptage_voyageur_sncf/comptage_sncf_dbt/.venv/lib/python3.14/site-packages/dbt/cli/requires.py", line 144, in wrapper
    return func(*args, **kwargs)
  File "/home/paul/comptage_voyageur_sncf/comptage_sncf_dbt/.venv/lib/python3.14/site-packages/dbt/cli/main.py", line 504, in init
    results = task.run()
  File "/home/paul/comptage_voyageur_sncf/comptage_sncf_dbt/.venv/lib/python3.14/site-packages/dbt/task/init.py", line 363, in run
    self.setup_profile(profile_name)
    ~~~~~~~~~~~~~~~~~~^^^^^^^^^^^^^^
  File "/home/paul/comptage_voyageur_sncf/comptage_sncf_dbt/.venv/lib/python3.14/site-packages/dbt/task/init.py", line 264, in setup_profile
    adapter = self.ask_for_adapter_choice()
  File "/home/paul/comptage_voyageur_sncf/comptage_sncf_dbt/.venv/lib/python3.14/site-packages/dbt/task/init.py", line 245, in ask_for_adapter_choice
    numeric_choice = click.prompt(prompt_msg, type=click.INT)
  File "/home/paul/comptage_voyageur_sncf/comptage_sncf_dbt/.venv/lib/python3.14/site-packages/click/termui.py", line 262, in prompt
    value = prompt_func(prompt)
  File "/home/paul/comptage_voyageur_sncf/comptage_sncf_dbt/.venv/lib/python3.14/site-packages/click/termui.py", line 245, in prompt_func
    raise Abort() from None
click.exceptions.Abort

[0m23:01:02.801454 [debug] [MainThread]: Resource report: {"command_name": "init", "command_success": false, "command_wall_clock_time": 16.394579, "process_in_blocks": "56", "process_kernel_time": 0.107163, "process_mem_max_rss": "117768", "process_out_blocks": "80", "process_user_time": 1.575402}
[0m23:01:02.802460 [debug] [MainThread]: Command `dbt init` failed at 23:01:02.802289 after 16.40 seconds
[0m23:01:02.802917 [debug] [MainThread]: Sending event: {'category': 'dbt', 'action': 'invocation', 'label': 'end', 'context': [<snowplow_tracker.self_describing_json.SelfDescribingJson object at 0x7a32699c42b0>, <snowplow_tracker.self_describing_json.SelfDescribingJson object at 0x7a326998c050>, <snowplow_tracker.self_describing_json.SelfDescribingJson object at 0x7a3269979ae0>]}
[0m23:01:02.803476 [debug] [MainThread]: Flushing usage events
[0m23:01:03.238464 [debug] [MainThread]: An error was encountered while trying to flush usage events
[0m23:02:20.524136 [debug] [MainThread]: Sending event: {'category': 'dbt', 'action': 'invocation', 'label': 'start', 'context': [<snowplow_tracker.self_describing_json.SelfDescribingJson object at 0x78ead8eca120>, <snowplow_tracker.self_describing_json.SelfDescribingJson object at 0x78eadaab0f50>, <snowplow_tracker.self_describing_json.SelfDescribingJson object at 0x78ead76d7890>]}


============================== 23:02:20.529265 | 1597c365-88c0-44c7-80df-e2c84713435f ==============================
[0m23:02:20.529265 [info ] [MainThread]: Running with dbt=1.12.3
[0m23:02:20.529814 [debug] [MainThread]: running dbt with arguments {'indirect_selection': 'eager', 'debug': 'False', 'maximum_seed_size_mib': '1', 'static_parser': 'True', 'empty': 'None', 'log_format': 'default', 'version_check': 'True', 'quiet': 'False', 'printer_width': '80', 'warn_error_options': 'WarnErrorOptionsV2(error=[], warn=[], silence=[])', 'use_colors': 'True', 'log_cache_events': 'False', 'no_print': 'None', 'log_path': 'logs', 'profiles_dir': '/home/paul/.dbt', 'target_path': 'None', 'warn_error': 'None', 'write_json': 'True', 'partial_parse': 'True', 'use_experimental_parser': 'False', 'invocation_command': 'dbt init', 'fail_fast': 'False', 'hints_enabled': 'True', 'send_anonymous_usage_stats': 'True', 'introspect': 'True', 'cache_selected_only': 'False'}
[0m23:02:29.189592 [info ] [MainThread]: A project called dbt_project already exists here.
[0m23:02:29.190455 [debug] [MainThread]: Resource report: {"command_name": "init", "command_success": true, "command_wall_clock_time": 8.899487, "process_in_blocks": "0", "process_kernel_time": 0.110879, "process_mem_max_rss": "117580", "process_out_blocks": "24", "process_user_time": 1.580288}
[0m23:02:29.190935 [debug] [MainThread]: Command `dbt init` succeeded at 23:02:29.190799 after 8.90 seconds
[0m23:02:29.191274 [debug] [MainThread]: Sending event: {'category': 'dbt', 'action': 'invocation', 'label': 'end', 'context': [<snowplow_tracker.self_describing_json.SelfDescribingJson object at 0x78ead791d940>, <snowplow_tracker.self_describing_json.SelfDescribingJson object at 0x78ead7584050>, <snowplow_tracker.self_describing_json.SelfDescribingJson object at 0x78ead76fb9b0>]}
[0m23:02:29.191588 [debug] [MainThread]: Flushing usage events
[0m23:02:29.604293 [debug] [MainThread]: An error was encountered while trying to flush usage events
[0m23:03:34.370054 [debug] [MainThread]: Sending event: {'category': 'dbt', 'action': 'invocation', 'label': 'start', 'context': [<snowplow_tracker.self_describing_json.SelfDescribingJson object at 0x793f0b8be120>, <snowplow_tracker.self_describing_json.SelfDescribingJson object at 0x793f0d4a4f50>, <snowplow_tracker.self_describing_json.SelfDescribingJson object at 0x793f0a0cb890>]}


============================== 23:03:34.375359 | 4c59ae2a-d914-4a1d-8732-fd50bc28bbc9 ==============================
[0m23:03:34.375359 [info ] [MainThread]: Running with dbt=1.12.3
[0m23:03:34.375992 [debug] [MainThread]: running dbt with arguments {'warn_error': 'None', 'fail_fast': 'False', 'log_cache_events': 'False', 'log_format': 'default', 'printer_width': '80', 'version_check': 'True', 'use_experimental_parser': 'False', 'cache_selected_only': 'False', 'log_path': 'logs', 'quiet': 'False', 'warn_error_options': 'WarnErrorOptionsV2(error=[], warn=[], silence=[])', 'static_parser': 'True', 'profiles_dir': '/home/paul/.dbt', 'introspect': 'True', 'debug': 'False', 'partial_parse': 'True', 'maximum_seed_size_mib': '1', 'target_path': 'None', 'invocation_command': 'dbt init --profile dbt_project', 'indirect_selection': 'eager', 'no_print': 'None', 'write_json': 'True', 'hints_enabled': 'True', 'use_colors': 'True', 'send_anonymous_usage_stats': 'True', 'empty': 'None'}
[0m23:03:39.808347 [info ] [MainThread]: A project called dbt_project already exists here.
[0m23:03:39.809479 [debug] [MainThread]: Resource report: {"command_name": "init", "command_success": true, "command_wall_clock_time": 5.672602, "process_in_blocks": "0", "process_kernel_time": 0.124902, "process_mem_max_rss": "117592", "process_out_blocks": "8", "process_user_time": 1.56669}
[0m23:03:39.810653 [debug] [MainThread]: Command `dbt init` succeeded at 23:03:39.810533 after 5.67 seconds
[0m23:03:39.811080 [debug] [MainThread]: Sending event: {'category': 'dbt', 'action': 'invocation', 'label': 'end', 'context': [<snowplow_tracker.self_describing_json.SelfDescribingJson object at 0x793f0a30d940>, <snowplow_tracker.self_describing_json.SelfDescribingJson object at 0x793f09f78050>, <snowplow_tracker.self_describing_json.SelfDescribingJson object at 0x793f0a0ef9b0>]}
[0m23:03:39.811575 [debug] [MainThread]: Flushing usage events
[0m23:03:40.256307 [debug] [MainThread]: An error was encountered while trying to flush usage events
[0m23:24:42.076499 [debug] [MainThread]: Sending event: {'category': 'dbt', 'action': 'invocation', 'label': 'start', 'context': [<snowplow_tracker.self_describing_json.SelfDescribingJson object at 0x7110994c6120>, <snowplow_tracker.self_describing_json.SelfDescribingJson object at 0x71109b184f50>, <snowplow_tracker.self_describing_json.SelfDescribingJson object at 0x711097cd3890>]}


============================== 23:24:42.084974 | 318984b6-c63e-49e8-96c0-7c22309dcbbf ==============================
[0m23:24:42.084974 [info ] [MainThread]: Running with dbt=1.12.3
[0m23:24:42.085545 [debug] [MainThread]: running dbt with arguments {'use_colors': 'True', 'profiles_dir': '/home/paul/.dbt', 'introspect': 'True', 'printer_width': '80', 'warn_error': 'None', 'use_experimental_parser': 'False', 'log_path': 'logs', 'maximum_seed_size_mib': '1', 'debug': 'False', 'warn_error_options': 'WarnErrorOptionsV2(error=[], warn=[], silence=[])', 'static_parser': 'True', 'version_check': 'True', 'fail_fast': 'False', 'cache_selected_only': 'False', 'quiet': 'False', 'no_print': 'None', 'log_format': 'default', 'hints_enabled': 'True', 'write_json': 'True', 'empty': 'None', 'invocation_command': 'dbt debug', 'target_path': 'None', 'partial_parse': 'True', 'indirect_selection': 'eager', 'send_anonymous_usage_stats': 'True', 'log_cache_events': 'False'}
[0m23:24:42.092598 [info ] [MainThread]: dbt version: 1.12.3
[0m23:24:42.092995 [info ] [MainThread]: python version: 3.14.7
[0m23:24:42.093218 [info ] [MainThread]: python path: /home/paul/comptage_voyageur_sncf/comptage_sncf_dbt/.venv/bin/python
[0m23:24:42.093404 [info ] [MainThread]: os info: Linux-7.0.0-30-generic-x86_64-with-glibc2.39
[0m23:24:43.606017 [debug] [MainThread]: Spark adapter: Setting pyhive.hive logging to ERROR
[0m23:24:43.606389 [debug] [MainThread]: Spark adapter: Setting thrift.transport logging to ERROR
[0m23:24:43.606613 [debug] [MainThread]: Spark adapter: Setting thrift.protocol logging to ERROR
[0m23:24:45.387255 [info ] [MainThread]: Using profiles dir at /home/paul/.dbt
[0m23:24:45.387621 [info ] [MainThread]: Using profiles.yml file at /home/paul/.dbt/profiles.yml
[0m23:24:45.387869 [info ] [MainThread]: Using dbt_project.yml file at /home/paul/comptage_voyageur_sncf/comptage_sncf_dbt/dbt_project.yml
[0m23:24:45.388082 [info ] [MainThread]: adapter type: databricks
[0m23:24:45.388278 [info ] [MainThread]: adapter version: 1.12.5
[0m23:24:45.388499 [info ] [MainThread]: Configuration:
[0m23:24:45.388688 [info ] [MainThread]:   profiles.yml file [[32mOK found and valid[0m]
[0m23:24:45.388884 [info ] [MainThread]:   dbt_project.yml file [[31mERROR not found[0m]
[0m23:24:45.389062 [info ] [MainThread]: Required dependencies:
[0m23:24:45.389263 [debug] [MainThread]: Executing "git --help"
[0m23:24:45.393130 [debug] [MainThread]: STDOUT: "b"usage : git [-v | --version] [-h | --help] [-C <path>] [-c <name>=<value>]\n           [--exec-path[=<path>]] [--html-path] [--man-path] [--info-path]\n           [-p | --paginate | -P | --no-pager] [--no-replace-objects] [--bare]\n           [--git-dir=<path>] [--work-tree=<path>] [--namespace=<name>]\n           [--config-env=<name>=<envvar>] <command> [<args>]\n\nCi-dessous les commandes Git habituelles dans diverses situations\xc2\xa0:\n\nd\xc3\xa9marrer une zone de travail (voir aussi\xc2\xa0: git help tutorial)\n   clone     Cloner un d\xc3\xa9p\xc3\xb4t dans un nouveau r\xc3\xa9pertoire\n   init      Cr\xc3\xa9er un d\xc3\xa9p\xc3\xb4t Git vide ou r\xc3\xa9initialiser un existant\n\ntravailler sur la modification actuelle (voir aussi\xc2\xa0: git help revisions)\n   add       Ajouter le contenu de fichiers dans l'index\n   mv        D\xc3\xa9placer ou renommer un fichier, un r\xc3\xa9pertoire, ou un lien symbolique\n   restore   Restaurer les fichiers l'arbre de travail\n   rm        Supprimer des fichiers de la copie de travail et de l'index\n\nexaminer l'historique et l'\xc3\xa9tat (voir aussi\xc2\xa0: git help revisions)\n   bisect    Trouver par recherche binaire la modification qui a introduit un bogue\n   diff      Afficher les changements entre les validations, entre validation et copie de travail, etc\n   grep      Afficher les lignes correspondant \xc3\xa0 un motif\n   log       Afficher l'historique des validations\n   show      Afficher diff\xc3\xa9rents types d'objets\n   status    Afficher l'\xc3\xa9tat de la copie de travail\n\nagrandir, marquer et modifier votre historique\n   branch    Lister, cr\xc3\xa9er ou supprimer des branches\n   commit    Enregistrer les modifications dans le d\xc3\xa9p\xc3\xb4t\n   merge     Fusionner deux ou plusieurs historiques de d\xc3\xa9veloppement ensemble\n   rebase    R\xc3\xa9application des commits sur le sommet de l'autre base\n   reset     R\xc3\xa9initialiser la HEAD courante \xc3\xa0 l'\xc3\xa9tat sp\xc3\xa9cifi\xc3\xa9\n   switch    Basculer de branche\n   tag       Cr\xc3\xa9er, lister, supprimer ou v\xc3\xa9rifier un objet d'\xc3\xa9tiquette sign\xc3\xa9 avec GPG\n\ncollaborer (voir aussi\xc2\xa0: git help workflows)\n   fetch     T\xc3\xa9l\xc3\xa9charger les objets et r\xc3\xa9f\xc3\xa9rences depuis un autre d\xc3\xa9p\xc3\xb4t\n   pull      Rapatrier et int\xc3\xa9grer un autre d\xc3\xa9p\xc3\xb4t ou une branche locale\n   push      Mettre \xc3\xa0 jour les r\xc3\xa9f\xc3\xa9rences distantes ainsi que les objets associ\xc3\xa9s\n\n'git help -a' et 'git help -g' listent les sous-commandes disponibles et\nquelques concepts. Voir 'git help <commande>' ou 'git help <concept>'\npour en lire plus \xc3\xa0 propos d'une commande sp\xc3\xa9cifique ou d'un concept.\nVoir 'git help git' pour un survol du syst\xc3\xa8me.\n""
[0m23:24:45.393502 [debug] [MainThread]: STDERR: "b''"
[0m23:24:45.393737 [info ] [MainThread]:  - git [[32mOK found[0m]

[0m23:24:45.393963 [info ] [MainThread]: Connection:
[0m23:24:45.394202 [info ] [MainThread]:   host: YOUR.HOST.COM
[0m23:24:45.394390 [info ] [MainThread]:   http_path: /sql/1.0/warehouses/d6caf492862d1779
[0m23:24:45.394587 [info ] [MainThread]:   catalog: sncf_comptage
[0m23:24:45.394773 [info ] [MainThread]:   schema: default
[0m23:24:45.395077 [info ] [MainThread]: Registered adapter: databricks=1.12.5
[0m23:24:45.481719 [debug] [MainThread]: Databricks adapter: DatabricksDBTConnection(session-id=None, name=debug) - Creating connection
[0m23:24:45.482440 [debug] [MainThread]: Acquiring new databricks connection 'debug'
[0m23:24:47.300644 [info ] [MainThread]: Databricks adapter: SPOG discovery probe to 'https://YOUR.HOST.COM/.well-known/databricks-config' failed after 3 attempts (last error: HTTPSConnectionPool(host='your.host.com', port=443): Max retries exceeded with url: /.well-known/databricks-config (Caused by NameResolutionError("HTTPSConnection(host='your.host.com', port=443): Failed to resolve 'your.host.com' ([Errno -2] Name or service not known)"))). Proceeding as a non-SPOG host. If YOUR.HOST.COM is a SPOG (unified) workspace, routing errors may follow; verify network reachability to /.well-known/databricks-config.
[0m23:24:47.310464 [info ] [MainThread]: Databricks adapter:   SPOG host (host_type=None): no
[0m23:24:47.311176 [info ] [MainThread]: Databricks adapter:   workspace_id (from ?o= in http_path): None
[0m23:24:47.311437 [info ] [MainThread]: Databricks adapter:   databricks-sql-connector version: 4.4.0 (supported)
[0m23:24:47.311652 [info ] [MainThread]: Databricks adapter:   databricks-sdk version: 0.117.0 (supported)
[0m23:24:47.311964 [debug] [MainThread]: Using databricks connection "debug"
[0m23:24:47.312226 [debug] [MainThread]: On debug: select 1 as id
[0m23:24:47.312487 [debug] [MainThread]: Opening a new connection, currently in state init
[0m23:25:01.871522 [error] [MainThread]: [[31mERROR[0m]: Encountered an error:

[0m23:25:01.887163 [error] [MainThread]: Traceback (most recent call last):
  File "/home/paul/comptage_voyageur_sncf/comptage_sncf_dbt/.venv/lib/python3.14/site-packages/urllib3/connection.py", line 239, in _new_conn
    sock = connection.create_connection(
        (self._dns_host, self.port),
    ...<2 lines>...
        socket_options=self.socket_options,
    )
  File "/home/paul/comptage_voyageur_sncf/comptage_sncf_dbt/.venv/lib/python3.14/site-packages/urllib3/util/connection.py", line 60, in create_connection
    for res in socket.getaddrinfo(host, port, family, socket.SOCK_STREAM):
               ~~~~~~~~~~~~~~~~~~^^^^^^^^^^^^^^^^^^^^^^^^^^^^^^^^^^^^^^^^
  File "/home/paul/.local/share/uv/python/cpython-3.14.7-linux-x86_64-gnu/lib/python3.14/socket.py", line 989, in getaddrinfo
    for res in _socket.getaddrinfo(host, port, family, type, proto, flags):
               ~~~~~~~~~~~~~~~~~~~^^^^^^^^^^^^^^^^^^^^^^^^^^^^^^^^^^^^^^^^
socket.gaierror: [Errno -2] Name or service not known

The above exception was the direct cause of the following exception:

Traceback (most recent call last):
  File "/home/paul/comptage_voyageur_sncf/comptage_sncf_dbt/.venv/lib/python3.14/site-packages/urllib3/connectionpool.py", line 793, in urlopen
    response = self._make_request(
        conn,
    ...<10 lines>...
        **response_kw,
    )
  File "/home/paul/comptage_voyageur_sncf/comptage_sncf_dbt/.venv/lib/python3.14/site-packages/urllib3/connectionpool.py", line 494, in _make_request
    raise new_e
  File "/home/paul/comptage_voyageur_sncf/comptage_sncf_dbt/.venv/lib/python3.14/site-packages/urllib3/connectionpool.py", line 470, in _make_request
    self._validate_conn(conn)
    ~~~~~~~~~~~~~~~~~~~^^^^^^
  File "/home/paul/comptage_voyageur_sncf/comptage_sncf_dbt/.venv/lib/python3.14/site-packages/urllib3/connectionpool.py", line 1125, in _validate_conn
    conn.connect()
    ~~~~~~~~~~~~^^
  File "/home/paul/comptage_voyageur_sncf/comptage_sncf_dbt/.venv/lib/python3.14/site-packages/urllib3/connection.py", line 827, in connect
    self.sock = sock = self._new_conn()
                       ~~~~~~~~~~~~~~^^
  File "/home/paul/comptage_voyageur_sncf/comptage_sncf_dbt/.venv/lib/python3.14/site-packages/urllib3/connection.py", line 246, in _new_conn
    raise NameResolutionError(self.host, self, e) from e
urllib3.exceptions.NameResolutionError: HTTPSConnection(host='your.host.com', port=443): Failed to resolve 'your.host.com' ([Errno -2] Name or service not known)

The above exception was the direct cause of the following exception:

Traceback (most recent call last):
  File "/home/paul/comptage_voyageur_sncf/comptage_sncf_dbt/.venv/lib/python3.14/site-packages/requests/adapters.py", line 696, in send
    resp = conn.urlopen(
        method=request.method,
    ...<9 lines>...
        chunked=chunked,
    )
  File "/home/paul/comptage_voyageur_sncf/comptage_sncf_dbt/.venv/lib/python3.14/site-packages/urllib3/connectionpool.py", line 847, in urlopen
    retries = retries.increment(
        method, url, error=new_e, _pool=self, _stacktrace=sys.exc_info()[2]
    )
  File "/home/paul/comptage_voyageur_sncf/comptage_sncf_dbt/.venv/lib/python3.14/site-packages/urllib3/util/retry.py", line 555, in increment
    raise MaxRetryError(_pool, url, reason) from reason  # type: ignore[arg-type]
    ^^^^^^^^^^^^^^^^^^^^^^^^^^^^^^^^^^^^^^^^^^^^^^^^^^^
urllib3.exceptions.MaxRetryError: HTTPSConnectionPool(host='your.host.com', port=443): Max retries exceeded with url: /.well-known/databricks-config (Caused by NameResolutionError("HTTPSConnection(host='your.host.com', port=443): Failed to resolve 'your.host.com' ([Errno -2] Name or service not known)"))

During handling of the above exception, another exception occurred:

Traceback (most recent call last):
  File "/home/paul/comptage_voyageur_sncf/comptage_sncf_dbt/.venv/lib/python3.14/site-packages/databricks/sdk/retries.py", line 38, in wrapper
    return func(*args, **kwargs)
  File "/home/paul/comptage_voyageur_sncf/comptage_sncf_dbt/.venv/lib/python3.14/site-packages/databricks/sdk/_base_client.py", line 284, in _perform
    response = self._session.request(
        method,
    ...<8 lines>...
        timeout=self._http_timeout_seconds,
    )
  File "/home/paul/comptage_voyageur_sncf/comptage_sncf_dbt/.venv/lib/python3.14/site-packages/requests/sessions.py", line 651, in request
    resp = self.send(prep, **send_kwargs)
  File "/home/paul/comptage_voyageur_sncf/comptage_sncf_dbt/.venv/lib/python3.14/site-packages/requests/sessions.py", line 784, in send
    r = adapter.send(request, **kwargs)
  File "/home/paul/comptage_voyageur_sncf/comptage_sncf_dbt/.venv/lib/python3.14/site-packages/requests/adapters.py", line 729, in send
    raise ConnectionError(e, request=request)
requests.exceptions.ConnectionError: HTTPSConnectionPool(host='your.host.com', port=443): Max retries exceeded with url: /.well-known/databricks-config (Caused by NameResolutionError("HTTPSConnection(host='your.host.com', port=443): Failed to resolve 'your.host.com' ([Errno -2] Name or service not known)"))

During handling of the above exception, another exception occurred:

Traceback (most recent call last):
  File "/home/paul/comptage_voyageur_sncf/comptage_sncf_dbt/.venv/lib/python3.14/site-packages/dbt/cli/requires.py", line 198, in wrapper
    result, success = func(*args, **kwargs)
                      ~~~~^^^^^^^^^^^^^^^^^
  File "/home/paul/comptage_voyageur_sncf/comptage_sncf_dbt/.venv/lib/python3.14/site-packages/dbt/cli/requires.py", line 144, in wrapper
    return func(*args, **kwargs)
  File "/home/paul/comptage_voyageur_sncf/comptage_sncf_dbt/.venv/lib/python3.14/site-packages/dbt/cli/main.py", line 440, in debug
    results = task.run()
  File "/home/paul/comptage_voyageur_sncf/comptage_sncf_dbt/.venv/lib/python3.14/site-packages/dbt/task/debug.py", line 144, in run
    connection_status = self.test_connection()
  File "/home/paul/comptage_voyageur_sncf/comptage_sncf_dbt/.venv/lib/python3.14/site-packages/dbt/task/debug.py", line 465, in test_connection
    connection_result = self.attempt_connection(self.profile)
  File "/home/paul/comptage_voyageur_sncf/comptage_sncf_dbt/.venv/lib/python3.14/site-packages/dbt/task/debug.py", line 443, in attempt_connection
    adapter.debug_query()
    ~~~~~~~~~~~~~~~~~~~^^
  File "/home/paul/comptage_voyageur_sncf/comptage_sncf_dbt/.venv/lib/python3.14/site-packages/dbt/adapters/databricks/impl.py", line 1179, in debug_query
    self.execute("select 1 as id")
    ~~~~~~~~~~~~^^^^^^^^^^^^^^^^^^
  File "/home/paul/comptage_voyageur_sncf/comptage_sncf_dbt/.venv/lib/python3.14/site-packages/dbt/adapters/databricks/impl.py", line 520, in execute
    return super().execute(sql=sql, auto_begin=auto_begin, fetch=fetch, limit=limit)
           ~~~~~~~~~~~~~~~^^^^^^^^^^^^^^^^^^^^^^^^^^^^^^^^^^^^^^^^^^^^^^^^^^^^^^^^^^
  File "/home/paul/comptage_voyageur_sncf/comptage_sncf_dbt/.venv/lib/python3.14/site-packages/dbt_common/record.py", line 538, in record_replay_wrapper
    return func_to_record(*call_args, **kwargs)
  File "/home/paul/comptage_voyageur_sncf/comptage_sncf_dbt/.venv/lib/python3.14/site-packages/dbt/adapters/base/impl.py", line 523, in execute
    return self.connections.execute(sql=sql, auto_begin=auto_begin, fetch=fetch, limit=limit)
           ~~~~~~~~~~~~~~~~~~~~~~~~^^^^^^^^^^^^^^^^^^^^^^^^^^^^^^^^^^^^^^^^^^^^^^^^^^^^^^^^^^
  File "/home/paul/comptage_voyageur_sncf/comptage_sncf_dbt/.venv/lib/python3.14/site-packages/dbt/adapters/databricks/connections.py", line 384, in execute
    _, cursor = self.add_query(sql, auto_begin)
                ~~~~~~~~~~~~~~^^^^^^^^^^^^^^^^^
  File "/home/paul/comptage_voyageur_sncf/comptage_sncf_dbt/.venv/lib/python3.14/site-packages/dbt/adapters/databricks/connections.py", line 356, in add_query
    handle: DatabricksHandle = connection.handle
                               ^^^^^^^^^^^^^^^^^
  File "/home/paul/comptage_voyageur_sncf/comptage_sncf_dbt/.venv/lib/python3.14/site-packages/dbt/adapters/contracts/connection.py", line 96, in handle
    self._handle.resolve(self)
    ~~~~~~~~~~~~~~~~~~~~^^^^^^
  File "/home/paul/comptage_voyageur_sncf/comptage_sncf_dbt/.venv/lib/python3.14/site-packages/dbt/adapters/contracts/connection.py", line 120, in resolve
    return self.opener(connection)
           ~~~~~~~~~~~^^^^^^^^^^^^
  File "/home/paul/comptage_voyageur_sncf/comptage_sncf_dbt/.venv/lib/python3.14/site-packages/dbt/adapters/databricks/connections.py", line 536, in open
    return cls.retry_connection(
           ~~~~~~~~~~~~~~~~~~~~^
        connection,
        ^^^^^^^^^^^
    ...<4 lines>...
        retry_timeout=(timeout if timeout is not None else exponential_backoff),
        ^^^^^^^^^^^^^^^^^^^^^^^^^^^^^^^^^^^^^^^^^^^^^^^^^^^^^^^^^^^^^^^^^^^^^^^^
    )
    ^
  File "/home/paul/comptage_voyageur_sncf/comptage_sncf_dbt/.venv/lib/python3.14/site-packages/dbt/adapters/base/connections.py", line 237, in retry_connection
    connection.handle = connect()
                        ~~~~~~~^^
  File "/home/paul/comptage_voyageur_sncf/comptage_sncf_dbt/.venv/lib/python3.14/site-packages/dbt/adapters/databricks/connections.py", line 511, in connect
    conn = DatabricksHandle.from_connection_args(
        conn_args,
        is_cluster_http_path(databricks_connection.http_path, creds.cluster_id),
    )
  File "/home/paul/comptage_voyageur_sncf/comptage_sncf_dbt/.venv/lib/python3.14/site-packages/dbt/adapters/databricks/handle.py", line 280, in from_connection_args
    conn = dbsql.connect(**conn_args)
  File "/home/paul/comptage_voyageur_sncf/comptage_sncf_dbt/.venv/lib/python3.14/site-packages/databricks/sql/__init__.py", line 93, in connect
    return Connection(server_hostname, http_path, access_token, **kwargs)
  File "/home/paul/comptage_voyageur_sncf/comptage_sncf_dbt/.venv/lib/python3.14/site-packages/databricks/sql/client.py", line 321, in __init__
    self.session = Session(
                   ~~~~~~~^
        server_hostname,
        ^^^^^^^^^^^^^^^^
    ...<7 lines>...
        **kwargs,
        ^^^^^^^^^
    )
    ^
  File "/home/paul/comptage_voyageur_sncf/comptage_sncf_dbt/.venv/lib/python3.14/site-packages/databricks/sql/session.py", line 121, in __init__
    self.auth_provider = get_python_sql_connector_auth_provider(
                         ~~~~~~~~~~~~~~~~~~~~~~~~~~~~~~~~~~~~~~^
        server_hostname, http_client=self.http_client, **kwargs
        ^^^^^^^^^^^^^^^^^^^^^^^^^^^^^^^^^^^^^^^^^^^^^^^^^^^^^^^
    )
    ^
  File "/home/paul/comptage_voyageur_sncf/comptage_sncf_dbt/.venv/lib/python3.14/site-packages/databricks/sql/auth/auth.py", line 136, in get_python_sql_connector_auth_provider
    return get_auth_provider(cfg, http_client)
  File "/home/paul/comptage_voyageur_sncf/comptage_sncf_dbt/.venv/lib/python3.14/site-packages/databricks/sql/auth/auth.py", line 19, in get_auth_provider
    base_provider = ExternalAuthProvider(cfg.credentials_provider)
  File "/home/paul/comptage_voyageur_sncf/comptage_sncf_dbt/.venv/lib/python3.14/site-packages/databricks/sql/auth/authenticators.py", line 151, in __init__
    self._header_factory = credentials_provider()
                           ~~~~~~~~~~~~~~~~~~~~^^
  File "/home/paul/comptage_voyageur_sncf/comptage_sncf_dbt/.venv/lib/python3.14/site-packages/dbt/adapters/databricks/credentials.py", line 433, in inner
    return self.header_factory
           ^^^^^^^^^^^^^^^^^^^
  File "/home/paul/comptage_voyageur_sncf/comptage_sncf_dbt/.venv/lib/python3.14/site-packages/dbt/adapters/databricks/credentials.py", line 439, in header_factory
    header_factory = self._ensure_config()._header_factory
                     ~~~~~~~~~~~~~~~~~~~^^
  File "/home/paul/comptage_voyageur_sncf/comptage_sncf_dbt/.venv/lib/python3.14/site-packages/dbt/adapters/databricks/credentials.py", line 379, in _ensure_config
    self._config = self.authenticate_with_external_browser()
                   ~~~~~~~~~~~~~~~~~~~~~~~~~~~~~~~~~~~~~~~^^
  File "/home/paul/comptage_voyageur_sncf/comptage_sncf_dbt/.venv/lib/python3.14/site-packages/dbt/adapters/databricks/credentials.py", line 327, in authenticate_with_external_browser
    return Config(
        **self._config_kwargs(
    ...<4 lines>...
        )
    )
  File "/home/paul/comptage_voyageur_sncf/comptage_sncf_dbt/.venv/lib/python3.14/site-packages/databricks/sdk/config.py", line 321, in __init__
    self._resolve_host_metadata()
    ~~~~~~~~~~~~~~~~~~~~~~~~~~~^^
  File "/home/paul/comptage_voyageur_sncf/comptage_sncf_dbt/.venv/lib/python3.14/site-packages/databricks/sdk/config.py", line 641, in _resolve_host_metadata
    meta = get_host_metadata(self.host)
  File "/home/paul/comptage_voyageur_sncf/comptage_sncf_dbt/.venv/lib/python3.14/site-packages/databricks/sdk/oauth.py", line 482, in get_host_metadata
    resp = client.do("GET", f"{host}/.well-known/databricks-config")
  File "/home/paul/comptage_voyageur_sncf/comptage_sncf_dbt/.venv/lib/python3.14/site-packages/databricks/sdk/_base_client.py", line 197, in do
    response = call(
        method,
    ...<7 lines>...
        auth=auth,
    )
  File "/home/paul/comptage_voyageur_sncf/comptage_sncf_dbt/.venv/lib/python3.14/site-packages/databricks/sdk/retries.py", line 65, in wrapper
    clock.sleep(sleep + random())
    ~~~~~~~~~~~^^^^^^^^^^^^^^^^^^
  File "/home/paul/comptage_voyageur_sncf/comptage_sncf_dbt/.venv/lib/python3.14/site-packages/databricks/sdk/clock.py", line 48, in sleep
    time.sleep(seconds)
    ~~~~~~~~~~^^^^^^^^^
KeyboardInterrupt

[0m23:25:01.888883 [debug] [MainThread]: Resource report: {"command_name": "debug", "command_success": false, "command_wall_clock_time": 19.922926, "process_in_blocks": "178424", "process_kernel_time": 0.206576, "process_mem_max_rss": "331900", "process_out_blocks": "53416", "process_user_time": 5.131707}
[0m23:25:01.889736 [debug] [MainThread]: Command `dbt debug` failed at 23:25:01.889627 after 19.92 seconds
[0m23:25:01.890095 [debug] [MainThread]: Sending event: {'category': 'dbt', 'action': 'invocation', 'label': 'end', 'context': [<snowplow_tracker.self_describing_json.SelfDescribingJson object at 0x7110674ad0f0>, <snowplow_tracker.self_describing_json.SelfDescribingJson object at 0x711066d84cb0>, <snowplow_tracker.self_describing_json.SelfDescribingJson object at 0x7110674b1150>]}
[0m23:25:01.890483 [debug] [MainThread]: Flushing usage events
[0m23:25:02.270855 [debug] [MainThread]: An error was encountered while trying to flush usage events
