[2026-09-25T13:18:04.097+0000] {local_task_job_runner.py:123} INFO - ::group::Pre task execution logs
[2026-09-25T13:18:04.109+0000] {taskinstance.py:2614} INFO - Dependencies all met for dep_context=non-requeueable deps ti=<TaskInstance: comptage_dag.download_data manual__2026-09-25T13:18:03.005150+00:00 [queued]>
[2026-09-25T13:18:04.115+0000] {taskinstance.py:2614} INFO - Dependencies all met for dep_context=requeueable deps ti=<TaskInstance: comptage_dag.download_data manual__2026-09-25T13:18:03.005150+00:00 [queued]>
[2026-09-25T13:18:04.115+0000] {taskinstance.py:2867} INFO - Starting attempt 1 of 2
[2026-09-25T13:18:04.125+0000] {taskinstance.py:2890} INFO - Executing <Task(HttpToS3Operator): download_data> on 2026-09-25 13:18:03.005150+00:00
[2026-09-25T13:18:04.130+0000] {warnings.py:112} WARNING - /home/***/.local/lib/python3.12/site-packages/***/task/task_runner/standard_task_runner.py:70: DeprecationWarning: This process (pid=874) is multi-threaded, use of fork() may lead to deadlocks in the child.
  pid = os.fork()

[2026-09-25T13:18:04.131+0000] {standard_task_runner.py:72} INFO - Started process 882 to run task
[2026-09-25T13:18:04.131+0000] {standard_task_runner.py:104} INFO - Running: ['***', 'tasks', 'run', 'comptage_dag', 'download_data', 'manual__2026-09-25T13:18:03.005150+00:00', '--job-id', '35', '--raw', '--subdir', 'DAGS_FOLDER/comptage_dag.py', '--cfg-path', '/tmp/tmpilr7ks9f']
[2026-09-25T13:18:04.132+0000] {standard_task_runner.py:105} INFO - Job 35: Subtask download_data
[2026-09-25T13:18:04.160+0000] {task_command.py:467} INFO - Running <TaskInstance: comptage_dag.download_data manual__2026-09-25T13:18:03.005150+00:00 [running]> on host d7d2b2055729
[2026-09-25T13:18:04.215+0000] {taskinstance.py:3134} INFO - Exporting env vars: AIRFLOW_CTX_DAG_EMAIL='paulcoffi2002@gmail.com' AIRFLOW_CTX_DAG_OWNER='***' AIRFLOW_CTX_DAG_ID='comptage_dag' AIRFLOW_CTX_TASK_ID='download_data' AIRFLOW_CTX_EXECUTION_DATE='2026-09-25T13:18:03.005150+00:00' AIRFLOW_CTX_TRY_NUMBER='1' AIRFLOW_CTX_DAG_RUN_ID='manual__2026-09-25T13:18:03.005150+00:00'
[2026-09-25T13:18:04.216+0000] {taskinstance.py:732} INFO - ::endgroup::
[2026-09-25T13:18:04.218+0000] {http_to_s3.py:165} INFO - Calling HTTP method
[2026-09-25T13:18:04.223+0000] {base.py:84} INFO - Retrieving connection 'sncf_comptage_endpoint'
[2026-09-25T13:18:05.278+0000] {base.py:84} INFO - Retrieving connection 'blackblaze_conn'
[2026-09-25T13:18:05.278+0000] {connection_wrapper.py:325} INFO - AWS Connection (conn_id='blackblaze_conn', conn_type='aws') credentials retrieved from login and password.
[2026-09-25T13:18:07.183+0000] {taskinstance.py:341} INFO - ::group::Post task execution logs
[2026-09-25T13:18:07.183+0000] {taskinstance.py:353} INFO - Marking task as SUCCESS. dag_id=comptage_dag, task_id=download_data, run_id=manual__2026-09-25T13:18:03.005150+00:00, execution_date=20260925T131803, start_date=20260925T131804, end_date=20260925T131807
[2026-09-25T13:18:07.232+0000] {local_task_job_runner.py:266} INFO - Task exited with return code 0
[2026-09-25T13:18:07.242+0000] {taskinstance.py:3901} INFO - 0 downstream tasks scheduled from follow-on schedule check
[2026-09-25T13:18:07.243+0000] {local_task_job_runner.py:245} INFO - ::endgroup::
