[2026-09-26T18:11:52.817+0000] {processor.py:186} INFO - Started process (PID=310) to work on /home/airflow/.local/lib/python3.12/site-packages/airflow/example_dags/example_task_group.py
[2026-09-26T18:11:52.818+0000] {processor.py:914} INFO - Processing file /home/airflow/.local/lib/python3.12/site-packages/airflow/example_dags/example_task_group.py for tasks to queue
[2026-09-26T18:11:52.822+0000] {logging_mixin.py:190} INFO - [2026-09-26T18:11:52.821+0000] {dagbag.py:588} INFO - Filling up the DagBag from /home/airflow/.local/lib/python3.12/site-packages/airflow/example_dags/example_task_group.py
[2026-09-26T18:11:52.835+0000] {processor.py:925} INFO - DAG(s) 'example_task_group' retrieved from /home/airflow/.local/lib/python3.12/site-packages/airflow/example_dags/example_task_group.py
[2026-09-26T18:11:52.930+0000] {logging_mixin.py:190} INFO - [2026-09-26T18:11:52.929+0000] {override.py:1911} INFO - Created Permission View: can edit on DAG:example_task_group
[2026-09-26T18:11:52.946+0000] {logging_mixin.py:190} INFO - [2026-09-26T18:11:52.945+0000] {override.py:1911} INFO - Created Permission View: can delete on DAG:example_task_group
[2026-09-26T18:11:52.949+0000] {logging_mixin.py:190} INFO - [2026-09-26T18:11:52.949+0000] {override.py:1911} INFO - Created Permission View: can read on DAG:example_task_group
[2026-09-26T18:11:52.954+0000] {logging_mixin.py:190} INFO - [2026-09-26T18:11:52.954+0000] {override.py:1911} INFO - Created Permission View: can delete on DAG Run:example_task_group
[2026-09-26T18:11:52.961+0000] {logging_mixin.py:190} INFO - [2026-09-26T18:11:52.960+0000] {override.py:1911} INFO - Created Permission View: menu access on DAG Run:example_task_group
[2026-09-26T18:11:52.968+0000] {logging_mixin.py:190} INFO - [2026-09-26T18:11:52.967+0000] {override.py:1911} INFO - Created Permission View: can create on DAG Run:example_task_group
[2026-09-26T18:11:52.973+0000] {logging_mixin.py:190} INFO - [2026-09-26T18:11:52.973+0000] {override.py:1911} INFO - Created Permission View: can read on DAG Run:example_task_group
[2026-09-26T18:11:52.974+0000] {logging_mixin.py:190} INFO - [2026-09-26T18:11:52.974+0000] {dag.py:3239} INFO - Sync 1 DAGs
[2026-09-26T18:11:52.985+0000] {logging_mixin.py:190} INFO - [2026-09-26T18:11:52.985+0000] {dag.py:3262} INFO - Creating ORM DAG for example_task_group
[2026-09-26T18:11:52.986+0000] {logging_mixin.py:190} INFO - [2026-09-26T18:11:52.986+0000] {dag.py:4180} INFO - Setting next_dagrun for example_task_group to None, run_after=None
[2026-09-26T18:11:53.007+0000] {processor.py:208} INFO - Processing /home/airflow/.local/lib/python3.12/site-packages/airflow/example_dags/example_task_group.py took 0.197 seconds
[2026-09-26T18:12:23.187+0000] {processor.py:186} INFO - Started process (PID=608) to work on /home/airflow/.local/lib/python3.12/site-packages/airflow/example_dags/example_task_group.py
[2026-09-26T18:12:23.189+0000] {processor.py:914} INFO - Processing file /home/airflow/.local/lib/python3.12/site-packages/airflow/example_dags/example_task_group.py for tasks to queue
[2026-09-26T18:12:23.192+0000] {logging_mixin.py:190} INFO - [2026-09-26T18:12:23.191+0000] {dagbag.py:588} INFO - Filling up the DagBag from /home/airflow/.local/lib/python3.12/site-packages/airflow/example_dags/example_task_group.py
[2026-09-26T18:12:23.202+0000] {processor.py:925} INFO - DAG(s) 'example_task_group' retrieved from /home/airflow/.local/lib/python3.12/site-packages/airflow/example_dags/example_task_group.py
[2026-09-26T18:12:23.221+0000] {logging_mixin.py:190} INFO - [2026-09-26T18:12:23.221+0000] {dag.py:3239} INFO - Sync 1 DAGs
[2026-09-26T18:12:23.234+0000] {logging_mixin.py:190} INFO - [2026-09-26T18:12:23.234+0000] {dag.py:4180} INFO - Setting next_dagrun for example_task_group to None, run_after=None
[2026-09-26T18:12:23.251+0000] {processor.py:208} INFO - Processing /home/airflow/.local/lib/python3.12/site-packages/airflow/example_dags/example_task_group.py took 0.071 seconds
