[2026-09-26T18:11:57.145+0000] {processor.py:186} INFO - Started process (PID=440) to work on /home/airflow/.local/lib/python3.12/site-packages/airflow/example_dags/example_branch_datetime_operator.py
[2026-09-26T18:11:57.146+0000] {processor.py:914} INFO - Processing file /home/airflow/.local/lib/python3.12/site-packages/airflow/example_dags/example_branch_datetime_operator.py for tasks to queue
[2026-09-26T18:11:57.148+0000] {logging_mixin.py:190} INFO - [2026-09-26T18:11:57.148+0000] {dagbag.py:588} INFO - Filling up the DagBag from /home/airflow/.local/lib/python3.12/site-packages/airflow/example_dags/example_branch_datetime_operator.py
[2026-09-26T18:11:57.173+0000] {processor.py:925} INFO - DAG(s) 'example_branch_datetime_operator', 'example_branch_datetime_operator_2', 'example_branch_datetime_operator_3' retrieved from /home/airflow/.local/lib/python3.12/site-packages/airflow/example_dags/example_branch_datetime_operator.py
[2026-09-26T18:11:57.306+0000] {logging_mixin.py:190} INFO - [2026-09-26T18:11:57.304+0000] {override.py:1911} INFO - Created Permission View: can edit on DAG:example_branch_datetime_operator
[2026-09-26T18:11:57.317+0000] {logging_mixin.py:190} INFO - [2026-09-26T18:11:57.316+0000] {override.py:1911} INFO - Created Permission View: can delete on DAG:example_branch_datetime_operator
[2026-09-26T18:11:57.324+0000] {logging_mixin.py:190} INFO - [2026-09-26T18:11:57.323+0000] {override.py:1911} INFO - Created Permission View: can read on DAG:example_branch_datetime_operator
[2026-09-26T18:11:57.329+0000] {logging_mixin.py:190} INFO - [2026-09-26T18:11:57.328+0000] {override.py:1911} INFO - Created Permission View: can delete on DAG Run:example_branch_datetime_operator
[2026-09-26T18:11:57.335+0000] {logging_mixin.py:190} INFO - [2026-09-26T18:11:57.335+0000] {override.py:1911} INFO - Created Permission View: menu access on DAG Run:example_branch_datetime_operator
[2026-09-26T18:11:57.339+0000] {logging_mixin.py:190} INFO - [2026-09-26T18:11:57.339+0000] {override.py:1911} INFO - Created Permission View: can create on DAG Run:example_branch_datetime_operator
[2026-09-26T18:11:57.344+0000] {logging_mixin.py:190} INFO - [2026-09-26T18:11:57.344+0000] {override.py:1911} INFO - Created Permission View: can read on DAG Run:example_branch_datetime_operator
[2026-09-26T18:11:57.357+0000] {logging_mixin.py:190} INFO - [2026-09-26T18:11:57.357+0000] {override.py:1911} INFO - Created Permission View: can edit on DAG:example_branch_datetime_operator_2
[2026-09-26T18:11:57.363+0000] {logging_mixin.py:190} INFO - [2026-09-26T18:11:57.363+0000] {override.py:1911} INFO - Created Permission View: can delete on DAG:example_branch_datetime_operator_2
[2026-09-26T18:11:57.369+0000] {logging_mixin.py:190} INFO - [2026-09-26T18:11:57.368+0000] {override.py:1911} INFO - Created Permission View: can read on DAG:example_branch_datetime_operator_2
[2026-09-26T18:11:57.374+0000] {logging_mixin.py:190} INFO - [2026-09-26T18:11:57.374+0000] {override.py:1911} INFO - Created Permission View: can delete on DAG Run:example_branch_datetime_operator_2
[2026-09-26T18:11:57.380+0000] {logging_mixin.py:190} INFO - [2026-09-26T18:11:57.379+0000] {override.py:1911} INFO - Created Permission View: menu access on DAG Run:example_branch_datetime_operator_2
[2026-09-26T18:11:57.383+0000] {logging_mixin.py:190} INFO - [2026-09-26T18:11:57.383+0000] {override.py:1911} INFO - Created Permission View: can create on DAG Run:example_branch_datetime_operator_2
[2026-09-26T18:11:57.387+0000] {logging_mixin.py:190} INFO - [2026-09-26T18:11:57.387+0000] {override.py:1911} INFO - Created Permission View: can read on DAG Run:example_branch_datetime_operator_2
[2026-09-26T18:11:57.398+0000] {logging_mixin.py:190} INFO - [2026-09-26T18:11:57.397+0000] {override.py:1911} INFO - Created Permission View: can edit on DAG:example_branch_datetime_operator_3
[2026-09-26T18:11:57.403+0000] {logging_mixin.py:190} INFO - [2026-09-26T18:11:57.402+0000] {override.py:1911} INFO - Created Permission View: can delete on DAG:example_branch_datetime_operator_3
[2026-09-26T18:11:57.408+0000] {logging_mixin.py:190} INFO - [2026-09-26T18:11:57.407+0000] {override.py:1911} INFO - Created Permission View: can read on DAG:example_branch_datetime_operator_3
[2026-09-26T18:11:57.413+0000] {logging_mixin.py:190} INFO - [2026-09-26T18:11:57.412+0000] {override.py:1911} INFO - Created Permission View: can delete on DAG Run:example_branch_datetime_operator_3
[2026-09-26T18:11:57.417+0000] {logging_mixin.py:190} INFO - [2026-09-26T18:11:57.416+0000] {override.py:1911} INFO - Created Permission View: menu access on DAG Run:example_branch_datetime_operator_3
[2026-09-26T18:11:57.422+0000] {logging_mixin.py:190} INFO - [2026-09-26T18:11:57.421+0000] {override.py:1911} INFO - Created Permission View: can create on DAG Run:example_branch_datetime_operator_3
[2026-09-26T18:11:57.427+0000] {logging_mixin.py:190} INFO - [2026-09-26T18:11:57.426+0000] {override.py:1911} INFO - Created Permission View: can read on DAG Run:example_branch_datetime_operator_3
[2026-09-26T18:11:57.427+0000] {logging_mixin.py:190} INFO - [2026-09-26T18:11:57.427+0000] {dag.py:3239} INFO - Sync 3 DAGs
[2026-09-26T18:11:57.441+0000] {logging_mixin.py:190} INFO - [2026-09-26T18:11:57.441+0000] {dag.py:3262} INFO - Creating ORM DAG for example_branch_datetime_operator
[2026-09-26T18:11:57.442+0000] {logging_mixin.py:190} INFO - [2026-09-26T18:11:57.442+0000] {dag.py:3262} INFO - Creating ORM DAG for example_branch_datetime_operator_3
[2026-09-26T18:11:57.443+0000] {logging_mixin.py:190} INFO - [2026-09-26T18:11:57.442+0000] {dag.py:3262} INFO - Creating ORM DAG for example_branch_datetime_operator_2
[2026-09-26T18:11:57.453+0000] {logging_mixin.py:190} INFO - [2026-09-26T18:11:57.452+0000] {dag.py:4180} INFO - Setting next_dagrun for example_branch_datetime_operator to 2026-09-25 00:00:00+00:00, run_after=2026-09-26 00:00:00+00:00
[2026-09-26T18:11:57.454+0000] {logging_mixin.py:190} INFO - [2026-09-26T18:11:57.454+0000] {dag.py:4180} INFO - Setting next_dagrun for example_branch_datetime_operator_2 to 2026-09-25 00:00:00+00:00, run_after=2026-09-26 00:00:00+00:00
[2026-09-26T18:11:57.455+0000] {logging_mixin.py:190} INFO - [2026-09-26T18:11:57.455+0000] {dag.py:4180} INFO - Setting next_dagrun for example_branch_datetime_operator_3 to 2026-09-25 00:00:00+00:00, run_after=2026-09-26 00:00:00+00:00
[2026-09-26T18:11:57.474+0000] {processor.py:208} INFO - Processing /home/airflow/.local/lib/python3.12/site-packages/airflow/example_dags/example_branch_datetime_operator.py took 0.339 seconds
[2026-09-26T18:12:27.567+0000] {processor.py:186} INFO - Started process (PID=731) to work on /home/airflow/.local/lib/python3.12/site-packages/airflow/example_dags/example_branch_datetime_operator.py
[2026-09-26T18:12:27.568+0000] {processor.py:914} INFO - Processing file /home/airflow/.local/lib/python3.12/site-packages/airflow/example_dags/example_branch_datetime_operator.py for tasks to queue
[2026-09-26T18:12:27.571+0000] {logging_mixin.py:190} INFO - [2026-09-26T18:12:27.570+0000] {dagbag.py:588} INFO - Filling up the DagBag from /home/airflow/.local/lib/python3.12/site-packages/airflow/example_dags/example_branch_datetime_operator.py
[2026-09-26T18:12:27.591+0000] {processor.py:925} INFO - DAG(s) 'example_branch_datetime_operator_3', 'example_branch_datetime_operator', 'example_branch_datetime_operator_2' retrieved from /home/airflow/.local/lib/python3.12/site-packages/airflow/example_dags/example_branch_datetime_operator.py
[2026-09-26T18:12:27.643+0000] {logging_mixin.py:190} INFO - [2026-09-26T18:12:27.641+0000] {dag.py:3239} INFO - Sync 3 DAGs
[2026-09-26T18:12:27.678+0000] {logging_mixin.py:190} INFO - [2026-09-26T18:12:27.678+0000] {dag.py:4180} INFO - Setting next_dagrun for example_branch_datetime_operator to 2026-09-25 00:00:00+00:00, run_after=2026-09-26 00:00:00+00:00
[2026-09-26T18:12:27.687+0000] {logging_mixin.py:190} INFO - [2026-09-26T18:12:27.686+0000] {dag.py:4180} INFO - Setting next_dagrun for example_branch_datetime_operator_2 to 2026-09-25 00:00:00+00:00, run_after=2026-09-26 00:00:00+00:00
[2026-09-26T18:12:27.693+0000] {logging_mixin.py:190} INFO - [2026-09-26T18:12:27.692+0000] {dag.py:4180} INFO - Setting next_dagrun for example_branch_datetime_operator_3 to 2026-09-25 00:00:00+00:00, run_after=2026-09-26 00:00:00+00:00
[2026-09-26T18:12:27.715+0000] {processor.py:208} INFO - Processing /home/airflow/.local/lib/python3.12/site-packages/airflow/example_dags/example_branch_datetime_operator.py took 0.157 seconds
