[2026-09-26T18:11:55.916+0000] {processor.py:186} INFO - Started process (PID=400) to work on /home/airflow/.local/lib/python3.12/site-packages/airflow/example_dags/example_branch_python_dop_operator_3.py
[2026-09-26T18:11:55.917+0000] {processor.py:914} INFO - Processing file /home/airflow/.local/lib/python3.12/site-packages/airflow/example_dags/example_branch_python_dop_operator_3.py for tasks to queue
[2026-09-26T18:11:55.920+0000] {logging_mixin.py:190} INFO - [2026-09-26T18:11:55.919+0000] {dagbag.py:588} INFO - Filling up the DagBag from /home/airflow/.local/lib/python3.12/site-packages/airflow/example_dags/example_branch_python_dop_operator_3.py
[2026-09-26T18:11:55.933+0000] {processor.py:925} INFO - DAG(s) 'example_branch_dop_operator_v3' retrieved from /home/airflow/.local/lib/python3.12/site-packages/airflow/example_dags/example_branch_python_dop_operator_3.py
[2026-09-26T18:11:56.024+0000] {logging_mixin.py:190} INFO - [2026-09-26T18:11:56.023+0000] {override.py:1911} INFO - Created Permission View: can edit on DAG:example_branch_dop_operator_v3
[2026-09-26T18:11:56.032+0000] {logging_mixin.py:190} INFO - [2026-09-26T18:11:56.032+0000] {override.py:1911} INFO - Created Permission View: can delete on DAG:example_branch_dop_operator_v3
[2026-09-26T18:11:56.037+0000] {logging_mixin.py:190} INFO - [2026-09-26T18:11:56.036+0000] {override.py:1911} INFO - Created Permission View: can read on DAG:example_branch_dop_operator_v3
[2026-09-26T18:11:56.042+0000] {logging_mixin.py:190} INFO - [2026-09-26T18:11:56.041+0000] {override.py:1911} INFO - Created Permission View: can delete on DAG Run:example_branch_dop_operator_v3
[2026-09-26T18:11:56.048+0000] {logging_mixin.py:190} INFO - [2026-09-26T18:11:56.047+0000] {override.py:1911} INFO - Created Permission View: menu access on DAG Run:example_branch_dop_operator_v3
[2026-09-26T18:11:56.054+0000] {logging_mixin.py:190} INFO - [2026-09-26T18:11:56.053+0000] {override.py:1911} INFO - Created Permission View: can create on DAG Run:example_branch_dop_operator_v3
[2026-09-26T18:11:56.060+0000] {logging_mixin.py:190} INFO - [2026-09-26T18:11:56.059+0000] {override.py:1911} INFO - Created Permission View: can read on DAG Run:example_branch_dop_operator_v3
[2026-09-26T18:11:56.060+0000] {logging_mixin.py:190} INFO - [2026-09-26T18:11:56.060+0000] {dag.py:3239} INFO - Sync 1 DAGs
[2026-09-26T18:11:56.075+0000] {logging_mixin.py:190} INFO - [2026-09-26T18:11:56.074+0000] {dag.py:3262} INFO - Creating ORM DAG for example_branch_dop_operator_v3
[2026-09-26T18:11:56.092+0000] {logging_mixin.py:190} INFO - [2026-09-26T18:11:56.092+0000] {dag.py:4180} INFO - Setting next_dagrun for example_branch_dop_operator_v3 to 2026-09-26 18:10:00+00:00, run_after=2026-09-26 18:11:00+00:00
[2026-09-26T18:11:56.111+0000] {processor.py:208} INFO - Processing /home/airflow/.local/lib/python3.12/site-packages/airflow/example_dags/example_branch_python_dop_operator_3.py took 0.203 seconds
[2026-09-26T18:12:26.894+0000] {processor.py:186} INFO - Started process (PID=698) to work on /home/airflow/.local/lib/python3.12/site-packages/airflow/example_dags/example_branch_python_dop_operator_3.py
[2026-09-26T18:12:26.896+0000] {processor.py:914} INFO - Processing file /home/airflow/.local/lib/python3.12/site-packages/airflow/example_dags/example_branch_python_dop_operator_3.py for tasks to queue
[2026-09-26T18:12:26.899+0000] {logging_mixin.py:190} INFO - [2026-09-26T18:12:26.899+0000] {dagbag.py:588} INFO - Filling up the DagBag from /home/airflow/.local/lib/python3.12/site-packages/airflow/example_dags/example_branch_python_dop_operator_3.py
[2026-09-26T18:12:26.913+0000] {processor.py:925} INFO - DAG(s) 'example_branch_dop_operator_v3' retrieved from /home/airflow/.local/lib/python3.12/site-packages/airflow/example_dags/example_branch_python_dop_operator_3.py
[2026-09-26T18:12:26.938+0000] {logging_mixin.py:190} INFO - [2026-09-26T18:12:26.938+0000] {dag.py:3239} INFO - Sync 1 DAGs
[2026-09-26T18:12:26.966+0000] {logging_mixin.py:190} INFO - [2026-09-26T18:12:26.966+0000] {dag.py:4180} INFO - Setting next_dagrun for example_branch_dop_operator_v3 to 2026-09-26 18:11:00+00:00, run_after=2026-09-26 18:12:00+00:00
[2026-09-26T18:12:26.998+0000] {processor.py:208} INFO - Processing /home/airflow/.local/lib/python3.12/site-packages/airflow/example_dags/example_branch_python_dop_operator_3.py took 0.114 seconds
