[2026-09-26T18:11:53.906+0000] {processor.py:186} INFO - Started process (PID=340) to work on /home/airflow/.local/lib/python3.12/site-packages/airflow/example_dags/example_local_kubernetes_executor.py
[2026-09-26T18:11:53.908+0000] {processor.py:914} INFO - Processing file /home/airflow/.local/lib/python3.12/site-packages/airflow/example_dags/example_local_kubernetes_executor.py for tasks to queue
[2026-09-26T18:11:53.910+0000] {logging_mixin.py:190} INFO - [2026-09-26T18:11:53.909+0000] {dagbag.py:588} INFO - Filling up the DagBag from /home/airflow/.local/lib/python3.12/site-packages/airflow/example_dags/example_local_kubernetes_executor.py
[2026-09-26T18:11:53.925+0000] {processor.py:925} INFO - DAG(s) 'example_local_kubernetes_executor' retrieved from /home/airflow/.local/lib/python3.12/site-packages/airflow/example_dags/example_local_kubernetes_executor.py
[2026-09-26T18:11:54.079+0000] {logging_mixin.py:190} INFO - [2026-09-26T18:11:54.078+0000] {override.py:1911} INFO - Created Permission View: can edit on DAG:example_local_kubernetes_executor
[2026-09-26T18:11:54.088+0000] {logging_mixin.py:190} INFO - [2026-09-26T18:11:54.088+0000] {override.py:1911} INFO - Created Permission View: can delete on DAG:example_local_kubernetes_executor
[2026-09-26T18:11:54.094+0000] {logging_mixin.py:190} INFO - [2026-09-26T18:11:54.094+0000] {override.py:1911} INFO - Created Permission View: can read on DAG:example_local_kubernetes_executor
[2026-09-26T18:11:54.099+0000] {logging_mixin.py:190} INFO - [2026-09-26T18:11:54.099+0000] {override.py:1911} INFO - Created Permission View: can delete on DAG Run:example_local_kubernetes_executor
[2026-09-26T18:11:54.105+0000] {logging_mixin.py:190} INFO - [2026-09-26T18:11:54.104+0000] {override.py:1911} INFO - Created Permission View: menu access on DAG Run:example_local_kubernetes_executor
[2026-09-26T18:11:54.112+0000] {logging_mixin.py:190} INFO - [2026-09-26T18:11:54.111+0000] {override.py:1911} INFO - Created Permission View: can create on DAG Run:example_local_kubernetes_executor
[2026-09-26T18:11:54.118+0000] {logging_mixin.py:190} INFO - [2026-09-26T18:11:54.117+0000] {override.py:1911} INFO - Created Permission View: can read on DAG Run:example_local_kubernetes_executor
[2026-09-26T18:11:54.119+0000] {logging_mixin.py:190} INFO - [2026-09-26T18:11:54.119+0000] {dag.py:3239} INFO - Sync 1 DAGs
[2026-09-26T18:11:54.139+0000] {logging_mixin.py:190} INFO - [2026-09-26T18:11:54.138+0000] {dag.py:3262} INFO - Creating ORM DAG for example_local_kubernetes_executor
[2026-09-26T18:11:54.140+0000] {logging_mixin.py:190} INFO - [2026-09-26T18:11:54.139+0000] {dag.py:4180} INFO - Setting next_dagrun for example_local_kubernetes_executor to None, run_after=None
[2026-09-26T18:11:54.171+0000] {processor.py:208} INFO - Processing /home/airflow/.local/lib/python3.12/site-packages/airflow/example_dags/example_local_kubernetes_executor.py took 0.274 seconds
[2026-09-26T18:12:24.698+0000] {processor.py:186} INFO - Started process (PID=636) to work on /home/airflow/.local/lib/python3.12/site-packages/airflow/example_dags/example_local_kubernetes_executor.py
[2026-09-26T18:12:24.699+0000] {processor.py:914} INFO - Processing file /home/airflow/.local/lib/python3.12/site-packages/airflow/example_dags/example_local_kubernetes_executor.py for tasks to queue
[2026-09-26T18:12:24.700+0000] {logging_mixin.py:190} INFO - [2026-09-26T18:12:24.700+0000] {dagbag.py:588} INFO - Filling up the DagBag from /home/airflow/.local/lib/python3.12/site-packages/airflow/example_dags/example_local_kubernetes_executor.py
[2026-09-26T18:12:24.710+0000] {processor.py:925} INFO - DAG(s) 'example_local_kubernetes_executor' retrieved from /home/airflow/.local/lib/python3.12/site-packages/airflow/example_dags/example_local_kubernetes_executor.py
[2026-09-26T18:12:24.728+0000] {logging_mixin.py:190} INFO - [2026-09-26T18:12:24.728+0000] {dag.py:3239} INFO - Sync 1 DAGs
[2026-09-26T18:12:24.740+0000] {logging_mixin.py:190} INFO - [2026-09-26T18:12:24.740+0000] {dag.py:4180} INFO - Setting next_dagrun for example_local_kubernetes_executor to None, run_after=None
[2026-09-26T18:12:24.755+0000] {processor.py:208} INFO - Processing /home/airflow/.local/lib/python3.12/site-packages/airflow/example_dags/example_local_kubernetes_executor.py took 0.062 seconds
