[2026-09-26T18:11:56.128+0000] {processor.py:186} INFO - Started process (PID=407) to work on /home/airflow/.local/lib/python3.12/site-packages/airflow/example_dags/example_xcomargs.py
[2026-09-26T18:11:56.129+0000] {processor.py:914} INFO - Processing file /home/airflow/.local/lib/python3.12/site-packages/airflow/example_dags/example_xcomargs.py for tasks to queue
[2026-09-26T18:11:56.132+0000] {logging_mixin.py:190} INFO - [2026-09-26T18:11:56.131+0000] {dagbag.py:588} INFO - Filling up the DagBag from /home/airflow/.local/lib/python3.12/site-packages/airflow/example_dags/example_xcomargs.py
[2026-09-26T18:11:56.145+0000] {processor.py:925} INFO - DAG(s) 'example_xcom_args', 'example_xcom_args_with_operators' retrieved from /home/airflow/.local/lib/python3.12/site-packages/airflow/example_dags/example_xcomargs.py
[2026-09-26T18:11:56.239+0000] {logging_mixin.py:190} INFO - [2026-09-26T18:11:56.239+0000] {override.py:1911} INFO - Created Permission View: can edit on DAG:example_xcom_args
[2026-09-26T18:11:56.247+0000] {logging_mixin.py:190} INFO - [2026-09-26T18:11:56.247+0000] {override.py:1911} INFO - Created Permission View: can delete on DAG:example_xcom_args
[2026-09-26T18:11:56.251+0000] {logging_mixin.py:190} INFO - [2026-09-26T18:11:56.251+0000] {override.py:1911} INFO - Created Permission View: can read on DAG:example_xcom_args
[2026-09-26T18:11:56.255+0000] {logging_mixin.py:190} INFO - [2026-09-26T18:11:56.255+0000] {override.py:1911} INFO - Created Permission View: can delete on DAG Run:example_xcom_args
[2026-09-26T18:11:56.261+0000] {logging_mixin.py:190} INFO - [2026-09-26T18:11:56.261+0000] {override.py:1911} INFO - Created Permission View: menu access on DAG Run:example_xcom_args
[2026-09-26T18:11:56.266+0000] {logging_mixin.py:190} INFO - [2026-09-26T18:11:56.265+0000] {override.py:1911} INFO - Created Permission View: can create on DAG Run:example_xcom_args
[2026-09-26T18:11:56.271+0000] {logging_mixin.py:190} INFO - [2026-09-26T18:11:56.271+0000] {override.py:1911} INFO - Created Permission View: can read on DAG Run:example_xcom_args
[2026-09-26T18:11:56.282+0000] {logging_mixin.py:190} INFO - [2026-09-26T18:11:56.281+0000] {override.py:1911} INFO - Created Permission View: can edit on DAG:example_xcom_args_with_operators
[2026-09-26T18:11:56.287+0000] {logging_mixin.py:190} INFO - [2026-09-26T18:11:56.286+0000] {override.py:1911} INFO - Created Permission View: can delete on DAG:example_xcom_args_with_operators
[2026-09-26T18:11:56.291+0000] {logging_mixin.py:190} INFO - [2026-09-26T18:11:56.290+0000] {override.py:1911} INFO - Created Permission View: can read on DAG:example_xcom_args_with_operators
[2026-09-26T18:11:56.295+0000] {logging_mixin.py:190} INFO - [2026-09-26T18:11:56.295+0000] {override.py:1911} INFO - Created Permission View: can delete on DAG Run:example_xcom_args_with_operators
[2026-09-26T18:11:56.300+0000] {logging_mixin.py:190} INFO - [2026-09-26T18:11:56.300+0000] {override.py:1911} INFO - Created Permission View: menu access on DAG Run:example_xcom_args_with_operators
[2026-09-26T18:11:56.305+0000] {logging_mixin.py:190} INFO - [2026-09-26T18:11:56.304+0000] {override.py:1911} INFO - Created Permission View: can create on DAG Run:example_xcom_args_with_operators
[2026-09-26T18:11:56.312+0000] {logging_mixin.py:190} INFO - [2026-09-26T18:11:56.312+0000] {override.py:1911} INFO - Created Permission View: can read on DAG Run:example_xcom_args_with_operators
[2026-09-26T18:11:56.313+0000] {logging_mixin.py:190} INFO - [2026-09-26T18:11:56.313+0000] {dag.py:3239} INFO - Sync 2 DAGs
[2026-09-26T18:11:56.326+0000] {logging_mixin.py:190} INFO - [2026-09-26T18:11:56.325+0000] {dag.py:3262} INFO - Creating ORM DAG for example_xcom_args_with_operators
[2026-09-26T18:11:56.327+0000] {logging_mixin.py:190} INFO - [2026-09-26T18:11:56.327+0000] {dag.py:3262} INFO - Creating ORM DAG for example_xcom_args
[2026-09-26T18:11:56.327+0000] {logging_mixin.py:190} INFO - [2026-09-26T18:11:56.327+0000] {dag.py:4180} INFO - Setting next_dagrun for example_xcom_args to None, run_after=None
[2026-09-26T18:11:56.328+0000] {logging_mixin.py:190} INFO - [2026-09-26T18:11:56.328+0000] {dag.py:4180} INFO - Setting next_dagrun for example_xcom_args_with_operators to None, run_after=None
[2026-09-26T18:11:56.348+0000] {processor.py:208} INFO - Processing /home/airflow/.local/lib/python3.12/site-packages/airflow/example_dags/example_xcomargs.py took 0.226 seconds
[2026-09-26T18:12:26.907+0000] {processor.py:186} INFO - Started process (PID=701) to work on /home/airflow/.local/lib/python3.12/site-packages/airflow/example_dags/example_xcomargs.py
[2026-09-26T18:12:26.908+0000] {processor.py:914} INFO - Processing file /home/airflow/.local/lib/python3.12/site-packages/airflow/example_dags/example_xcomargs.py for tasks to queue
[2026-09-26T18:12:26.910+0000] {logging_mixin.py:190} INFO - [2026-09-26T18:12:26.910+0000] {dagbag.py:588} INFO - Filling up the DagBag from /home/airflow/.local/lib/python3.12/site-packages/airflow/example_dags/example_xcomargs.py
[2026-09-26T18:12:26.921+0000] {processor.py:925} INFO - DAG(s) 'example_xcom_args_with_operators', 'example_xcom_args' retrieved from /home/airflow/.local/lib/python3.12/site-packages/airflow/example_dags/example_xcomargs.py
[2026-09-26T18:12:26.945+0000] {logging_mixin.py:190} INFO - [2026-09-26T18:12:26.945+0000] {dag.py:3239} INFO - Sync 2 DAGs
[2026-09-26T18:12:26.965+0000] {logging_mixin.py:190} INFO - [2026-09-26T18:12:26.965+0000] {dag.py:4180} INFO - Setting next_dagrun for example_xcom_args to None, run_after=None
[2026-09-26T18:12:26.969+0000] {logging_mixin.py:190} INFO - [2026-09-26T18:12:26.969+0000] {dag.py:4180} INFO - Setting next_dagrun for example_xcom_args_with_operators to None, run_after=None
[2026-09-26T18:12:26.988+0000] {processor.py:208} INFO - Processing /home/airflow/.local/lib/python3.12/site-packages/airflow/example_dags/example_xcomargs.py took 0.089 seconds
