[2026-09-26T18:11:55.900+0000] {processor.py:186} INFO - Started process (PID=397) to work on /home/airflow/.local/lib/python3.12/site-packages/airflow/example_dags/example_dynamic_task_mapping_with_no_taskflow_operators.py
[2026-09-26T18:11:55.901+0000] {processor.py:914} INFO - Processing file /home/airflow/.local/lib/python3.12/site-packages/airflow/example_dags/example_dynamic_task_mapping_with_no_taskflow_operators.py for tasks to queue
[2026-09-26T18:11:55.904+0000] {logging_mixin.py:190} INFO - [2026-09-26T18:11:55.904+0000] {dagbag.py:588} INFO - Filling up the DagBag from /home/airflow/.local/lib/python3.12/site-packages/airflow/example_dags/example_dynamic_task_mapping_with_no_taskflow_operators.py
[2026-09-26T18:11:55.915+0000] {processor.py:925} INFO - DAG(s) 'example_dynamic_task_mapping_with_no_taskflow_operators' retrieved from /home/airflow/.local/lib/python3.12/site-packages/airflow/example_dags/example_dynamic_task_mapping_with_no_taskflow_operators.py
[2026-09-26T18:11:56.010+0000] {logging_mixin.py:190} INFO - [2026-09-26T18:11:56.009+0000] {override.py:1911} INFO - Created Permission View: can edit on DAG:example_dynamic_task_mapping_with_no_taskflow_operators
[2026-09-26T18:11:56.020+0000] {logging_mixin.py:190} INFO - [2026-09-26T18:11:56.020+0000] {override.py:1911} INFO - Created Permission View: can delete on DAG:example_dynamic_task_mapping_with_no_taskflow_operators
[2026-09-26T18:11:56.025+0000] {logging_mixin.py:190} INFO - [2026-09-26T18:11:56.025+0000] {override.py:1911} INFO - Created Permission View: can read on DAG:example_dynamic_task_mapping_with_no_taskflow_operators
[2026-09-26T18:11:56.030+0000] {logging_mixin.py:190} INFO - [2026-09-26T18:11:56.030+0000] {override.py:1911} INFO - Created Permission View: can delete on DAG Run:example_dynamic_task_mapping_with_no_taskflow_operators
[2026-09-26T18:11:56.035+0000] {logging_mixin.py:190} INFO - [2026-09-26T18:11:56.034+0000] {override.py:1911} INFO - Created Permission View: menu access on DAG Run:example_dynamic_task_mapping_with_no_taskflow_operators
[2026-09-26T18:11:56.040+0000] {logging_mixin.py:190} INFO - [2026-09-26T18:11:56.039+0000] {override.py:1911} INFO - Created Permission View: can create on DAG Run:example_dynamic_task_mapping_with_no_taskflow_operators
[2026-09-26T18:11:56.045+0000] {logging_mixin.py:190} INFO - [2026-09-26T18:11:56.045+0000] {override.py:1911} INFO - Created Permission View: can read on DAG Run:example_dynamic_task_mapping_with_no_taskflow_operators
[2026-09-26T18:11:56.046+0000] {logging_mixin.py:190} INFO - [2026-09-26T18:11:56.045+0000] {dag.py:3239} INFO - Sync 1 DAGs
[2026-09-26T18:11:56.062+0000] {logging_mixin.py:190} INFO - [2026-09-26T18:11:56.061+0000] {dag.py:3262} INFO - Creating ORM DAG for example_dynamic_task_mapping_with_no_taskflow_operators
[2026-09-26T18:11:56.063+0000] {logging_mixin.py:190} INFO - [2026-09-26T18:11:56.062+0000] {dag.py:4180} INFO - Setting next_dagrun for example_dynamic_task_mapping_with_no_taskflow_operators to None, run_after=None
[2026-09-26T18:11:56.080+0000] {processor.py:208} INFO - Processing /home/airflow/.local/lib/python3.12/site-packages/airflow/example_dags/example_dynamic_task_mapping_with_no_taskflow_operators.py took 0.186 seconds
[2026-09-26T18:12:26.747+0000] {processor.py:186} INFO - Started process (PID=693) to work on /home/airflow/.local/lib/python3.12/site-packages/airflow/example_dags/example_dynamic_task_mapping_with_no_taskflow_operators.py
[2026-09-26T18:12:26.748+0000] {processor.py:914} INFO - Processing file /home/airflow/.local/lib/python3.12/site-packages/airflow/example_dags/example_dynamic_task_mapping_with_no_taskflow_operators.py for tasks to queue
[2026-09-26T18:12:26.752+0000] {logging_mixin.py:190} INFO - [2026-09-26T18:12:26.751+0000] {dagbag.py:588} INFO - Filling up the DagBag from /home/airflow/.local/lib/python3.12/site-packages/airflow/example_dags/example_dynamic_task_mapping_with_no_taskflow_operators.py
[2026-09-26T18:12:26.760+0000] {processor.py:925} INFO - DAG(s) 'example_dynamic_task_mapping_with_no_taskflow_operators' retrieved from /home/airflow/.local/lib/python3.12/site-packages/airflow/example_dags/example_dynamic_task_mapping_with_no_taskflow_operators.py
[2026-09-26T18:12:26.786+0000] {logging_mixin.py:190} INFO - [2026-09-26T18:12:26.785+0000] {dag.py:3239} INFO - Sync 1 DAGs
[2026-09-26T18:12:26.805+0000] {logging_mixin.py:190} INFO - [2026-09-26T18:12:26.804+0000] {dag.py:4180} INFO - Setting next_dagrun for example_dynamic_task_mapping_with_no_taskflow_operators to None, run_after=None
[2026-09-26T18:12:26.829+0000] {processor.py:208} INFO - Processing /home/airflow/.local/lib/python3.12/site-packages/airflow/example_dags/example_dynamic_task_mapping_with_no_taskflow_operators.py took 0.090 seconds
