[2026-09-26T18:11:56.863+0000] {processor.py:186} INFO - Started process (PID=432) to work on /home/airflow/.local/lib/python3.12/site-packages/airflow/example_dags/example_datasets.py
[2026-09-26T18:11:56.864+0000] {processor.py:914} INFO - Processing file /home/airflow/.local/lib/python3.12/site-packages/airflow/example_dags/example_datasets.py for tasks to queue
[2026-09-26T18:11:56.867+0000] {logging_mixin.py:190} INFO - [2026-09-26T18:11:56.866+0000] {dagbag.py:588} INFO - Filling up the DagBag from /home/airflow/.local/lib/python3.12/site-packages/airflow/example_dags/example_datasets.py
[2026-09-26T18:11:57.446+0000] {processor.py:925} INFO - DAG(s) 'dataset_produces_2', 'dataset_consumes_1_never_scheduled', 'dataset_consumes_1', 'consume_1_or_2_with_dataset_expressions', 'dataset_produces_1', 'dataset_consumes_1_and_2', 'consume_1_or_both_2_and_3_with_dataset_expressions', 'dataset_consumes_unknown_never_scheduled', 'conditional_dataset_and_time_based_timetable', 'consume_1_and_2_with_dataset_expressions' retrieved from /home/airflow/.local/lib/python3.12/site-packages/airflow/example_dags/example_datasets.py
[2026-09-26T18:11:57.534+0000] {logging_mixin.py:190} INFO - [2026-09-26T18:11:57.533+0000] {override.py:1911} INFO - Created Permission View: can edit on DAG:dataset_produces_2
[2026-09-26T18:11:57.544+0000] {logging_mixin.py:190} INFO - [2026-09-26T18:11:57.543+0000] {override.py:1911} INFO - Created Permission View: can delete on DAG:dataset_produces_2
[2026-09-26T18:11:57.549+0000] {logging_mixin.py:190} INFO - [2026-09-26T18:11:57.549+0000] {override.py:1911} INFO - Created Permission View: can read on DAG:dataset_produces_2
[2026-09-26T18:11:57.556+0000] {logging_mixin.py:190} INFO - [2026-09-26T18:11:57.556+0000] {override.py:1911} INFO - Created Permission View: can delete on DAG Run:dataset_produces_2
[2026-09-26T18:11:57.562+0000] {logging_mixin.py:190} INFO - [2026-09-26T18:11:57.562+0000] {override.py:1911} INFO - Created Permission View: menu access on DAG Run:dataset_produces_2
[2026-09-26T18:11:57.566+0000] {logging_mixin.py:190} INFO - [2026-09-26T18:11:57.566+0000] {override.py:1911} INFO - Created Permission View: can create on DAG Run:dataset_produces_2
[2026-09-26T18:11:57.571+0000] {logging_mixin.py:190} INFO - [2026-09-26T18:11:57.571+0000] {override.py:1911} INFO - Created Permission View: can read on DAG Run:dataset_produces_2
[2026-09-26T18:11:57.580+0000] {logging_mixin.py:190} INFO - [2026-09-26T18:11:57.580+0000] {override.py:1911} INFO - Created Permission View: can edit on DAG:dataset_consumes_1_never_scheduled
[2026-09-26T18:11:57.586+0000] {logging_mixin.py:190} INFO - [2026-09-26T18:11:57.585+0000] {override.py:1911} INFO - Created Permission View: can delete on DAG:dataset_consumes_1_never_scheduled
[2026-09-26T18:11:57.591+0000] {logging_mixin.py:190} INFO - [2026-09-26T18:11:57.591+0000] {override.py:1911} INFO - Created Permission View: can read on DAG:dataset_consumes_1_never_scheduled
[2026-09-26T18:11:57.597+0000] {logging_mixin.py:190} INFO - [2026-09-26T18:11:57.596+0000] {override.py:1911} INFO - Created Permission View: can delete on DAG Run:dataset_consumes_1_never_scheduled
[2026-09-26T18:11:57.602+0000] {logging_mixin.py:190} INFO - [2026-09-26T18:11:57.602+0000] {override.py:1911} INFO - Created Permission View: menu access on DAG Run:dataset_consumes_1_never_scheduled
[2026-09-26T18:11:57.607+0000] {logging_mixin.py:190} INFO - [2026-09-26T18:11:57.607+0000] {override.py:1911} INFO - Created Permission View: can create on DAG Run:dataset_consumes_1_never_scheduled
[2026-09-26T18:11:57.612+0000] {logging_mixin.py:190} INFO - [2026-09-26T18:11:57.612+0000] {override.py:1911} INFO - Created Permission View: can read on DAG Run:dataset_consumes_1_never_scheduled
[2026-09-26T18:11:57.622+0000] {logging_mixin.py:190} INFO - [2026-09-26T18:11:57.622+0000] {override.py:1911} INFO - Created Permission View: can edit on DAG:dataset_consumes_1
[2026-09-26T18:11:57.628+0000] {logging_mixin.py:190} INFO - [2026-09-26T18:11:57.628+0000] {override.py:1911} INFO - Created Permission View: can delete on DAG:dataset_consumes_1
[2026-09-26T18:11:57.634+0000] {logging_mixin.py:190} INFO - [2026-09-26T18:11:57.634+0000] {override.py:1911} INFO - Created Permission View: can read on DAG:dataset_consumes_1
[2026-09-26T18:11:57.638+0000] {logging_mixin.py:190} INFO - [2026-09-26T18:11:57.637+0000] {override.py:1911} INFO - Created Permission View: can delete on DAG Run:dataset_consumes_1
[2026-09-26T18:11:57.644+0000] {logging_mixin.py:190} INFO - [2026-09-26T18:11:57.643+0000] {override.py:1911} INFO - Created Permission View: menu access on DAG Run:dataset_consumes_1
[2026-09-26T18:11:57.649+0000] {logging_mixin.py:190} INFO - [2026-09-26T18:11:57.649+0000] {override.py:1911} INFO - Created Permission View: can create on DAG Run:dataset_consumes_1
[2026-09-26T18:11:57.655+0000] {logging_mixin.py:190} INFO - [2026-09-26T18:11:57.655+0000] {override.py:1911} INFO - Created Permission View: can read on DAG Run:dataset_consumes_1
[2026-09-26T18:11:57.667+0000] {logging_mixin.py:190} INFO - [2026-09-26T18:11:57.666+0000] {override.py:1911} INFO - Created Permission View: can edit on DAG:consume_1_or_2_with_dataset_expressions
[2026-09-26T18:11:57.674+0000] {logging_mixin.py:190} INFO - [2026-09-26T18:11:57.673+0000] {override.py:1911} INFO - Created Permission View: can delete on DAG:consume_1_or_2_with_dataset_expressions
[2026-09-26T18:11:57.681+0000] {logging_mixin.py:190} INFO - [2026-09-26T18:11:57.680+0000] {override.py:1911} INFO - Created Permission View: can read on DAG:consume_1_or_2_with_dataset_expressions
[2026-09-26T18:11:57.688+0000] {logging_mixin.py:190} INFO - [2026-09-26T18:11:57.687+0000] {override.py:1911} INFO - Created Permission View: can delete on DAG Run:consume_1_or_2_with_dataset_expressions
[2026-09-26T18:11:57.692+0000] {logging_mixin.py:190} INFO - [2026-09-26T18:11:57.691+0000] {override.py:1911} INFO - Created Permission View: menu access on DAG Run:consume_1_or_2_with_dataset_expressions
[2026-09-26T18:11:57.698+0000] {logging_mixin.py:190} INFO - [2026-09-26T18:11:57.698+0000] {override.py:1911} INFO - Created Permission View: can create on DAG Run:consume_1_or_2_with_dataset_expressions
[2026-09-26T18:11:57.703+0000] {logging_mixin.py:190} INFO - [2026-09-26T18:11:57.703+0000] {override.py:1911} INFO - Created Permission View: can read on DAG Run:consume_1_or_2_with_dataset_expressions
[2026-09-26T18:11:57.714+0000] {logging_mixin.py:190} INFO - [2026-09-26T18:11:57.714+0000] {override.py:1911} INFO - Created Permission View: can edit on DAG:dataset_produces_1
[2026-09-26T18:11:57.720+0000] {logging_mixin.py:190} INFO - [2026-09-26T18:11:57.719+0000] {override.py:1911} INFO - Created Permission View: can delete on DAG:dataset_produces_1
[2026-09-26T18:11:57.725+0000] {logging_mixin.py:190} INFO - [2026-09-26T18:11:57.725+0000] {override.py:1911} INFO - Created Permission View: can read on DAG:dataset_produces_1
[2026-09-26T18:11:57.731+0000] {logging_mixin.py:190} INFO - [2026-09-26T18:11:57.730+0000] {override.py:1911} INFO - Created Permission View: can delete on DAG Run:dataset_produces_1
[2026-09-26T18:11:57.735+0000] {logging_mixin.py:190} INFO - [2026-09-26T18:11:57.734+0000] {override.py:1911} INFO - Created Permission View: menu access on DAG Run:dataset_produces_1
[2026-09-26T18:11:57.741+0000] {logging_mixin.py:190} INFO - [2026-09-26T18:11:57.740+0000] {override.py:1911} INFO - Created Permission View: can create on DAG Run:dataset_produces_1
[2026-09-26T18:11:57.745+0000] {logging_mixin.py:190} INFO - [2026-09-26T18:11:57.745+0000] {override.py:1911} INFO - Created Permission View: can read on DAG Run:dataset_produces_1
[2026-09-26T18:11:57.756+0000] {logging_mixin.py:190} INFO - [2026-09-26T18:11:57.755+0000] {override.py:1911} INFO - Created Permission View: can edit on DAG:dataset_consumes_1_and_2
[2026-09-26T18:11:57.761+0000] {logging_mixin.py:190} INFO - [2026-09-26T18:11:57.760+0000] {override.py:1911} INFO - Created Permission View: can delete on DAG:dataset_consumes_1_and_2
[2026-09-26T18:11:57.766+0000] {logging_mixin.py:190} INFO - [2026-09-26T18:11:57.766+0000] {override.py:1911} INFO - Created Permission View: can read on DAG:dataset_consumes_1_and_2
[2026-09-26T18:11:57.771+0000] {logging_mixin.py:190} INFO - [2026-09-26T18:11:57.770+0000] {override.py:1911} INFO - Created Permission View: can delete on DAG Run:dataset_consumes_1_and_2
[2026-09-26T18:11:57.775+0000] {logging_mixin.py:190} INFO - [2026-09-26T18:11:57.775+0000] {override.py:1911} INFO - Created Permission View: menu access on DAG Run:dataset_consumes_1_and_2
[2026-09-26T18:11:57.781+0000] {logging_mixin.py:190} INFO - [2026-09-26T18:11:57.781+0000] {override.py:1911} INFO - Created Permission View: can create on DAG Run:dataset_consumes_1_and_2
[2026-09-26T18:11:57.786+0000] {logging_mixin.py:190} INFO - [2026-09-26T18:11:57.786+0000] {override.py:1911} INFO - Created Permission View: can read on DAG Run:dataset_consumes_1_and_2
[2026-09-26T18:11:57.801+0000] {logging_mixin.py:190} INFO - [2026-09-26T18:11:57.800+0000] {override.py:1911} INFO - Created Permission View: can edit on DAG:consume_1_or_both_2_and_3_with_dataset_expressions
[2026-09-26T18:11:57.809+0000] {logging_mixin.py:190} INFO - [2026-09-26T18:11:57.809+0000] {override.py:1911} INFO - Created Permission View: can delete on DAG:consume_1_or_both_2_and_3_with_dataset_expressions
[2026-09-26T18:11:57.817+0000] {logging_mixin.py:190} INFO - [2026-09-26T18:11:57.816+0000] {override.py:1911} INFO - Created Permission View: can read on DAG:consume_1_or_both_2_and_3_with_dataset_expressions
[2026-09-26T18:11:57.824+0000] {logging_mixin.py:190} INFO - [2026-09-26T18:11:57.824+0000] {override.py:1911} INFO - Created Permission View: can delete on DAG Run:consume_1_or_both_2_and_3_with_dataset_expressions
[2026-09-26T18:11:57.831+0000] {logging_mixin.py:190} INFO - [2026-09-26T18:11:57.830+0000] {override.py:1911} INFO - Created Permission View: menu access on DAG Run:consume_1_or_both_2_and_3_with_dataset_expressions
[2026-09-26T18:11:57.838+0000] {logging_mixin.py:190} INFO - [2026-09-26T18:11:57.838+0000] {override.py:1911} INFO - Created Permission View: can create on DAG Run:consume_1_or_both_2_and_3_with_dataset_expressions
[2026-09-26T18:11:57.844+0000] {logging_mixin.py:190} INFO - [2026-09-26T18:11:57.843+0000] {override.py:1911} INFO - Created Permission View: can read on DAG Run:consume_1_or_both_2_and_3_with_dataset_expressions
[2026-09-26T18:11:57.855+0000] {logging_mixin.py:190} INFO - [2026-09-26T18:11:57.854+0000] {override.py:1911} INFO - Created Permission View: can edit on DAG:dataset_consumes_unknown_never_scheduled
[2026-09-26T18:11:57.859+0000] {logging_mixin.py:190} INFO - [2026-09-26T18:11:57.859+0000] {override.py:1911} INFO - Created Permission View: can delete on DAG:dataset_consumes_unknown_never_scheduled
[2026-09-26T18:11:57.866+0000] {logging_mixin.py:190} INFO - [2026-09-26T18:11:57.865+0000] {override.py:1911} INFO - Created Permission View: can read on DAG:dataset_consumes_unknown_never_scheduled
[2026-09-26T18:11:57.872+0000] {logging_mixin.py:190} INFO - [2026-09-26T18:11:57.871+0000] {override.py:1911} INFO - Created Permission View: can delete on DAG Run:dataset_consumes_unknown_never_scheduled
[2026-09-26T18:11:57.876+0000] {logging_mixin.py:190} INFO - [2026-09-26T18:11:57.876+0000] {override.py:1911} INFO - Created Permission View: menu access on DAG Run:dataset_consumes_unknown_never_scheduled
[2026-09-26T18:11:57.882+0000] {logging_mixin.py:190} INFO - [2026-09-26T18:11:57.881+0000] {override.py:1911} INFO - Created Permission View: can create on DAG Run:dataset_consumes_unknown_never_scheduled
[2026-09-26T18:11:57.886+0000] {logging_mixin.py:190} INFO - [2026-09-26T18:11:57.886+0000] {override.py:1911} INFO - Created Permission View: can read on DAG Run:dataset_consumes_unknown_never_scheduled
[2026-09-26T18:11:57.898+0000] {logging_mixin.py:190} INFO - [2026-09-26T18:11:57.898+0000] {override.py:1911} INFO - Created Permission View: can edit on DAG:conditional_dataset_and_time_based_timetable
[2026-09-26T18:11:57.904+0000] {logging_mixin.py:190} INFO - [2026-09-26T18:11:57.903+0000] {override.py:1911} INFO - Created Permission View: can delete on DAG:conditional_dataset_and_time_based_timetable
[2026-09-26T18:11:57.913+0000] {logging_mixin.py:190} INFO - [2026-09-26T18:11:57.912+0000] {override.py:1911} INFO - Created Permission View: can read on DAG:conditional_dataset_and_time_based_timetable
[2026-09-26T18:11:57.921+0000] {logging_mixin.py:190} INFO - [2026-09-26T18:11:57.921+0000] {override.py:1911} INFO - Created Permission View: can delete on DAG Run:conditional_dataset_and_time_based_timetable
[2026-09-26T18:11:57.929+0000] {logging_mixin.py:190} INFO - [2026-09-26T18:11:57.929+0000] {override.py:1911} INFO - Created Permission View: menu access on DAG Run:conditional_dataset_and_time_based_timetable
[2026-09-26T18:11:57.936+0000] {logging_mixin.py:190} INFO - [2026-09-26T18:11:57.935+0000] {override.py:1911} INFO - Created Permission View: can create on DAG Run:conditional_dataset_and_time_based_timetable
[2026-09-26T18:11:57.940+0000] {logging_mixin.py:190} INFO - [2026-09-26T18:11:57.940+0000] {override.py:1911} INFO - Created Permission View: can read on DAG Run:conditional_dataset_and_time_based_timetable
[2026-09-26T18:11:57.950+0000] {logging_mixin.py:190} INFO - [2026-09-26T18:11:57.950+0000] {override.py:1911} INFO - Created Permission View: can edit on DAG:consume_1_and_2_with_dataset_expressions
[2026-09-26T18:11:57.955+0000] {logging_mixin.py:190} INFO - [2026-09-26T18:11:57.955+0000] {override.py:1911} INFO - Created Permission View: can delete on DAG:consume_1_and_2_with_dataset_expressions
[2026-09-26T18:11:57.962+0000] {logging_mixin.py:190} INFO - [2026-09-26T18:11:57.961+0000] {override.py:1911} INFO - Created Permission View: can read on DAG:consume_1_and_2_with_dataset_expressions
[2026-09-26T18:11:57.967+0000] {logging_mixin.py:190} INFO - [2026-09-26T18:11:57.967+0000] {override.py:1911} INFO - Created Permission View: can delete on DAG Run:consume_1_and_2_with_dataset_expressions
[2026-09-26T18:11:57.971+0000] {logging_mixin.py:190} INFO - [2026-09-26T18:11:57.971+0000] {override.py:1911} INFO - Created Permission View: menu access on DAG Run:consume_1_and_2_with_dataset_expressions
[2026-09-26T18:11:57.978+0000] {logging_mixin.py:190} INFO - [2026-09-26T18:11:57.978+0000] {override.py:1911} INFO - Created Permission View: can create on DAG Run:consume_1_and_2_with_dataset_expressions
[2026-09-26T18:11:57.984+0000] {logging_mixin.py:190} INFO - [2026-09-26T18:11:57.984+0000] {override.py:1911} INFO - Created Permission View: can read on DAG Run:consume_1_and_2_with_dataset_expressions
[2026-09-26T18:11:57.984+0000] {logging_mixin.py:190} INFO - [2026-09-26T18:11:57.984+0000] {dag.py:3239} INFO - Sync 10 DAGs
[2026-09-26T18:11:57.997+0000] {logging_mixin.py:190} INFO - [2026-09-26T18:11:57.997+0000] {dag.py:3262} INFO - Creating ORM DAG for dataset_consumes_1_never_scheduled
[2026-09-26T18:11:57.998+0000] {logging_mixin.py:190} INFO - [2026-09-26T18:11:57.998+0000] {dag.py:3262} INFO - Creating ORM DAG for dataset_consumes_1_and_2
[2026-09-26T18:11:57.998+0000] {logging_mixin.py:190} INFO - [2026-09-26T18:11:57.998+0000] {dag.py:3262} INFO - Creating ORM DAG for dataset_produces_2
[2026-09-26T18:11:57.998+0000] {logging_mixin.py:190} INFO - [2026-09-26T18:11:57.998+0000] {dag.py:3262} INFO - Creating ORM DAG for dataset_consumes_1
[2026-09-26T18:11:57.999+0000] {logging_mixin.py:190} INFO - [2026-09-26T18:11:57.999+0000] {dag.py:3262} INFO - Creating ORM DAG for dataset_produces_1
[2026-09-26T18:11:57.999+0000] {logging_mixin.py:190} INFO - [2026-09-26T18:11:57.999+0000] {dag.py:3262} INFO - Creating ORM DAG for consume_1_and_2_with_dataset_expressions
[2026-09-26T18:11:58.000+0000] {logging_mixin.py:190} INFO - [2026-09-26T18:11:57.999+0000] {dag.py:3262} INFO - Creating ORM DAG for consume_1_or_2_with_dataset_expressions
[2026-09-26T18:11:58.000+0000] {logging_mixin.py:190} INFO - [2026-09-26T18:11:58.000+0000] {dag.py:3262} INFO - Creating ORM DAG for conditional_dataset_and_time_based_timetable
[2026-09-26T18:11:58.000+0000] {logging_mixin.py:190} INFO - [2026-09-26T18:11:58.000+0000] {dag.py:3262} INFO - Creating ORM DAG for dataset_consumes_unknown_never_scheduled
[2026-09-26T18:11:58.001+0000] {logging_mixin.py:190} INFO - [2026-09-26T18:11:58.001+0000] {dag.py:3262} INFO - Creating ORM DAG for consume_1_or_both_2_and_3_with_dataset_expressions
[2026-09-26T18:11:58.011+0000] {logging_mixin.py:190} INFO - [2026-09-26T18:11:58.010+0000] {dag.py:4180} INFO - Setting next_dagrun for conditional_dataset_and_time_based_timetable to 2026-09-23 01:00:00+00:00, run_after=2026-09-23 01:00:00+00:00
[2026-09-26T18:11:58.011+0000] {logging_mixin.py:190} INFO - [2026-09-26T18:11:58.011+0000] {dag.py:4180} INFO - Setting next_dagrun for consume_1_and_2_with_dataset_expressions to None, run_after=None
[2026-09-26T18:11:58.011+0000] {logging_mixin.py:190} INFO - [2026-09-26T18:11:58.011+0000] {dag.py:4180} INFO - Setting next_dagrun for consume_1_or_2_with_dataset_expressions to None, run_after=None
[2026-09-26T18:11:58.011+0000] {logging_mixin.py:190} INFO - [2026-09-26T18:11:58.011+0000] {dag.py:4180} INFO - Setting next_dagrun for consume_1_or_both_2_and_3_with_dataset_expressions to None, run_after=None
[2026-09-26T18:11:58.011+0000] {logging_mixin.py:190} INFO - [2026-09-26T18:11:58.011+0000] {dag.py:4180} INFO - Setting next_dagrun for dataset_consumes_1 to None, run_after=None
[2026-09-26T18:11:58.012+0000] {logging_mixin.py:190} INFO - [2026-09-26T18:11:58.012+0000] {dag.py:4180} INFO - Setting next_dagrun for dataset_consumes_1_and_2 to None, run_after=None
[2026-09-26T18:11:58.012+0000] {logging_mixin.py:190} INFO - [2026-09-26T18:11:58.012+0000] {dag.py:4180} INFO - Setting next_dagrun for dataset_consumes_1_never_scheduled to None, run_after=None
[2026-09-26T18:11:58.013+0000] {logging_mixin.py:190} INFO - [2026-09-26T18:11:58.013+0000] {dag.py:4180} INFO - Setting next_dagrun for dataset_consumes_unknown_never_scheduled to None, run_after=None
[2026-09-26T18:11:58.014+0000] {logging_mixin.py:190} INFO - [2026-09-26T18:11:58.014+0000] {dag.py:4180} INFO - Setting next_dagrun for dataset_produces_1 to 2026-09-25 00:00:00+00:00, run_after=2026-09-26 00:00:00+00:00
[2026-09-26T18:11:58.015+0000] {logging_mixin.py:190} INFO - [2026-09-26T18:11:58.014+0000] {dag.py:4180} INFO - Setting next_dagrun for dataset_produces_2 to None, run_after=None
[2026-09-26T18:11:58.054+0000] {processor.py:208} INFO - Processing /home/airflow/.local/lib/python3.12/site-packages/airflow/example_dags/example_datasets.py took 1.198 seconds
[2026-09-26T18:12:28.799+0000] {processor.py:186} INFO - Started process (PID=743) to work on /home/airflow/.local/lib/python3.12/site-packages/airflow/example_dags/example_datasets.py
[2026-09-26T18:12:28.799+0000] {processor.py:914} INFO - Processing file /home/airflow/.local/lib/python3.12/site-packages/airflow/example_dags/example_datasets.py for tasks to queue
[2026-09-26T18:12:28.805+0000] {logging_mixin.py:190} INFO - [2026-09-26T18:12:28.804+0000] {dagbag.py:588} INFO - Filling up the DagBag from /home/airflow/.local/lib/python3.12/site-packages/airflow/example_dags/example_datasets.py
[2026-09-26T18:12:29.267+0000] {processor.py:925} INFO - DAG(s) 'dataset_consumes_1_and_2', 'consume_1_and_2_with_dataset_expressions', 'dataset_produces_1', 'dataset_produces_2', 'conditional_dataset_and_time_based_timetable', 'dataset_consumes_1_never_scheduled', 'dataset_consumes_1', 'dataset_consumes_unknown_never_scheduled', 'consume_1_or_both_2_and_3_with_dataset_expressions', 'consume_1_or_2_with_dataset_expressions' retrieved from /home/airflow/.local/lib/python3.12/site-packages/airflow/example_dags/example_datasets.py
[2026-09-26T18:12:29.302+0000] {logging_mixin.py:190} INFO - [2026-09-26T18:12:29.302+0000] {dag.py:3239} INFO - Sync 10 DAGs
[2026-09-26T18:12:29.318+0000] {logging_mixin.py:190} INFO - [2026-09-26T18:12:29.318+0000] {dag.py:4180} INFO - Setting next_dagrun for conditional_dataset_and_time_based_timetable to 2026-09-23 01:00:00+00:00, run_after=2026-09-23 01:00:00+00:00
[2026-09-26T18:12:29.321+0000] {logging_mixin.py:190} INFO - [2026-09-26T18:12:29.320+0000] {dag.py:4180} INFO - Setting next_dagrun for consume_1_and_2_with_dataset_expressions to None, run_after=None
[2026-09-26T18:12:29.322+0000] {logging_mixin.py:190} INFO - [2026-09-26T18:12:29.321+0000] {dag.py:4180} INFO - Setting next_dagrun for consume_1_or_2_with_dataset_expressions to None, run_after=None
[2026-09-26T18:12:29.322+0000] {logging_mixin.py:190} INFO - [2026-09-26T18:12:29.322+0000] {dag.py:4180} INFO - Setting next_dagrun for consume_1_or_both_2_and_3_with_dataset_expressions to None, run_after=None
[2026-09-26T18:12:29.323+0000] {logging_mixin.py:190} INFO - [2026-09-26T18:12:29.323+0000] {dag.py:4180} INFO - Setting next_dagrun for dataset_consumes_1 to None, run_after=None
[2026-09-26T18:12:29.324+0000] {logging_mixin.py:190} INFO - [2026-09-26T18:12:29.324+0000] {dag.py:4180} INFO - Setting next_dagrun for dataset_consumes_1_and_2 to None, run_after=None
[2026-09-26T18:12:29.325+0000] {logging_mixin.py:190} INFO - [2026-09-26T18:12:29.324+0000] {dag.py:4180} INFO - Setting next_dagrun for dataset_consumes_1_never_scheduled to None, run_after=None
[2026-09-26T18:12:29.325+0000] {logging_mixin.py:190} INFO - [2026-09-26T18:12:29.325+0000] {dag.py:4180} INFO - Setting next_dagrun for dataset_consumes_unknown_never_scheduled to None, run_after=None
[2026-09-26T18:12:29.327+0000] {logging_mixin.py:190} INFO - [2026-09-26T18:12:29.327+0000] {dag.py:4180} INFO - Setting next_dagrun for dataset_produces_1 to 2026-09-25 00:00:00+00:00, run_after=2026-09-26 00:00:00+00:00
[2026-09-26T18:12:29.328+0000] {logging_mixin.py:190} INFO - [2026-09-26T18:12:29.328+0000] {dag.py:4180} INFO - Setting next_dagrun for dataset_produces_2 to None, run_after=None
[2026-09-26T18:12:29.351+0000] {processor.py:208} INFO - Processing /home/airflow/.local/lib/python3.12/site-packages/airflow/example_dags/example_datasets.py took 0.559 seconds
