[2026-09-26T18:11:51.755+0000] {processor.py:186} INFO - Started process (PID=277) to work on /home/airflow/.local/lib/python3.12/site-packages/airflow/example_dags/example_sensors.py
[2026-09-26T18:11:51.757+0000] {processor.py:914} INFO - Processing file /home/airflow/.local/lib/python3.12/site-packages/airflow/example_dags/example_sensors.py for tasks to queue
[2026-09-26T18:11:51.760+0000] {logging_mixin.py:190} INFO - [2026-09-26T18:11:51.760+0000] {dagbag.py:588} INFO - Filling up the DagBag from /home/airflow/.local/lib/python3.12/site-packages/airflow/example_dags/example_sensors.py
[2026-09-26T18:11:51.774+0000] {processor.py:925} INFO - DAG(s) 'example_sensors' retrieved from /home/airflow/.local/lib/python3.12/site-packages/airflow/example_dags/example_sensors.py
[2026-09-26T18:11:51.875+0000] {logging_mixin.py:190} INFO - [2026-09-26T18:11:51.874+0000] {override.py:1911} INFO - Created Permission View: can edit on DAG:example_sensors
[2026-09-26T18:11:51.884+0000] {logging_mixin.py:190} INFO - [2026-09-26T18:11:51.883+0000] {override.py:1911} INFO - Created Permission View: can delete on DAG:example_sensors
[2026-09-26T18:11:51.891+0000] {logging_mixin.py:190} INFO - [2026-09-26T18:11:51.890+0000] {override.py:1911} INFO - Created Permission View: can read on DAG:example_sensors
[2026-09-26T18:11:51.897+0000] {logging_mixin.py:190} INFO - [2026-09-26T18:11:51.896+0000] {override.py:1911} INFO - Created Permission View: can delete on DAG Run:example_sensors
[2026-09-26T18:11:51.902+0000] {logging_mixin.py:190} INFO - [2026-09-26T18:11:51.902+0000] {override.py:1911} INFO - Created Permission View: menu access on DAG Run:example_sensors
[2026-09-26T18:11:51.907+0000] {logging_mixin.py:190} INFO - [2026-09-26T18:11:51.906+0000] {override.py:1911} INFO - Created Permission View: can create on DAG Run:example_sensors
[2026-09-26T18:11:51.915+0000] {logging_mixin.py:190} INFO - [2026-09-26T18:11:51.914+0000] {override.py:1911} INFO - Created Permission View: can read on DAG Run:example_sensors
[2026-09-26T18:11:51.915+0000] {logging_mixin.py:190} INFO - [2026-09-26T18:11:51.915+0000] {dag.py:3239} INFO - Sync 1 DAGs
[2026-09-26T18:11:51.932+0000] {logging_mixin.py:190} INFO - [2026-09-26T18:11:51.932+0000] {dag.py:3262} INFO - Creating ORM DAG for example_sensors
[2026-09-26T18:11:51.933+0000] {logging_mixin.py:190} INFO - [2026-09-26T18:11:51.933+0000] {dag.py:4180} INFO - Setting next_dagrun for example_sensors to None, run_after=None
[2026-09-26T18:11:51.955+0000] {processor.py:208} INFO - Processing /home/airflow/.local/lib/python3.12/site-packages/airflow/example_dags/example_sensors.py took 0.204 seconds
[2026-09-26T18:12:22.590+0000] {processor.py:186} INFO - Started process (PID=573) to work on /home/airflow/.local/lib/python3.12/site-packages/airflow/example_dags/example_sensors.py
[2026-09-26T18:12:22.591+0000] {processor.py:914} INFO - Processing file /home/airflow/.local/lib/python3.12/site-packages/airflow/example_dags/example_sensors.py for tasks to queue
[2026-09-26T18:12:22.593+0000] {logging_mixin.py:190} INFO - [2026-09-26T18:12:22.593+0000] {dagbag.py:588} INFO - Filling up the DagBag from /home/airflow/.local/lib/python3.12/site-packages/airflow/example_dags/example_sensors.py
[2026-09-26T18:12:22.603+0000] {processor.py:925} INFO - DAG(s) 'example_sensors' retrieved from /home/airflow/.local/lib/python3.12/site-packages/airflow/example_dags/example_sensors.py
[2026-09-26T18:12:22.626+0000] {logging_mixin.py:190} INFO - [2026-09-26T18:12:22.625+0000] {dag.py:3239} INFO - Sync 1 DAGs
[2026-09-26T18:12:22.638+0000] {logging_mixin.py:190} INFO - [2026-09-26T18:12:22.637+0000] {dag.py:4180} INFO - Setting next_dagrun for example_sensors to None, run_after=None
[2026-09-26T18:12:22.652+0000] {processor.py:208} INFO - Processing /home/airflow/.local/lib/python3.12/site-packages/airflow/example_dags/example_sensors.py took 0.067 seconds
