[2026-09-26T18:11:51.998+0000] {processor.py:186} INFO - Started process (PID=282) to work on /home/airflow/.local/lib/python3.12/site-packages/airflow/example_dags/example_setup_teardown.py
[2026-09-26T18:11:51.999+0000] {processor.py:914} INFO - Processing file /home/airflow/.local/lib/python3.12/site-packages/airflow/example_dags/example_setup_teardown.py for tasks to queue
[2026-09-26T18:11:52.003+0000] {logging_mixin.py:190} INFO - [2026-09-26T18:11:52.003+0000] {dagbag.py:588} INFO - Filling up the DagBag from /home/airflow/.local/lib/python3.12/site-packages/airflow/example_dags/example_setup_teardown.py
[2026-09-26T18:11:52.015+0000] {processor.py:925} INFO - DAG(s) 'example_setup_teardown' retrieved from /home/airflow/.local/lib/python3.12/site-packages/airflow/example_dags/example_setup_teardown.py
[2026-09-26T18:11:52.146+0000] {logging_mixin.py:190} INFO - [2026-09-26T18:11:52.144+0000] {override.py:1911} INFO - Created Permission View: can edit on DAG:example_setup_teardown
[2026-09-26T18:11:52.161+0000] {logging_mixin.py:190} INFO - [2026-09-26T18:11:52.160+0000] {override.py:1911} INFO - Created Permission View: can delete on DAG:example_setup_teardown
[2026-09-26T18:11:52.170+0000] {logging_mixin.py:190} INFO - [2026-09-26T18:11:52.169+0000] {override.py:1911} INFO - Created Permission View: can read on DAG:example_setup_teardown
[2026-09-26T18:11:52.178+0000] {logging_mixin.py:190} INFO - [2026-09-26T18:11:52.178+0000] {override.py:1911} INFO - Created Permission View: can delete on DAG Run:example_setup_teardown
[2026-09-26T18:11:52.186+0000] {logging_mixin.py:190} INFO - [2026-09-26T18:11:52.185+0000] {override.py:1911} INFO - Created Permission View: menu access on DAG Run:example_setup_teardown
[2026-09-26T18:11:52.192+0000] {logging_mixin.py:190} INFO - [2026-09-26T18:11:52.191+0000] {override.py:1911} INFO - Created Permission View: can create on DAG Run:example_setup_teardown
[2026-09-26T18:11:52.199+0000] {logging_mixin.py:190} INFO - [2026-09-26T18:11:52.198+0000] {override.py:1911} INFO - Created Permission View: can read on DAG Run:example_setup_teardown
[2026-09-26T18:11:52.199+0000] {logging_mixin.py:190} INFO - [2026-09-26T18:11:52.199+0000] {dag.py:3239} INFO - Sync 1 DAGs
[2026-09-26T18:11:52.213+0000] {logging_mixin.py:190} INFO - [2026-09-26T18:11:52.213+0000] {dag.py:3262} INFO - Creating ORM DAG for example_setup_teardown
[2026-09-26T18:11:52.214+0000] {logging_mixin.py:190} INFO - [2026-09-26T18:11:52.214+0000] {dag.py:4180} INFO - Setting next_dagrun for example_setup_teardown to None, run_after=None
[2026-09-26T18:11:52.232+0000] {processor.py:208} INFO - Processing /home/airflow/.local/lib/python3.12/site-packages/airflow/example_dags/example_setup_teardown.py took 0.241 seconds
[2026-09-26T18:12:22.601+0000] {processor.py:186} INFO - Started process (PID=576) to work on /home/airflow/.local/lib/python3.12/site-packages/airflow/example_dags/example_setup_teardown.py
[2026-09-26T18:12:22.602+0000] {processor.py:914} INFO - Processing file /home/airflow/.local/lib/python3.12/site-packages/airflow/example_dags/example_setup_teardown.py for tasks to queue
[2026-09-26T18:12:22.603+0000] {logging_mixin.py:190} INFO - [2026-09-26T18:12:22.603+0000] {dagbag.py:588} INFO - Filling up the DagBag from /home/airflow/.local/lib/python3.12/site-packages/airflow/example_dags/example_setup_teardown.py
[2026-09-26T18:12:22.613+0000] {processor.py:925} INFO - DAG(s) 'example_setup_teardown' retrieved from /home/airflow/.local/lib/python3.12/site-packages/airflow/example_dags/example_setup_teardown.py
[2026-09-26T18:12:22.632+0000] {logging_mixin.py:190} INFO - [2026-09-26T18:12:22.632+0000] {dag.py:3239} INFO - Sync 1 DAGs
[2026-09-26T18:12:22.644+0000] {logging_mixin.py:190} INFO - [2026-09-26T18:12:22.643+0000] {dag.py:4180} INFO - Setting next_dagrun for example_setup_teardown to None, run_after=None
[2026-09-26T18:12:22.658+0000] {processor.py:208} INFO - Processing /home/airflow/.local/lib/python3.12/site-packages/airflow/example_dags/example_setup_teardown.py took 0.062 seconds
