[2026-09-26T18:11:53.563+0000] {processor.py:186} INFO - Started process (PID=330) to work on /home/airflow/.local/lib/python3.12/site-packages/airflow/example_dags/example_python_operator.py
[2026-09-26T18:11:53.565+0000] {processor.py:914} INFO - Processing file /home/airflow/.local/lib/python3.12/site-packages/airflow/example_dags/example_python_operator.py for tasks to queue
[2026-09-26T18:11:53.570+0000] {logging_mixin.py:190} INFO - [2026-09-26T18:11:53.569+0000] {dagbag.py:588} INFO - Filling up the DagBag from /home/airflow/.local/lib/python3.12/site-packages/airflow/example_dags/example_python_operator.py
[2026-09-26T18:11:53.592+0000] {processor.py:925} INFO - DAG(s) 'example_python_operator' retrieved from /home/airflow/.local/lib/python3.12/site-packages/airflow/example_dags/example_python_operator.py
[2026-09-26T18:11:53.714+0000] {logging_mixin.py:190} INFO - [2026-09-26T18:11:53.713+0000] {override.py:1911} INFO - Created Permission View: can edit on DAG:example_python_operator
[2026-09-26T18:11:53.728+0000] {logging_mixin.py:190} INFO - [2026-09-26T18:11:53.727+0000] {override.py:1911} INFO - Created Permission View: can delete on DAG:example_python_operator
[2026-09-26T18:11:53.735+0000] {logging_mixin.py:190} INFO - [2026-09-26T18:11:53.734+0000] {override.py:1911} INFO - Created Permission View: can read on DAG:example_python_operator
[2026-09-26T18:11:53.741+0000] {logging_mixin.py:190} INFO - [2026-09-26T18:11:53.741+0000] {override.py:1911} INFO - Created Permission View: can delete on DAG Run:example_python_operator
[2026-09-26T18:11:53.745+0000] {logging_mixin.py:190} INFO - [2026-09-26T18:11:53.745+0000] {override.py:1911} INFO - Created Permission View: menu access on DAG Run:example_python_operator
[2026-09-26T18:11:53.753+0000] {logging_mixin.py:190} INFO - [2026-09-26T18:11:53.752+0000] {override.py:1911} INFO - Created Permission View: can create on DAG Run:example_python_operator
[2026-09-26T18:11:53.758+0000] {logging_mixin.py:190} INFO - [2026-09-26T18:11:53.758+0000] {override.py:1911} INFO - Created Permission View: can read on DAG Run:example_python_operator
[2026-09-26T18:11:53.758+0000] {logging_mixin.py:190} INFO - [2026-09-26T18:11:53.758+0000] {dag.py:3239} INFO - Sync 1 DAGs
[2026-09-26T18:11:53.774+0000] {logging_mixin.py:190} INFO - [2026-09-26T18:11:53.774+0000] {dag.py:3262} INFO - Creating ORM DAG for example_python_operator
[2026-09-26T18:11:53.775+0000] {logging_mixin.py:190} INFO - [2026-09-26T18:11:53.775+0000] {dag.py:4180} INFO - Setting next_dagrun for example_python_operator to None, run_after=None
[2026-09-26T18:11:53.812+0000] {processor.py:208} INFO - Processing /home/airflow/.local/lib/python3.12/site-packages/airflow/example_dags/example_python_operator.py took 0.262 seconds
[2026-09-26T18:12:24.435+0000] {processor.py:186} INFO - Started process (PID=626) to work on /home/airflow/.local/lib/python3.12/site-packages/airflow/example_dags/example_python_operator.py
[2026-09-26T18:12:24.436+0000] {processor.py:914} INFO - Processing file /home/airflow/.local/lib/python3.12/site-packages/airflow/example_dags/example_python_operator.py for tasks to queue
[2026-09-26T18:12:24.440+0000] {logging_mixin.py:190} INFO - [2026-09-26T18:12:24.439+0000] {dagbag.py:588} INFO - Filling up the DagBag from /home/airflow/.local/lib/python3.12/site-packages/airflow/example_dags/example_python_operator.py
[2026-09-26T18:12:24.453+0000] {processor.py:925} INFO - DAG(s) 'example_python_operator' retrieved from /home/airflow/.local/lib/python3.12/site-packages/airflow/example_dags/example_python_operator.py
[2026-09-26T18:12:24.475+0000] {logging_mixin.py:190} INFO - [2026-09-26T18:12:24.474+0000] {dag.py:3239} INFO - Sync 1 DAGs
[2026-09-26T18:12:24.488+0000] {logging_mixin.py:190} INFO - [2026-09-26T18:12:24.488+0000] {dag.py:4180} INFO - Setting next_dagrun for example_python_operator to None, run_after=None
[2026-09-26T18:12:24.510+0000] {processor.py:208} INFO - Processing /home/airflow/.local/lib/python3.12/site-packages/airflow/example_dags/example_python_operator.py took 0.083 seconds
