[2026-09-26T18:11:47.600+0000] {processor.py:186} INFO - Started process (PID=200) to work on /home/airflow/.local/lib/python3.12/site-packages/airflow/example_dags/example_branch_day_of_week_operator.py
[2026-09-26T18:11:47.602+0000] {processor.py:914} INFO - Processing file /home/airflow/.local/lib/python3.12/site-packages/airflow/example_dags/example_branch_day_of_week_operator.py for tasks to queue
[2026-09-26T18:11:47.606+0000] {logging_mixin.py:190} INFO - [2026-09-26T18:11:47.606+0000] {dagbag.py:588} INFO - Filling up the DagBag from /home/airflow/.local/lib/python3.12/site-packages/airflow/example_dags/example_branch_day_of_week_operator.py
[2026-09-26T18:11:47.625+0000] {processor.py:925} INFO - DAG(s) 'example_weekday_branch_operator' retrieved from /home/airflow/.local/lib/python3.12/site-packages/airflow/example_dags/example_branch_day_of_week_operator.py
[2026-09-26T18:11:47.840+0000] {logging_mixin.py:190} INFO - [2026-09-26T18:11:47.839+0000] {override.py:1911} INFO - Created Permission View: can edit on DAG:example_weekday_branch_operator
[2026-09-26T18:11:47.854+0000] {logging_mixin.py:190} INFO - [2026-09-26T18:11:47.854+0000] {override.py:1911} INFO - Created Permission View: can delete on DAG:example_weekday_branch_operator
[2026-09-26T18:11:47.859+0000] {logging_mixin.py:190} INFO - [2026-09-26T18:11:47.858+0000] {override.py:1911} INFO - Created Permission View: can read on DAG:example_weekday_branch_operator
[2026-09-26T18:11:47.864+0000] {logging_mixin.py:190} INFO - [2026-09-26T18:11:47.863+0000] {override.py:1911} INFO - Created Permission View: can delete on DAG Run:example_weekday_branch_operator
[2026-09-26T18:11:47.869+0000] {logging_mixin.py:190} INFO - [2026-09-26T18:11:47.868+0000] {override.py:1911} INFO - Created Permission View: menu access on DAG Run:example_weekday_branch_operator
[2026-09-26T18:11:47.872+0000] {logging_mixin.py:190} INFO - [2026-09-26T18:11:47.872+0000] {override.py:1911} INFO - Created Permission View: can create on DAG Run:example_weekday_branch_operator
[2026-09-26T18:11:47.876+0000] {logging_mixin.py:190} INFO - [2026-09-26T18:11:47.876+0000] {override.py:1911} INFO - Created Permission View: can read on DAG Run:example_weekday_branch_operator
[2026-09-26T18:11:47.876+0000] {logging_mixin.py:190} INFO - [2026-09-26T18:11:47.876+0000] {dag.py:3239} INFO - Sync 1 DAGs
[2026-09-26T18:11:47.887+0000] {logging_mixin.py:190} INFO - [2026-09-26T18:11:47.887+0000] {dag.py:3262} INFO - Creating ORM DAG for example_weekday_branch_operator
[2026-09-26T18:11:47.899+0000] {logging_mixin.py:190} INFO - [2026-09-26T18:11:47.899+0000] {dag.py:4180} INFO - Setting next_dagrun for example_weekday_branch_operator to 2026-09-25 00:00:00+00:00, run_after=2026-09-26 00:00:00+00:00
[2026-09-26T18:11:47.914+0000] {processor.py:208} INFO - Processing /home/airflow/.local/lib/python3.12/site-packages/airflow/example_dags/example_branch_day_of_week_operator.py took 0.323 seconds
[2026-09-26T18:12:18.539+0000] {processor.py:186} INFO - Started process (PID=496) to work on /home/airflow/.local/lib/python3.12/site-packages/airflow/example_dags/example_branch_day_of_week_operator.py
[2026-09-26T18:12:18.541+0000] {processor.py:914} INFO - Processing file /home/airflow/.local/lib/python3.12/site-packages/airflow/example_dags/example_branch_day_of_week_operator.py for tasks to queue
[2026-09-26T18:12:18.546+0000] {logging_mixin.py:190} INFO - [2026-09-26T18:12:18.546+0000] {dagbag.py:588} INFO - Filling up the DagBag from /home/airflow/.local/lib/python3.12/site-packages/airflow/example_dags/example_branch_day_of_week_operator.py
[2026-09-26T18:12:18.564+0000] {processor.py:925} INFO - DAG(s) 'example_weekday_branch_operator' retrieved from /home/airflow/.local/lib/python3.12/site-packages/airflow/example_dags/example_branch_day_of_week_operator.py
[2026-09-26T18:12:18.596+0000] {logging_mixin.py:190} INFO - [2026-09-26T18:12:18.596+0000] {dag.py:3239} INFO - Sync 1 DAGs
[2026-09-26T18:12:18.640+0000] {logging_mixin.py:190} INFO - [2026-09-26T18:12:18.639+0000] {dag.py:4180} INFO - Setting next_dagrun for example_weekday_branch_operator to 2026-09-25 00:00:00+00:00, run_after=2026-09-26 00:00:00+00:00
[2026-09-26T18:12:18.668+0000] {processor.py:208} INFO - Processing /home/airflow/.local/lib/python3.12/site-packages/airflow/example_dags/example_branch_day_of_week_operator.py took 0.144 seconds
