[2026-09-26T18:11:56.586+0000] {processor.py:186} INFO - Started process (PID=422) to work on /home/airflow/.local/lib/python3.12/site-packages/airflow/example_dags/example_external_task_marker_dag.py
[2026-09-26T18:11:56.587+0000] {processor.py:914} INFO - Processing file /home/airflow/.local/lib/python3.12/site-packages/airflow/example_dags/example_external_task_marker_dag.py for tasks to queue
[2026-09-26T18:11:56.590+0000] {logging_mixin.py:190} INFO - [2026-09-26T18:11:56.590+0000] {dagbag.py:588} INFO - Filling up the DagBag from /home/airflow/.local/lib/python3.12/site-packages/airflow/example_dags/example_external_task_marker_dag.py
[2026-09-26T18:11:56.602+0000] {processor.py:925} INFO - DAG(s) 'example_external_task_marker_parent', 'example_external_task_marker_child' retrieved from /home/airflow/.local/lib/python3.12/site-packages/airflow/example_dags/example_external_task_marker_dag.py
[2026-09-26T18:11:56.725+0000] {logging_mixin.py:190} INFO - [2026-09-26T18:11:56.724+0000] {override.py:1911} INFO - Created Permission View: can edit on DAG:example_external_task_marker_parent
[2026-09-26T18:11:56.736+0000] {logging_mixin.py:190} INFO - [2026-09-26T18:11:56.735+0000] {override.py:1911} INFO - Created Permission View: can delete on DAG:example_external_task_marker_parent
[2026-09-26T18:11:56.742+0000] {logging_mixin.py:190} INFO - [2026-09-26T18:11:56.741+0000] {override.py:1911} INFO - Created Permission View: can read on DAG:example_external_task_marker_parent
[2026-09-26T18:11:56.748+0000] {logging_mixin.py:190} INFO - [2026-09-26T18:11:56.748+0000] {override.py:1911} INFO - Created Permission View: can delete on DAG Run:example_external_task_marker_parent
[2026-09-26T18:11:56.754+0000] {logging_mixin.py:190} INFO - [2026-09-26T18:11:56.754+0000] {override.py:1911} INFO - Created Permission View: menu access on DAG Run:example_external_task_marker_parent
[2026-09-26T18:11:56.759+0000] {logging_mixin.py:190} INFO - [2026-09-26T18:11:56.759+0000] {override.py:1911} INFO - Created Permission View: can create on DAG Run:example_external_task_marker_parent
[2026-09-26T18:11:56.765+0000] {logging_mixin.py:190} INFO - [2026-09-26T18:11:56.765+0000] {override.py:1911} INFO - Created Permission View: can read on DAG Run:example_external_task_marker_parent
[2026-09-26T18:11:56.778+0000] {logging_mixin.py:190} INFO - [2026-09-26T18:11:56.778+0000] {override.py:1911} INFO - Created Permission View: can edit on DAG:example_external_task_marker_child
[2026-09-26T18:11:56.784+0000] {logging_mixin.py:190} INFO - [2026-09-26T18:11:56.783+0000] {override.py:1911} INFO - Created Permission View: can delete on DAG:example_external_task_marker_child
[2026-09-26T18:11:56.789+0000] {logging_mixin.py:190} INFO - [2026-09-26T18:11:56.789+0000] {override.py:1911} INFO - Created Permission View: can read on DAG:example_external_task_marker_child
[2026-09-26T18:11:56.795+0000] {logging_mixin.py:190} INFO - [2026-09-26T18:11:56.795+0000] {override.py:1911} INFO - Created Permission View: can delete on DAG Run:example_external_task_marker_child
[2026-09-26T18:11:56.801+0000] {logging_mixin.py:190} INFO - [2026-09-26T18:11:56.801+0000] {override.py:1911} INFO - Created Permission View: menu access on DAG Run:example_external_task_marker_child
[2026-09-26T18:11:56.807+0000] {logging_mixin.py:190} INFO - [2026-09-26T18:11:56.807+0000] {override.py:1911} INFO - Created Permission View: can create on DAG Run:example_external_task_marker_child
[2026-09-26T18:11:56.812+0000] {logging_mixin.py:190} INFO - [2026-09-26T18:11:56.811+0000] {override.py:1911} INFO - Created Permission View: can read on DAG Run:example_external_task_marker_child
[2026-09-26T18:11:56.812+0000] {logging_mixin.py:190} INFO - [2026-09-26T18:11:56.812+0000] {dag.py:3239} INFO - Sync 2 DAGs
[2026-09-26T18:11:56.827+0000] {logging_mixin.py:190} INFO - [2026-09-26T18:11:56.827+0000] {dag.py:3262} INFO - Creating ORM DAG for example_external_task_marker_parent
[2026-09-26T18:11:56.828+0000] {logging_mixin.py:190} INFO - [2026-09-26T18:11:56.828+0000] {dag.py:3262} INFO - Creating ORM DAG for example_external_task_marker_child
[2026-09-26T18:11:56.829+0000] {logging_mixin.py:190} INFO - [2026-09-26T18:11:56.828+0000] {dag.py:4180} INFO - Setting next_dagrun for example_external_task_marker_child to None, run_after=None
[2026-09-26T18:11:56.829+0000] {logging_mixin.py:190} INFO - [2026-09-26T18:11:56.829+0000] {dag.py:4180} INFO - Setting next_dagrun for example_external_task_marker_parent to None, run_after=None
[2026-09-26T18:11:56.846+0000] {processor.py:208} INFO - Processing /home/airflow/.local/lib/python3.12/site-packages/airflow/example_dags/example_external_task_marker_dag.py took 0.268 seconds
[2026-09-26T18:12:27.389+0000] {processor.py:186} INFO - Started process (PID=721) to work on /home/airflow/.local/lib/python3.12/site-packages/airflow/example_dags/example_external_task_marker_dag.py
[2026-09-26T18:12:27.391+0000] {processor.py:914} INFO - Processing file /home/airflow/.local/lib/python3.12/site-packages/airflow/example_dags/example_external_task_marker_dag.py for tasks to queue
[2026-09-26T18:12:27.396+0000] {logging_mixin.py:190} INFO - [2026-09-26T18:12:27.395+0000] {dagbag.py:588} INFO - Filling up the DagBag from /home/airflow/.local/lib/python3.12/site-packages/airflow/example_dags/example_external_task_marker_dag.py
[2026-09-26T18:12:27.406+0000] {processor.py:925} INFO - DAG(s) 'example_external_task_marker_child', 'example_external_task_marker_parent' retrieved from /home/airflow/.local/lib/python3.12/site-packages/airflow/example_dags/example_external_task_marker_dag.py
[2026-09-26T18:12:27.440+0000] {logging_mixin.py:190} INFO - [2026-09-26T18:12:27.439+0000] {dag.py:3239} INFO - Sync 2 DAGs
[2026-09-26T18:12:27.454+0000] {logging_mixin.py:190} INFO - [2026-09-26T18:12:27.454+0000] {dag.py:4180} INFO - Setting next_dagrun for example_external_task_marker_child to None, run_after=None
[2026-09-26T18:12:27.460+0000] {logging_mixin.py:190} INFO - [2026-09-26T18:12:27.459+0000] {dag.py:4180} INFO - Setting next_dagrun for example_external_task_marker_parent to None, run_after=None
[2026-09-26T18:12:27.490+0000] {processor.py:208} INFO - Processing /home/airflow/.local/lib/python3.12/site-packages/airflow/example_dags/example_external_task_marker_dag.py took 0.109 seconds
