[2026-09-26T18:11:47.652+0000] {processor.py:186} INFO - Started process (PID=205) to work on /home/airflow/.local/lib/python3.12/site-packages/airflow/example_dags/example_complex.py
[2026-09-26T18:11:47.653+0000] {processor.py:914} INFO - Processing file /home/airflow/.local/lib/python3.12/site-packages/airflow/example_dags/example_complex.py for tasks to queue
[2026-09-26T18:11:47.655+0000] {logging_mixin.py:190} INFO - [2026-09-26T18:11:47.655+0000] {dagbag.py:588} INFO - Filling up the DagBag from /home/airflow/.local/lib/python3.12/site-packages/airflow/example_dags/example_complex.py
[2026-09-26T18:11:47.671+0000] {processor.py:925} INFO - DAG(s) 'example_complex' retrieved from /home/airflow/.local/lib/python3.12/site-packages/airflow/example_dags/example_complex.py
[2026-09-26T18:11:47.840+0000] {logging_mixin.py:190} INFO - [2026-09-26T18:11:47.838+0000] {override.py:1911} INFO - Created Permission View: can edit on DAG:example_complex
[2026-09-26T18:11:47.851+0000] {logging_mixin.py:190} INFO - [2026-09-26T18:11:47.851+0000] {override.py:1911} INFO - Created Permission View: can delete on DAG:example_complex
[2026-09-26T18:11:47.856+0000] {logging_mixin.py:190} INFO - [2026-09-26T18:11:47.856+0000] {override.py:1911} INFO - Created Permission View: can read on DAG:example_complex
[2026-09-26T18:11:47.861+0000] {logging_mixin.py:190} INFO - [2026-09-26T18:11:47.860+0000] {override.py:1911} INFO - Created Permission View: can delete on DAG Run:example_complex
[2026-09-26T18:11:47.865+0000] {logging_mixin.py:190} INFO - [2026-09-26T18:11:47.865+0000] {override.py:1911} INFO - Created Permission View: menu access on DAG Run:example_complex
[2026-09-26T18:11:47.869+0000] {logging_mixin.py:190} INFO - [2026-09-26T18:11:47.869+0000] {override.py:1911} INFO - Created Permission View: can create on DAG Run:example_complex
[2026-09-26T18:11:47.872+0000] {logging_mixin.py:190} INFO - [2026-09-26T18:11:47.872+0000] {override.py:1911} INFO - Created Permission View: can read on DAG Run:example_complex
[2026-09-26T18:11:47.873+0000] {logging_mixin.py:190} INFO - [2026-09-26T18:11:47.873+0000] {dag.py:3239} INFO - Sync 1 DAGs
[2026-09-26T18:11:47.883+0000] {logging_mixin.py:190} INFO - [2026-09-26T18:11:47.883+0000] {dag.py:3262} INFO - Creating ORM DAG for example_complex
[2026-09-26T18:11:47.884+0000] {logging_mixin.py:190} INFO - [2026-09-26T18:11:47.884+0000] {dag.py:4180} INFO - Setting next_dagrun for example_complex to None, run_after=None
[2026-09-26T18:11:47.904+0000] {processor.py:208} INFO - Processing /home/airflow/.local/lib/python3.12/site-packages/airflow/example_dags/example_complex.py took 0.258 seconds
[2026-09-26T18:12:18.631+0000] {processor.py:186} INFO - Started process (PID=501) to work on /home/airflow/.local/lib/python3.12/site-packages/airflow/example_dags/example_complex.py
[2026-09-26T18:12:18.633+0000] {processor.py:914} INFO - Processing file /home/airflow/.local/lib/python3.12/site-packages/airflow/example_dags/example_complex.py for tasks to queue
[2026-09-26T18:12:18.636+0000] {logging_mixin.py:190} INFO - [2026-09-26T18:12:18.636+0000] {dagbag.py:588} INFO - Filling up the DagBag from /home/airflow/.local/lib/python3.12/site-packages/airflow/example_dags/example_complex.py
[2026-09-26T18:12:18.656+0000] {processor.py:925} INFO - DAG(s) 'example_complex' retrieved from /home/airflow/.local/lib/python3.12/site-packages/airflow/example_dags/example_complex.py
[2026-09-26T18:12:18.699+0000] {logging_mixin.py:190} INFO - [2026-09-26T18:12:18.698+0000] {dag.py:3239} INFO - Sync 1 DAGs
[2026-09-26T18:12:18.721+0000] {logging_mixin.py:190} INFO - [2026-09-26T18:12:18.721+0000] {dag.py:4180} INFO - Setting next_dagrun for example_complex to None, run_after=None
[2026-09-26T18:12:18.773+0000] {processor.py:208} INFO - Processing /home/airflow/.local/lib/python3.12/site-packages/airflow/example_dags/example_complex.py took 0.152 seconds
