[2026-09-26T18:11:53.325+0000] {processor.py:186} INFO - Started process (PID=325) to work on /home/airflow/.local/lib/python3.12/site-packages/airflow/example_dags/example_bash_decorator.py
[2026-09-26T18:11:53.326+0000] {processor.py:914} INFO - Processing file /home/airflow/.local/lib/python3.12/site-packages/airflow/example_dags/example_bash_decorator.py for tasks to queue
[2026-09-26T18:11:53.328+0000] {logging_mixin.py:190} INFO - [2026-09-26T18:11:53.328+0000] {dagbag.py:588} INFO - Filling up the DagBag from /home/airflow/.local/lib/python3.12/site-packages/airflow/example_dags/example_bash_decorator.py
[2026-09-26T18:11:53.346+0000] {processor.py:925} INFO - DAG(s) 'example_bash_decorator' retrieved from /home/airflow/.local/lib/python3.12/site-packages/airflow/example_dags/example_bash_decorator.py
[2026-09-26T18:11:53.442+0000] {logging_mixin.py:190} INFO - [2026-09-26T18:11:53.441+0000] {override.py:1911} INFO - Created Permission View: can edit on DAG:example_bash_decorator
[2026-09-26T18:11:53.451+0000] {logging_mixin.py:190} INFO - [2026-09-26T18:11:53.451+0000] {override.py:1911} INFO - Created Permission View: can delete on DAG:example_bash_decorator
[2026-09-26T18:11:53.456+0000] {logging_mixin.py:190} INFO - [2026-09-26T18:11:53.456+0000] {override.py:1911} INFO - Created Permission View: can read on DAG:example_bash_decorator
[2026-09-26T18:11:53.461+0000] {logging_mixin.py:190} INFO - [2026-09-26T18:11:53.460+0000] {override.py:1911} INFO - Created Permission View: can delete on DAG Run:example_bash_decorator
[2026-09-26T18:11:53.465+0000] {logging_mixin.py:190} INFO - [2026-09-26T18:11:53.464+0000] {override.py:1911} INFO - Created Permission View: menu access on DAG Run:example_bash_decorator
[2026-09-26T18:11:53.469+0000] {logging_mixin.py:190} INFO - [2026-09-26T18:11:53.469+0000] {override.py:1911} INFO - Created Permission View: can create on DAG Run:example_bash_decorator
[2026-09-26T18:11:53.475+0000] {logging_mixin.py:190} INFO - [2026-09-26T18:11:53.474+0000] {override.py:1911} INFO - Created Permission View: can read on DAG Run:example_bash_decorator
[2026-09-26T18:11:53.475+0000] {logging_mixin.py:190} INFO - [2026-09-26T18:11:53.475+0000] {dag.py:3239} INFO - Sync 1 DAGs
[2026-09-26T18:11:53.486+0000] {logging_mixin.py:190} INFO - [2026-09-26T18:11:53.486+0000] {dag.py:3262} INFO - Creating ORM DAG for example_bash_decorator
[2026-09-26T18:11:53.487+0000] {logging_mixin.py:190} INFO - [2026-09-26T18:11:53.487+0000] {dag.py:4180} INFO - Setting next_dagrun for example_bash_decorator to None, run_after=None
[2026-09-26T18:11:53.501+0000] {processor.py:208} INFO - Processing /home/airflow/.local/lib/python3.12/site-packages/airflow/example_dags/example_bash_decorator.py took 0.181 seconds
[2026-09-26T18:12:24.324+0000] {processor.py:186} INFO - Started process (PID=621) to work on /home/airflow/.local/lib/python3.12/site-packages/airflow/example_dags/example_bash_decorator.py
[2026-09-26T18:12:24.325+0000] {processor.py:914} INFO - Processing file /home/airflow/.local/lib/python3.12/site-packages/airflow/example_dags/example_bash_decorator.py for tasks to queue
[2026-09-26T18:12:24.327+0000] {logging_mixin.py:190} INFO - [2026-09-26T18:12:24.326+0000] {dagbag.py:588} INFO - Filling up the DagBag from /home/airflow/.local/lib/python3.12/site-packages/airflow/example_dags/example_bash_decorator.py
[2026-09-26T18:12:24.339+0000] {processor.py:925} INFO - DAG(s) 'example_bash_decorator' retrieved from /home/airflow/.local/lib/python3.12/site-packages/airflow/example_dags/example_bash_decorator.py
[2026-09-26T18:12:24.359+0000] {logging_mixin.py:190} INFO - [2026-09-26T18:12:24.359+0000] {dag.py:3239} INFO - Sync 1 DAGs
[2026-09-26T18:12:24.370+0000] {logging_mixin.py:190} INFO - [2026-09-26T18:12:24.370+0000] {dag.py:4180} INFO - Setting next_dagrun for example_bash_decorator to None, run_after=None
[2026-09-26T18:12:24.385+0000] {processor.py:208} INFO - Processing /home/airflow/.local/lib/python3.12/site-packages/airflow/example_dags/example_bash_decorator.py took 0.065 seconds
