[2026-09-26T18:11:55.124+0000] {processor.py:186} INFO - Started process (PID=375) to work on /home/airflow/.local/lib/python3.12/site-packages/airflow/example_dags/example_skip_dag.py
[2026-09-26T18:11:55.125+0000] {processor.py:914} INFO - Processing file /home/airflow/.local/lib/python3.12/site-packages/airflow/example_dags/example_skip_dag.py for tasks to queue
[2026-09-26T18:11:55.128+0000] {logging_mixin.py:190} INFO - [2026-09-26T18:11:55.128+0000] {dagbag.py:588} INFO - Filling up the DagBag from /home/airflow/.local/lib/python3.12/site-packages/airflow/example_dags/example_skip_dag.py
[2026-09-26T18:11:55.142+0000] {processor.py:925} INFO - DAG(s) 'example_skip_dag' retrieved from /home/airflow/.local/lib/python3.12/site-packages/airflow/example_dags/example_skip_dag.py
[2026-09-26T18:11:55.282+0000] {logging_mixin.py:190} INFO - [2026-09-26T18:11:55.282+0000] {override.py:1911} INFO - Created Permission View: can edit on DAG:example_skip_dag
[2026-09-26T18:11:55.292+0000] {logging_mixin.py:190} INFO - [2026-09-26T18:11:55.291+0000] {override.py:1911} INFO - Created Permission View: can delete on DAG:example_skip_dag
[2026-09-26T18:11:55.297+0000] {logging_mixin.py:190} INFO - [2026-09-26T18:11:55.296+0000] {override.py:1911} INFO - Created Permission View: can read on DAG:example_skip_dag
[2026-09-26T18:11:55.303+0000] {logging_mixin.py:190} INFO - [2026-09-26T18:11:55.302+0000] {override.py:1911} INFO - Created Permission View: can delete on DAG Run:example_skip_dag
[2026-09-26T18:11:55.311+0000] {logging_mixin.py:190} INFO - [2026-09-26T18:11:55.311+0000] {override.py:1911} INFO - Created Permission View: menu access on DAG Run:example_skip_dag
[2026-09-26T18:11:55.321+0000] {logging_mixin.py:190} INFO - [2026-09-26T18:11:55.320+0000] {override.py:1911} INFO - Created Permission View: can create on DAG Run:example_skip_dag
[2026-09-26T18:11:55.327+0000] {logging_mixin.py:190} INFO - [2026-09-26T18:11:55.326+0000] {override.py:1911} INFO - Created Permission View: can read on DAG Run:example_skip_dag
[2026-09-26T18:11:55.328+0000] {logging_mixin.py:190} INFO - [2026-09-26T18:11:55.327+0000] {dag.py:3239} INFO - Sync 1 DAGs
[2026-09-26T18:11:55.345+0000] {logging_mixin.py:190} INFO - [2026-09-26T18:11:55.345+0000] {dag.py:3262} INFO - Creating ORM DAG for example_skip_dag
[2026-09-26T18:11:55.357+0000] {logging_mixin.py:190} INFO - [2026-09-26T18:11:55.356+0000] {dag.py:4180} INFO - Setting next_dagrun for example_skip_dag to 2026-09-25 00:00:00+00:00, run_after=2026-09-26 00:00:00+00:00
[2026-09-26T18:11:55.380+0000] {processor.py:208} INFO - Processing /home/airflow/.local/lib/python3.12/site-packages/airflow/example_dags/example_skip_dag.py took 0.264 seconds
[2026-09-26T18:12:26.188+0000] {processor.py:186} INFO - Started process (PID=671) to work on /home/airflow/.local/lib/python3.12/site-packages/airflow/example_dags/example_skip_dag.py
[2026-09-26T18:12:26.190+0000] {processor.py:914} INFO - Processing file /home/airflow/.local/lib/python3.12/site-packages/airflow/example_dags/example_skip_dag.py for tasks to queue
[2026-09-26T18:12:26.195+0000] {logging_mixin.py:190} INFO - [2026-09-26T18:12:26.194+0000] {dagbag.py:588} INFO - Filling up the DagBag from /home/airflow/.local/lib/python3.12/site-packages/airflow/example_dags/example_skip_dag.py
[2026-09-26T18:12:26.212+0000] {processor.py:925} INFO - DAG(s) 'example_skip_dag' retrieved from /home/airflow/.local/lib/python3.12/site-packages/airflow/example_dags/example_skip_dag.py
[2026-09-26T18:12:26.255+0000] {logging_mixin.py:190} INFO - [2026-09-26T18:12:26.254+0000] {dag.py:3239} INFO - Sync 1 DAGs
[2026-09-26T18:12:26.299+0000] {logging_mixin.py:190} INFO - [2026-09-26T18:12:26.298+0000] {dag.py:4180} INFO - Setting next_dagrun for example_skip_dag to 2026-09-25 00:00:00+00:00, run_after=2026-09-26 00:00:00+00:00
[2026-09-26T18:12:26.336+0000] {processor.py:208} INFO - Processing /home/airflow/.local/lib/python3.12/site-packages/airflow/example_dags/example_skip_dag.py took 0.159 seconds
