[2026-09-26T18:11:54.843+0000] {processor.py:186} INFO - Started process (PID=367) to work on /home/airflow/.local/lib/python3.12/site-packages/airflow/example_dags/example_display_name.py
[2026-09-26T18:11:54.844+0000] {processor.py:914} INFO - Processing file /home/airflow/.local/lib/python3.12/site-packages/airflow/example_dags/example_display_name.py for tasks to queue
[2026-09-26T18:11:54.846+0000] {logging_mixin.py:190} INFO - [2026-09-26T18:11:54.846+0000] {dagbag.py:588} INFO - Filling up the DagBag from /home/airflow/.local/lib/python3.12/site-packages/airflow/example_dags/example_display_name.py
[2026-09-26T18:11:54.857+0000] {processor.py:925} INFO - DAG(s) 'example_display_name' retrieved from /home/airflow/.local/lib/python3.12/site-packages/airflow/example_dags/example_display_name.py
[2026-09-26T18:11:54.986+0000] {logging_mixin.py:190} INFO - [2026-09-26T18:11:54.985+0000] {override.py:1911} INFO - Created Permission View: can edit on DAG:example_display_name
[2026-09-26T18:11:54.996+0000] {logging_mixin.py:190} INFO - [2026-09-26T18:11:54.995+0000] {override.py:1911} INFO - Created Permission View: can delete on DAG:example_display_name
[2026-09-26T18:11:55.002+0000] {logging_mixin.py:190} INFO - [2026-09-26T18:11:55.001+0000] {override.py:1911} INFO - Created Permission View: can read on DAG:example_display_name
[2026-09-26T18:11:55.006+0000] {logging_mixin.py:190} INFO - [2026-09-26T18:11:55.005+0000] {override.py:1911} INFO - Created Permission View: can delete on DAG Run:example_display_name
[2026-09-26T18:11:55.013+0000] {logging_mixin.py:190} INFO - [2026-09-26T18:11:55.012+0000] {override.py:1911} INFO - Created Permission View: menu access on DAG Run:example_display_name
[2026-09-26T18:11:55.018+0000] {logging_mixin.py:190} INFO - [2026-09-26T18:11:55.017+0000] {override.py:1911} INFO - Created Permission View: can create on DAG Run:example_display_name
[2026-09-26T18:11:55.026+0000] {logging_mixin.py:190} INFO - [2026-09-26T18:11:55.026+0000] {override.py:1911} INFO - Created Permission View: can read on DAG Run:example_display_name
[2026-09-26T18:11:55.027+0000] {logging_mixin.py:190} INFO - [2026-09-26T18:11:55.027+0000] {dag.py:3239} INFO - Sync 1 DAGs
[2026-09-26T18:11:55.041+0000] {logging_mixin.py:190} INFO - [2026-09-26T18:11:55.041+0000] {dag.py:3262} INFO - Creating ORM DAG for example_display_name
[2026-09-26T18:11:55.042+0000] {logging_mixin.py:190} INFO - [2026-09-26T18:11:55.042+0000] {dag.py:4180} INFO - Setting next_dagrun for example_display_name to None, run_after=None
[2026-09-26T18:11:55.059+0000] {processor.py:208} INFO - Processing /home/airflow/.local/lib/python3.12/site-packages/airflow/example_dags/example_display_name.py took 0.222 seconds
[2026-09-26T18:12:25.116+0000] {processor.py:186} INFO - Started process (PID=663) to work on /home/airflow/.local/lib/python3.12/site-packages/airflow/example_dags/example_display_name.py
[2026-09-26T18:12:25.117+0000] {processor.py:914} INFO - Processing file /home/airflow/.local/lib/python3.12/site-packages/airflow/example_dags/example_display_name.py for tasks to queue
[2026-09-26T18:12:25.118+0000] {logging_mixin.py:190} INFO - [2026-09-26T18:12:25.118+0000] {dagbag.py:588} INFO - Filling up the DagBag from /home/airflow/.local/lib/python3.12/site-packages/airflow/example_dags/example_display_name.py
[2026-09-26T18:12:25.127+0000] {processor.py:925} INFO - DAG(s) 'example_display_name' retrieved from /home/airflow/.local/lib/python3.12/site-packages/airflow/example_dags/example_display_name.py
[2026-09-26T18:12:25.143+0000] {logging_mixin.py:190} INFO - [2026-09-26T18:12:25.143+0000] {dag.py:3239} INFO - Sync 1 DAGs
[2026-09-26T18:12:25.155+0000] {logging_mixin.py:190} INFO - [2026-09-26T18:12:25.155+0000] {dag.py:4180} INFO - Setting next_dagrun for example_display_name to None, run_after=None
[2026-09-26T18:12:25.170+0000] {processor.py:208} INFO - Processing /home/airflow/.local/lib/python3.12/site-packages/airflow/example_dags/example_display_name.py took 0.057 seconds
