[2026-09-26T18:11:55.664+0000] {processor.py:186} INFO - Started process (PID=387) to work on /home/airflow/.local/lib/python3.12/site-packages/airflow/example_dags/example_sla_dag.py
[2026-09-26T18:11:55.666+0000] {processor.py:914} INFO - Processing file /home/airflow/.local/lib/python3.12/site-packages/airflow/example_dags/example_sla_dag.py for tasks to queue
[2026-09-26T18:11:55.669+0000] {logging_mixin.py:190} INFO - [2026-09-26T18:11:55.668+0000] {dagbag.py:588} INFO - Filling up the DagBag from /home/airflow/.local/lib/python3.12/site-packages/airflow/example_dags/example_sla_dag.py
[2026-09-26T18:11:55.681+0000] {processor.py:925} INFO - DAG(s) 'example_sla_dag' retrieved from /home/airflow/.local/lib/python3.12/site-packages/airflow/example_dags/example_sla_dag.py
[2026-09-26T18:11:55.778+0000] {logging_mixin.py:190} INFO - [2026-09-26T18:11:55.778+0000] {override.py:1911} INFO - Created Permission View: can edit on DAG:example_sla_dag
[2026-09-26T18:11:55.788+0000] {logging_mixin.py:190} INFO - [2026-09-26T18:11:55.787+0000] {override.py:1911} INFO - Created Permission View: can delete on DAG:example_sla_dag
[2026-09-26T18:11:55.793+0000] {logging_mixin.py:190} INFO - [2026-09-26T18:11:55.793+0000] {override.py:1911} INFO - Created Permission View: can read on DAG:example_sla_dag
[2026-09-26T18:11:55.799+0000] {logging_mixin.py:190} INFO - [2026-09-26T18:11:55.798+0000] {override.py:1911} INFO - Created Permission View: can delete on DAG Run:example_sla_dag
[2026-09-26T18:11:55.804+0000] {logging_mixin.py:190} INFO - [2026-09-26T18:11:55.804+0000] {override.py:1911} INFO - Created Permission View: menu access on DAG Run:example_sla_dag
[2026-09-26T18:11:55.809+0000] {logging_mixin.py:190} INFO - [2026-09-26T18:11:55.809+0000] {override.py:1911} INFO - Created Permission View: can create on DAG Run:example_sla_dag
[2026-09-26T18:11:55.814+0000] {logging_mixin.py:190} INFO - [2026-09-26T18:11:55.813+0000] {override.py:1911} INFO - Created Permission View: can read on DAG Run:example_sla_dag
[2026-09-26T18:11:55.814+0000] {logging_mixin.py:190} INFO - [2026-09-26T18:11:55.814+0000] {dag.py:3239} INFO - Sync 1 DAGs
[2026-09-26T18:11:55.826+0000] {logging_mixin.py:190} INFO - [2026-09-26T18:11:55.825+0000] {dag.py:3262} INFO - Creating ORM DAG for example_sla_dag
[2026-09-26T18:11:55.842+0000] {logging_mixin.py:190} INFO - [2026-09-26T18:11:55.842+0000] {dag.py:4180} INFO - Setting next_dagrun for example_sla_dag to 2026-09-26 18:08:00+00:00, run_after=2026-09-26 18:10:00+00:00
[2026-09-26T18:11:55.859+0000] {processor.py:208} INFO - Processing /home/airflow/.local/lib/python3.12/site-packages/airflow/example_dags/example_sla_dag.py took 0.202 seconds
[2026-09-26T18:12:26.533+0000] {processor.py:186} INFO - Started process (PID=683) to work on /home/airflow/.local/lib/python3.12/site-packages/airflow/example_dags/example_sla_dag.py
[2026-09-26T18:12:26.535+0000] {processor.py:914} INFO - Processing file /home/airflow/.local/lib/python3.12/site-packages/airflow/example_dags/example_sla_dag.py for tasks to queue
[2026-09-26T18:12:26.539+0000] {logging_mixin.py:190} INFO - [2026-09-26T18:12:26.538+0000] {dagbag.py:588} INFO - Filling up the DagBag from /home/airflow/.local/lib/python3.12/site-packages/airflow/example_dags/example_sla_dag.py
[2026-09-26T18:12:26.555+0000] {processor.py:925} INFO - DAG(s) 'example_sla_dag' retrieved from /home/airflow/.local/lib/python3.12/site-packages/airflow/example_dags/example_sla_dag.py
[2026-09-26T18:12:26.583+0000] {logging_mixin.py:190} INFO - [2026-09-26T18:12:26.583+0000] {dag.py:3239} INFO - Sync 1 DAGs
[2026-09-26T18:12:26.623+0000] {logging_mixin.py:190} INFO - [2026-09-26T18:12:26.623+0000] {dag.py:4180} INFO - Setting next_dagrun for example_sla_dag to 2026-09-26 18:10:00+00:00, run_after=2026-09-26 18:12:00+00:00
[2026-09-26T18:12:26.669+0000] {processor.py:208} INFO - Processing /home/airflow/.local/lib/python3.12/site-packages/airflow/example_dags/example_sla_dag.py took 0.145 seconds
