[2026-09-26T18:11:54.161+0000] {processor.py:186} INFO - Started process (PID=345) to work on /home/airflow/.local/lib/python3.12/site-packages/airflow/example_dags/example_task_group_decorator.py
[2026-09-26T18:11:54.162+0000] {processor.py:914} INFO - Processing file /home/airflow/.local/lib/python3.12/site-packages/airflow/example_dags/example_task_group_decorator.py for tasks to queue
[2026-09-26T18:11:54.165+0000] {logging_mixin.py:190} INFO - [2026-09-26T18:11:54.165+0000] {dagbag.py:588} INFO - Filling up the DagBag from /home/airflow/.local/lib/python3.12/site-packages/airflow/example_dags/example_task_group_decorator.py
[2026-09-26T18:11:54.191+0000] {processor.py:925} INFO - DAG(s) 'example_task_group_decorator' retrieved from /home/airflow/.local/lib/python3.12/site-packages/airflow/example_dags/example_task_group_decorator.py
[2026-09-26T18:11:54.323+0000] {logging_mixin.py:190} INFO - [2026-09-26T18:11:54.322+0000] {override.py:1911} INFO - Created Permission View: can edit on DAG:example_task_group_decorator
[2026-09-26T18:11:54.336+0000] {logging_mixin.py:190} INFO - [2026-09-26T18:11:54.336+0000] {override.py:1911} INFO - Created Permission View: can delete on DAG:example_task_group_decorator
[2026-09-26T18:11:54.344+0000] {logging_mixin.py:190} INFO - [2026-09-26T18:11:54.343+0000] {override.py:1911} INFO - Created Permission View: can read on DAG:example_task_group_decorator
[2026-09-26T18:11:54.351+0000] {logging_mixin.py:190} INFO - [2026-09-26T18:11:54.350+0000] {override.py:1911} INFO - Created Permission View: can delete on DAG Run:example_task_group_decorator
[2026-09-26T18:11:54.358+0000] {logging_mixin.py:190} INFO - [2026-09-26T18:11:54.358+0000] {override.py:1911} INFO - Created Permission View: menu access on DAG Run:example_task_group_decorator
[2026-09-26T18:11:54.365+0000] {logging_mixin.py:190} INFO - [2026-09-26T18:11:54.364+0000] {override.py:1911} INFO - Created Permission View: can create on DAG Run:example_task_group_decorator
[2026-09-26T18:11:54.372+0000] {logging_mixin.py:190} INFO - [2026-09-26T18:11:54.371+0000] {override.py:1911} INFO - Created Permission View: can read on DAG Run:example_task_group_decorator
[2026-09-26T18:11:54.372+0000] {logging_mixin.py:190} INFO - [2026-09-26T18:11:54.372+0000] {dag.py:3239} INFO - Sync 1 DAGs
[2026-09-26T18:11:54.389+0000] {logging_mixin.py:190} INFO - [2026-09-26T18:11:54.388+0000] {dag.py:3262} INFO - Creating ORM DAG for example_task_group_decorator
[2026-09-26T18:11:54.390+0000] {logging_mixin.py:190} INFO - [2026-09-26T18:11:54.390+0000] {dag.py:4180} INFO - Setting next_dagrun for example_task_group_decorator to None, run_after=None
[2026-09-26T18:11:54.419+0000] {processor.py:208} INFO - Processing /home/airflow/.local/lib/python3.12/site-packages/airflow/example_dags/example_task_group_decorator.py took 0.266 seconds
[2026-09-26T18:12:24.794+0000] {processor.py:186} INFO - Started process (PID=643) to work on /home/airflow/.local/lib/python3.12/site-packages/airflow/example_dags/example_task_group_decorator.py
[2026-09-26T18:12:24.795+0000] {processor.py:914} INFO - Processing file /home/airflow/.local/lib/python3.12/site-packages/airflow/example_dags/example_task_group_decorator.py for tasks to queue
[2026-09-26T18:12:24.796+0000] {logging_mixin.py:190} INFO - [2026-09-26T18:12:24.796+0000] {dagbag.py:588} INFO - Filling up the DagBag from /home/airflow/.local/lib/python3.12/site-packages/airflow/example_dags/example_task_group_decorator.py
[2026-09-26T18:12:24.809+0000] {processor.py:925} INFO - DAG(s) 'example_task_group_decorator' retrieved from /home/airflow/.local/lib/python3.12/site-packages/airflow/example_dags/example_task_group_decorator.py
[2026-09-26T18:12:24.828+0000] {logging_mixin.py:190} INFO - [2026-09-26T18:12:24.828+0000] {dag.py:3239} INFO - Sync 1 DAGs
[2026-09-26T18:12:24.839+0000] {logging_mixin.py:190} INFO - [2026-09-26T18:12:24.839+0000] {dag.py:4180} INFO - Setting next_dagrun for example_task_group_decorator to None, run_after=None
[2026-09-26T18:12:24.852+0000] {processor.py:208} INFO - Processing /home/airflow/.local/lib/python3.12/site-packages/airflow/example_dags/example_task_group_decorator.py took 0.064 seconds
