[2026-09-26T18:11:49.507+0000] {processor.py:186} INFO - Started process (PID=235) to work on /home/airflow/.local/lib/python3.12/site-packages/airflow/example_dags/example_python_decorator.py
[2026-09-26T18:11:49.509+0000] {processor.py:914} INFO - Processing file /home/airflow/.local/lib/python3.12/site-packages/airflow/example_dags/example_python_decorator.py for tasks to queue
[2026-09-26T18:11:49.511+0000] {logging_mixin.py:190} INFO - [2026-09-26T18:11:49.511+0000] {dagbag.py:588} INFO - Filling up the DagBag from /home/airflow/.local/lib/python3.12/site-packages/airflow/example_dags/example_python_decorator.py
[2026-09-26T18:11:49.529+0000] {processor.py:925} INFO - DAG(s) 'example_python_decorator' retrieved from /home/airflow/.local/lib/python3.12/site-packages/airflow/example_dags/example_python_decorator.py
[2026-09-26T18:11:49.622+0000] {logging_mixin.py:190} INFO - [2026-09-26T18:11:49.620+0000] {override.py:1911} INFO - Created Permission View: can edit on DAG:example_python_decorator
[2026-09-26T18:11:49.630+0000] {logging_mixin.py:190} INFO - [2026-09-26T18:11:49.630+0000] {override.py:1911} INFO - Created Permission View: can delete on DAG:example_python_decorator
[2026-09-26T18:11:49.641+0000] {logging_mixin.py:190} INFO - [2026-09-26T18:11:49.640+0000] {override.py:1911} INFO - Created Permission View: can read on DAG:example_python_decorator
[2026-09-26T18:11:49.647+0000] {logging_mixin.py:190} INFO - [2026-09-26T18:11:49.647+0000] {override.py:1911} INFO - Created Permission View: can delete on DAG Run:example_python_decorator
[2026-09-26T18:11:49.654+0000] {logging_mixin.py:190} INFO - [2026-09-26T18:11:49.653+0000] {override.py:1911} INFO - Created Permission View: menu access on DAG Run:example_python_decorator
[2026-09-26T18:11:49.657+0000] {logging_mixin.py:190} INFO - [2026-09-26T18:11:49.657+0000] {override.py:1911} INFO - Created Permission View: can create on DAG Run:example_python_decorator
[2026-09-26T18:11:49.662+0000] {logging_mixin.py:190} INFO - [2026-09-26T18:11:49.661+0000] {override.py:1911} INFO - Created Permission View: can read on DAG Run:example_python_decorator
[2026-09-26T18:11:49.662+0000] {logging_mixin.py:190} INFO - [2026-09-26T18:11:49.662+0000] {dag.py:3239} INFO - Sync 1 DAGs
[2026-09-26T18:11:49.677+0000] {logging_mixin.py:190} INFO - [2026-09-26T18:11:49.676+0000] {dag.py:3262} INFO - Creating ORM DAG for example_python_decorator
[2026-09-26T18:11:49.678+0000] {logging_mixin.py:190} INFO - [2026-09-26T18:11:49.678+0000] {dag.py:4180} INFO - Setting next_dagrun for example_python_decorator to None, run_after=None
[2026-09-26T18:11:49.699+0000] {processor.py:208} INFO - Processing /home/airflow/.local/lib/python3.12/site-packages/airflow/example_dags/example_python_decorator.py took 0.196 seconds
[2026-09-26T18:12:20.291+0000] {processor.py:186} INFO - Started process (PID=531) to work on /home/airflow/.local/lib/python3.12/site-packages/airflow/example_dags/example_python_decorator.py
[2026-09-26T18:12:20.291+0000] {processor.py:914} INFO - Processing file /home/airflow/.local/lib/python3.12/site-packages/airflow/example_dags/example_python_decorator.py for tasks to queue
[2026-09-26T18:12:20.293+0000] {logging_mixin.py:190} INFO - [2026-09-26T18:12:20.293+0000] {dagbag.py:588} INFO - Filling up the DagBag from /home/airflow/.local/lib/python3.12/site-packages/airflow/example_dags/example_python_decorator.py
[2026-09-26T18:12:20.307+0000] {processor.py:925} INFO - DAG(s) 'example_python_decorator' retrieved from /home/airflow/.local/lib/python3.12/site-packages/airflow/example_dags/example_python_decorator.py
[2026-09-26T18:12:20.328+0000] {logging_mixin.py:190} INFO - [2026-09-26T18:12:20.328+0000] {dag.py:3239} INFO - Sync 1 DAGs
[2026-09-26T18:12:20.340+0000] {logging_mixin.py:190} INFO - [2026-09-26T18:12:20.339+0000] {dag.py:4180} INFO - Setting next_dagrun for example_python_decorator to None, run_after=None
[2026-09-26T18:12:20.354+0000] {processor.py:208} INFO - Processing /home/airflow/.local/lib/python3.12/site-packages/airflow/example_dags/example_python_decorator.py took 0.067 seconds
