[2026-09-26T18:11:53.798+0000] {processor.py:186} INFO - Started process (PID=335) to work on /home/airflow/.local/lib/python3.12/site-packages/airflow/example_dags/example_workday_timetable.py
[2026-09-26T18:11:53.800+0000] {processor.py:914} INFO - Processing file /home/airflow/.local/lib/python3.12/site-packages/airflow/example_dags/example_workday_timetable.py for tasks to queue
[2026-09-26T18:11:53.804+0000] {logging_mixin.py:190} INFO - [2026-09-26T18:11:53.803+0000] {dagbag.py:588} INFO - Filling up the DagBag from /home/airflow/.local/lib/python3.12/site-packages/airflow/example_dags/example_workday_timetable.py
[2026-09-26T18:11:53.816+0000] {processor.py:925} INFO - DAG(s) 'example_workday_timetable' retrieved from /home/airflow/.local/lib/python3.12/site-packages/airflow/example_dags/example_workday_timetable.py
[2026-09-26T18:11:53.965+0000] {logging_mixin.py:190} INFO - [2026-09-26T18:11:53.964+0000] {override.py:1911} INFO - Created Permission View: can edit on DAG:example_workday_timetable
[2026-09-26T18:11:53.975+0000] {logging_mixin.py:190} INFO - [2026-09-26T18:11:53.975+0000] {override.py:1911} INFO - Created Permission View: can delete on DAG:example_workday_timetable
[2026-09-26T18:11:53.981+0000] {logging_mixin.py:190} INFO - [2026-09-26T18:11:53.981+0000] {override.py:1911} INFO - Created Permission View: can read on DAG:example_workday_timetable
[2026-09-26T18:11:53.988+0000] {logging_mixin.py:190} INFO - [2026-09-26T18:11:53.987+0000] {override.py:1911} INFO - Created Permission View: can delete on DAG Run:example_workday_timetable
[2026-09-26T18:11:53.994+0000] {logging_mixin.py:190} INFO - [2026-09-26T18:11:53.994+0000] {override.py:1911} INFO - Created Permission View: menu access on DAG Run:example_workday_timetable
[2026-09-26T18:11:54.001+0000] {logging_mixin.py:190} INFO - [2026-09-26T18:11:54.001+0000] {override.py:1911} INFO - Created Permission View: can create on DAG Run:example_workday_timetable
[2026-09-26T18:11:54.008+0000] {logging_mixin.py:190} INFO - [2026-09-26T18:11:54.007+0000] {override.py:1911} INFO - Created Permission View: can read on DAG Run:example_workday_timetable
[2026-09-26T18:11:54.008+0000] {logging_mixin.py:190} INFO - [2026-09-26T18:11:54.008+0000] {dag.py:3239} INFO - Sync 1 DAGs
[2026-09-26T18:11:54.023+0000] {logging_mixin.py:190} INFO - [2026-09-26T18:11:54.023+0000] {dag.py:3262} INFO - Creating ORM DAG for example_workday_timetable
[2026-09-26T18:11:54.088+0000] {logging_mixin.py:190} INFO - [2026-09-26T18:11:54.087+0000] {dag.py:4180} INFO - Setting next_dagrun for example_workday_timetable to 2021-01-04 00:00:00+00:00, run_after=2021-01-05 00:00:00+00:00
[2026-09-26T18:11:54.105+0000] {processor.py:208} INFO - Processing /home/airflow/.local/lib/python3.12/site-packages/airflow/example_dags/example_workday_timetable.py took 0.316 seconds
[2026-09-26T18:12:24.558+0000] {processor.py:186} INFO - Started process (PID=631) to work on /home/airflow/.local/lib/python3.12/site-packages/airflow/example_dags/example_workday_timetable.py
[2026-09-26T18:12:24.559+0000] {processor.py:914} INFO - Processing file /home/airflow/.local/lib/python3.12/site-packages/airflow/example_dags/example_workday_timetable.py for tasks to queue
[2026-09-26T18:12:24.561+0000] {logging_mixin.py:190} INFO - [2026-09-26T18:12:24.560+0000] {dagbag.py:588} INFO - Filling up the DagBag from /home/airflow/.local/lib/python3.12/site-packages/airflow/example_dags/example_workday_timetable.py
[2026-09-26T18:12:24.569+0000] {processor.py:925} INFO - DAG(s) 'example_workday_timetable' retrieved from /home/airflow/.local/lib/python3.12/site-packages/airflow/example_dags/example_workday_timetable.py
[2026-09-26T18:12:24.593+0000] {logging_mixin.py:190} INFO - [2026-09-26T18:12:24.592+0000] {dag.py:3239} INFO - Sync 1 DAGs
[2026-09-26T18:12:24.648+0000] {logging_mixin.py:190} INFO - [2026-09-26T18:12:24.648+0000] {dag.py:4180} INFO - Setting next_dagrun for example_workday_timetable to 2021-01-04 00:00:00+00:00, run_after=2021-01-05 00:00:00+00:00
[2026-09-26T18:12:24.663+0000] {processor.py:208} INFO - Processing /home/airflow/.local/lib/python3.12/site-packages/airflow/example_dags/example_workday_timetable.py took 0.114 seconds
