[2026-09-26T18:11:53.046+0000] {processor.py:186} INFO - Started process (PID=320) to work on /home/airflow/.local/lib/python3.12/site-packages/airflow/example_dags/example_branch_operator_decorator.py
[2026-09-26T18:11:53.047+0000] {processor.py:914} INFO - Processing file /home/airflow/.local/lib/python3.12/site-packages/airflow/example_dags/example_branch_operator_decorator.py for tasks to queue
[2026-09-26T18:11:53.049+0000] {logging_mixin.py:190} INFO - [2026-09-26T18:11:53.049+0000] {dagbag.py:588} INFO - Filling up the DagBag from /home/airflow/.local/lib/python3.12/site-packages/airflow/example_dags/example_branch_operator_decorator.py
[2026-09-26T18:11:53.069+0000] {processor.py:925} INFO - DAG(s) 'example_branch_python_operator_decorator' retrieved from /home/airflow/.local/lib/python3.12/site-packages/airflow/example_dags/example_branch_operator_decorator.py
[2026-09-26T18:11:53.179+0000] {logging_mixin.py:190} INFO - [2026-09-26T18:11:53.178+0000] {override.py:1911} INFO - Created Permission View: can edit on DAG:example_branch_python_operator_decorator
[2026-09-26T18:11:53.187+0000] {logging_mixin.py:190} INFO - [2026-09-26T18:11:53.187+0000] {override.py:1911} INFO - Created Permission View: can delete on DAG:example_branch_python_operator_decorator
[2026-09-26T18:11:53.194+0000] {logging_mixin.py:190} INFO - [2026-09-26T18:11:53.194+0000] {override.py:1911} INFO - Created Permission View: can read on DAG:example_branch_python_operator_decorator
[2026-09-26T18:11:53.201+0000] {logging_mixin.py:190} INFO - [2026-09-26T18:11:53.201+0000] {override.py:1911} INFO - Created Permission View: can delete on DAG Run:example_branch_python_operator_decorator
[2026-09-26T18:11:53.208+0000] {logging_mixin.py:190} INFO - [2026-09-26T18:11:53.208+0000] {override.py:1911} INFO - Created Permission View: menu access on DAG Run:example_branch_python_operator_decorator
[2026-09-26T18:11:53.214+0000] {logging_mixin.py:190} INFO - [2026-09-26T18:11:53.214+0000] {override.py:1911} INFO - Created Permission View: can create on DAG Run:example_branch_python_operator_decorator
[2026-09-26T18:11:53.222+0000] {logging_mixin.py:190} INFO - [2026-09-26T18:11:53.221+0000] {override.py:1911} INFO - Created Permission View: can read on DAG Run:example_branch_python_operator_decorator
[2026-09-26T18:11:53.222+0000] {logging_mixin.py:190} INFO - [2026-09-26T18:11:53.222+0000] {dag.py:3239} INFO - Sync 1 DAGs
[2026-09-26T18:11:53.239+0000] {logging_mixin.py:190} INFO - [2026-09-26T18:11:53.238+0000] {dag.py:3262} INFO - Creating ORM DAG for example_branch_python_operator_decorator
[2026-09-26T18:11:53.252+0000] {logging_mixin.py:190} INFO - [2026-09-26T18:11:53.252+0000] {dag.py:4180} INFO - Setting next_dagrun for example_branch_python_operator_decorator to 2026-09-25 00:00:00+00:00, run_after=2026-09-26 00:00:00+00:00
[2026-09-26T18:11:53.275+0000] {processor.py:208} INFO - Processing /home/airflow/.local/lib/python3.12/site-packages/airflow/example_dags/example_branch_operator_decorator.py took 0.235 seconds
[2026-09-26T18:12:24.209+0000] {processor.py:186} INFO - Started process (PID=616) to work on /home/airflow/.local/lib/python3.12/site-packages/airflow/example_dags/example_branch_operator_decorator.py
[2026-09-26T18:12:24.210+0000] {processor.py:914} INFO - Processing file /home/airflow/.local/lib/python3.12/site-packages/airflow/example_dags/example_branch_operator_decorator.py for tasks to queue
[2026-09-26T18:12:24.212+0000] {logging_mixin.py:190} INFO - [2026-09-26T18:12:24.211+0000] {dagbag.py:588} INFO - Filling up the DagBag from /home/airflow/.local/lib/python3.12/site-packages/airflow/example_dags/example_branch_operator_decorator.py
[2026-09-26T18:12:24.227+0000] {processor.py:925} INFO - DAG(s) 'example_branch_python_operator_decorator' retrieved from /home/airflow/.local/lib/python3.12/site-packages/airflow/example_dags/example_branch_operator_decorator.py
[2026-09-26T18:12:24.250+0000] {logging_mixin.py:190} INFO - [2026-09-26T18:12:24.250+0000] {dag.py:3239} INFO - Sync 1 DAGs
[2026-09-26T18:12:24.271+0000] {logging_mixin.py:190} INFO - [2026-09-26T18:12:24.270+0000] {dag.py:4180} INFO - Setting next_dagrun for example_branch_python_operator_decorator to 2026-09-25 00:00:00+00:00, run_after=2026-09-26 00:00:00+00:00
[2026-09-26T18:12:24.289+0000] {processor.py:208} INFO - Processing /home/airflow/.local/lib/python3.12/site-packages/airflow/example_dags/example_branch_operator_decorator.py took 0.085 seconds
