[2026-09-26T18:11:52.867+0000] {processor.py:186} INFO - Started process (PID=315) to work on /home/airflow/.local/lib/python3.12/site-packages/airflow/example_dags/example_inlet_event_extra.py
[2026-09-26T18:11:52.868+0000] {processor.py:914} INFO - Processing file /home/airflow/.local/lib/python3.12/site-packages/airflow/example_dags/example_inlet_event_extra.py for tasks to queue
[2026-09-26T18:11:52.870+0000] {logging_mixin.py:190} INFO - [2026-09-26T18:11:52.870+0000] {dagbag.py:588} INFO - Filling up the DagBag from /home/airflow/.local/lib/python3.12/site-packages/airflow/example_dags/example_inlet_event_extra.py
[2026-09-26T18:11:53.434+0000] {processor.py:925} INFO - DAG(s) 'read_dataset_event_from_classic', 'read_dataset_event' retrieved from /home/airflow/.local/lib/python3.12/site-packages/airflow/example_dags/example_inlet_event_extra.py
[2026-09-26T18:11:53.530+0000] {logging_mixin.py:190} INFO - [2026-09-26T18:11:53.529+0000] {override.py:1911} INFO - Created Permission View: can edit on DAG:read_dataset_event_from_classic
[2026-09-26T18:11:53.544+0000] {logging_mixin.py:190} INFO - [2026-09-26T18:11:53.543+0000] {override.py:1911} INFO - Created Permission View: can delete on DAG:read_dataset_event_from_classic
[2026-09-26T18:11:53.553+0000] {logging_mixin.py:190} INFO - [2026-09-26T18:11:53.552+0000] {override.py:1911} INFO - Created Permission View: can read on DAG:read_dataset_event_from_classic
[2026-09-26T18:11:53.563+0000] {logging_mixin.py:190} INFO - [2026-09-26T18:11:53.562+0000] {override.py:1911} INFO - Created Permission View: can delete on DAG Run:read_dataset_event_from_classic
[2026-09-26T18:11:53.577+0000] {logging_mixin.py:190} INFO - [2026-09-26T18:11:53.576+0000] {override.py:1911} INFO - Created Permission View: menu access on DAG Run:read_dataset_event_from_classic
[2026-09-26T18:11:53.584+0000] {logging_mixin.py:190} INFO - [2026-09-26T18:11:53.583+0000] {override.py:1911} INFO - Created Permission View: can create on DAG Run:read_dataset_event_from_classic
[2026-09-26T18:11:53.590+0000] {logging_mixin.py:190} INFO - [2026-09-26T18:11:53.590+0000] {override.py:1911} INFO - Created Permission View: can read on DAG Run:read_dataset_event_from_classic
[2026-09-26T18:11:53.606+0000] {logging_mixin.py:190} INFO - [2026-09-26T18:11:53.606+0000] {override.py:1911} INFO - Created Permission View: can edit on DAG:read_dataset_event
[2026-09-26T18:11:53.616+0000] {logging_mixin.py:190} INFO - [2026-09-26T18:11:53.615+0000] {override.py:1911} INFO - Created Permission View: can delete on DAG:read_dataset_event
[2026-09-26T18:11:53.625+0000] {logging_mixin.py:190} INFO - [2026-09-26T18:11:53.624+0000] {override.py:1911} INFO - Created Permission View: can read on DAG:read_dataset_event
[2026-09-26T18:11:53.633+0000] {logging_mixin.py:190} INFO - [2026-09-26T18:11:53.632+0000] {override.py:1911} INFO - Created Permission View: can delete on DAG Run:read_dataset_event
[2026-09-26T18:11:53.642+0000] {logging_mixin.py:190} INFO - [2026-09-26T18:11:53.642+0000] {override.py:1911} INFO - Created Permission View: menu access on DAG Run:read_dataset_event
[2026-09-26T18:11:53.654+0000] {logging_mixin.py:190} INFO - [2026-09-26T18:11:53.653+0000] {override.py:1911} INFO - Created Permission View: can create on DAG Run:read_dataset_event
[2026-09-26T18:11:53.662+0000] {logging_mixin.py:190} INFO - [2026-09-26T18:11:53.661+0000] {override.py:1911} INFO - Created Permission View: can read on DAG Run:read_dataset_event
[2026-09-26T18:11:53.662+0000] {logging_mixin.py:190} INFO - [2026-09-26T18:11:53.662+0000] {dag.py:3239} INFO - Sync 2 DAGs
[2026-09-26T18:11:53.676+0000] {logging_mixin.py:190} INFO - [2026-09-26T18:11:53.676+0000] {dag.py:3262} INFO - Creating ORM DAG for read_dataset_event
[2026-09-26T18:11:53.677+0000] {logging_mixin.py:190} INFO - [2026-09-26T18:11:53.677+0000] {dag.py:3262} INFO - Creating ORM DAG for read_dataset_event_from_classic
[2026-09-26T18:11:53.691+0000] {logging_mixin.py:190} INFO - [2026-09-26T18:11:53.691+0000] {dag.py:4180} INFO - Setting next_dagrun for read_dataset_event to 2026-09-25 00:00:00+00:00, run_after=2026-09-26 00:00:00+00:00
[2026-09-26T18:11:53.694+0000] {logging_mixin.py:190} INFO - [2026-09-26T18:11:53.693+0000] {dag.py:4180} INFO - Setting next_dagrun for read_dataset_event_from_classic to 2026-09-25 00:00:00+00:00, run_after=2026-09-26 00:00:00+00:00
[2026-09-26T18:11:53.718+0000] {processor.py:208} INFO - Processing /home/airflow/.local/lib/python3.12/site-packages/airflow/example_dags/example_inlet_event_extra.py took 0.856 seconds
[2026-09-26T18:12:24.197+0000] {processor.py:186} INFO - Started process (PID=613) to work on /home/airflow/.local/lib/python3.12/site-packages/airflow/example_dags/example_inlet_event_extra.py
[2026-09-26T18:12:24.198+0000] {processor.py:914} INFO - Processing file /home/airflow/.local/lib/python3.12/site-packages/airflow/example_dags/example_inlet_event_extra.py for tasks to queue
[2026-09-26T18:12:24.200+0000] {logging_mixin.py:190} INFO - [2026-09-26T18:12:24.199+0000] {dagbag.py:588} INFO - Filling up the DagBag from /home/airflow/.local/lib/python3.12/site-packages/airflow/example_dags/example_inlet_event_extra.py
[2026-09-26T18:12:24.698+0000] {processor.py:925} INFO - DAG(s) 'read_dataset_event_from_classic', 'read_dataset_event' retrieved from /home/airflow/.local/lib/python3.12/site-packages/airflow/example_dags/example_inlet_event_extra.py
[2026-09-26T18:12:24.714+0000] {logging_mixin.py:190} INFO - [2026-09-26T18:12:24.714+0000] {dag.py:3239} INFO - Sync 2 DAGs
[2026-09-26T18:12:24.736+0000] {logging_mixin.py:190} INFO - [2026-09-26T18:12:24.735+0000] {dag.py:4180} INFO - Setting next_dagrun for read_dataset_event to 2026-09-25 00:00:00+00:00, run_after=2026-09-26 00:00:00+00:00
[2026-09-26T18:12:24.740+0000] {logging_mixin.py:190} INFO - [2026-09-26T18:12:24.740+0000] {dag.py:4180} INFO - Setting next_dagrun for read_dataset_event_from_classic to 2026-09-25 00:00:00+00:00, run_after=2026-09-26 00:00:00+00:00
[2026-09-26T18:12:24.753+0000] {processor.py:208} INFO - Processing /home/airflow/.local/lib/python3.12/site-packages/airflow/example_dags/example_inlet_event_extra.py took 0.561 seconds
