[2026-09-26T18:11:56.896+0000] {processor.py:186} INFO - Started process (PID=435) to work on /home/airflow/.local/lib/python3.12/site-packages/airflow/example_dags/example_xcom.py
[2026-09-26T18:11:56.897+0000] {processor.py:914} INFO - Processing file /home/airflow/.local/lib/python3.12/site-packages/airflow/example_dags/example_xcom.py for tasks to queue
[2026-09-26T18:11:56.898+0000] {logging_mixin.py:190} INFO - [2026-09-26T18:11:56.898+0000] {dagbag.py:588} INFO - Filling up the DagBag from /home/airflow/.local/lib/python3.12/site-packages/airflow/example_dags/example_xcom.py
[2026-09-26T18:11:56.908+0000] {processor.py:925} INFO - DAG(s) 'example_xcom' retrieved from /home/airflow/.local/lib/python3.12/site-packages/airflow/example_dags/example_xcom.py
[2026-09-26T18:11:56.995+0000] {logging_mixin.py:190} INFO - [2026-09-26T18:11:56.994+0000] {override.py:1911} INFO - Created Permission View: can edit on DAG:example_xcom
[2026-09-26T18:11:57.003+0000] {logging_mixin.py:190} INFO - [2026-09-26T18:11:57.003+0000] {override.py:1911} INFO - Created Permission View: can delete on DAG:example_xcom
[2026-09-26T18:11:57.008+0000] {logging_mixin.py:190} INFO - [2026-09-26T18:11:57.008+0000] {override.py:1911} INFO - Created Permission View: can read on DAG:example_xcom
[2026-09-26T18:11:57.014+0000] {logging_mixin.py:190} INFO - [2026-09-26T18:11:57.013+0000] {override.py:1911} INFO - Created Permission View: can delete on DAG Run:example_xcom
[2026-09-26T18:11:57.020+0000] {logging_mixin.py:190} INFO - [2026-09-26T18:11:57.020+0000] {override.py:1911} INFO - Created Permission View: menu access on DAG Run:example_xcom
[2026-09-26T18:11:57.029+0000] {logging_mixin.py:190} INFO - [2026-09-26T18:11:57.028+0000] {override.py:1911} INFO - Created Permission View: can create on DAG Run:example_xcom
[2026-09-26T18:11:57.036+0000] {logging_mixin.py:190} INFO - [2026-09-26T18:11:57.035+0000] {override.py:1911} INFO - Created Permission View: can read on DAG Run:example_xcom
[2026-09-26T18:11:57.036+0000] {logging_mixin.py:190} INFO - [2026-09-26T18:11:57.036+0000] {dag.py:3239} INFO - Sync 1 DAGs
[2026-09-26T18:11:57.051+0000] {logging_mixin.py:190} INFO - [2026-09-26T18:11:57.050+0000] {dag.py:3262} INFO - Creating ORM DAG for example_xcom
[2026-09-26T18:11:57.061+0000] {logging_mixin.py:190} INFO - [2026-09-26T18:11:57.060+0000] {dag.py:4180} INFO - Setting next_dagrun for example_xcom to 2021-01-01 00:00:00+00:00, run_after=2021-01-01 00:00:00+00:00
[2026-09-26T18:11:57.079+0000] {processor.py:208} INFO - Processing /home/airflow/.local/lib/python3.12/site-packages/airflow/example_dags/example_xcom.py took 0.188 seconds
[2026-09-26T18:12:27.495+0000] {processor.py:186} INFO - Started process (PID=726) to work on /home/airflow/.local/lib/python3.12/site-packages/airflow/example_dags/example_xcom.py
[2026-09-26T18:12:27.496+0000] {processor.py:914} INFO - Processing file /home/airflow/.local/lib/python3.12/site-packages/airflow/example_dags/example_xcom.py for tasks to queue
[2026-09-26T18:12:27.499+0000] {logging_mixin.py:190} INFO - [2026-09-26T18:12:27.498+0000] {dagbag.py:588} INFO - Filling up the DagBag from /home/airflow/.local/lib/python3.12/site-packages/airflow/example_dags/example_xcom.py
[2026-09-26T18:12:27.516+0000] {processor.py:925} INFO - DAG(s) 'example_xcom' retrieved from /home/airflow/.local/lib/python3.12/site-packages/airflow/example_dags/example_xcom.py
[2026-09-26T18:12:27.548+0000] {logging_mixin.py:190} INFO - [2026-09-26T18:12:27.547+0000] {dag.py:3239} INFO - Sync 1 DAGs
[2026-09-26T18:12:27.583+0000] {logging_mixin.py:190} INFO - [2026-09-26T18:12:27.583+0000] {dag.py:4180} INFO - Setting next_dagrun for example_xcom to 2021-01-01 00:00:00+00:00, run_after=2021-01-01 00:00:00+00:00
[2026-09-26T18:12:27.619+0000] {processor.py:208} INFO - Processing /home/airflow/.local/lib/python3.12/site-packages/airflow/example_dags/example_xcom.py took 0.134 seconds
