[2026-09-26T18:11:49.936+0000] {processor.py:186} INFO - Started process (PID=245) to work on /home/airflow/.local/lib/python3.12/site-packages/airflow/example_dags/example_latest_only_with_trigger.py
[2026-09-26T18:11:49.936+0000] {processor.py:914} INFO - Processing file /home/airflow/.local/lib/python3.12/site-packages/airflow/example_dags/example_latest_only_with_trigger.py for tasks to queue
[2026-09-26T18:11:49.939+0000] {logging_mixin.py:190} INFO - [2026-09-26T18:11:49.939+0000] {dagbag.py:588} INFO - Filling up the DagBag from /home/airflow/.local/lib/python3.12/site-packages/airflow/example_dags/example_latest_only_with_trigger.py
[2026-09-26T18:11:49.953+0000] {processor.py:925} INFO - DAG(s) 'latest_only_with_trigger' retrieved from /home/airflow/.local/lib/python3.12/site-packages/airflow/example_dags/example_latest_only_with_trigger.py
[2026-09-26T18:11:50.067+0000] {logging_mixin.py:190} INFO - [2026-09-26T18:11:50.065+0000] {override.py:1911} INFO - Created Permission View: can edit on DAG:latest_only_with_trigger
[2026-09-26T18:11:50.077+0000] {logging_mixin.py:190} INFO - [2026-09-26T18:11:50.076+0000] {override.py:1911} INFO - Created Permission View: can delete on DAG:latest_only_with_trigger
[2026-09-26T18:11:50.083+0000] {logging_mixin.py:190} INFO - [2026-09-26T18:11:50.082+0000] {override.py:1911} INFO - Created Permission View: can read on DAG:latest_only_with_trigger
[2026-09-26T18:11:50.089+0000] {logging_mixin.py:190} INFO - [2026-09-26T18:11:50.088+0000] {override.py:1911} INFO - Created Permission View: can delete on DAG Run:latest_only_with_trigger
[2026-09-26T18:11:50.094+0000] {logging_mixin.py:190} INFO - [2026-09-26T18:11:50.093+0000] {override.py:1911} INFO - Created Permission View: menu access on DAG Run:latest_only_with_trigger
[2026-09-26T18:11:50.100+0000] {logging_mixin.py:190} INFO - [2026-09-26T18:11:50.100+0000] {override.py:1911} INFO - Created Permission View: can create on DAG Run:latest_only_with_trigger
[2026-09-26T18:11:50.106+0000] {logging_mixin.py:190} INFO - [2026-09-26T18:11:50.106+0000] {override.py:1911} INFO - Created Permission View: can read on DAG Run:latest_only_with_trigger
[2026-09-26T18:11:50.107+0000] {logging_mixin.py:190} INFO - [2026-09-26T18:11:50.107+0000] {dag.py:3239} INFO - Sync 1 DAGs
[2026-09-26T18:11:50.122+0000] {logging_mixin.py:190} INFO - [2026-09-26T18:11:50.121+0000] {dag.py:3262} INFO - Creating ORM DAG for latest_only_with_trigger
[2026-09-26T18:11:50.132+0000] {logging_mixin.py:190} INFO - [2026-09-26T18:11:50.132+0000] {dag.py:4180} INFO - Setting next_dagrun for latest_only_with_trigger to 2026-09-26 12:00:00+00:00, run_after=2026-09-26 16:00:00+00:00
[2026-09-26T18:11:50.147+0000] {processor.py:208} INFO - Processing /home/airflow/.local/lib/python3.12/site-packages/airflow/example_dags/example_latest_only_with_trigger.py took 0.217 seconds
[2026-09-26T18:12:20.548+0000] {processor.py:186} INFO - Started process (PID=541) to work on /home/airflow/.local/lib/python3.12/site-packages/airflow/example_dags/example_latest_only_with_trigger.py
[2026-09-26T18:12:20.549+0000] {processor.py:914} INFO - Processing file /home/airflow/.local/lib/python3.12/site-packages/airflow/example_dags/example_latest_only_with_trigger.py for tasks to queue
[2026-09-26T18:12:20.551+0000] {logging_mixin.py:190} INFO - [2026-09-26T18:12:20.551+0000] {dagbag.py:588} INFO - Filling up the DagBag from /home/airflow/.local/lib/python3.12/site-packages/airflow/example_dags/example_latest_only_with_trigger.py
[2026-09-26T18:12:20.561+0000] {processor.py:925} INFO - DAG(s) 'latest_only_with_trigger' retrieved from /home/airflow/.local/lib/python3.12/site-packages/airflow/example_dags/example_latest_only_with_trigger.py
[2026-09-26T18:12:20.583+0000] {logging_mixin.py:190} INFO - [2026-09-26T18:12:20.583+0000] {dag.py:3239} INFO - Sync 1 DAGs
[2026-09-26T18:12:20.603+0000] {logging_mixin.py:190} INFO - [2026-09-26T18:12:20.603+0000] {dag.py:4180} INFO - Setting next_dagrun for latest_only_with_trigger to 2026-09-26 12:00:00+00:00, run_after=2026-09-26 16:00:00+00:00
[2026-09-26T18:12:20.619+0000] {processor.py:208} INFO - Processing /home/airflow/.local/lib/python3.12/site-packages/airflow/example_dags/example_latest_only_with_trigger.py took 0.078 seconds
