[2026-09-26T18:11:49.196+0000] {processor.py:186} INFO - Started process (PID=230) to work on /home/airflow/.local/lib/python3.12/site-packages/airflow/example_dags/example_subdag_operator.py
[2026-09-26T18:11:49.196+0000] {processor.py:914} INFO - Processing file /home/airflow/.local/lib/python3.12/site-packages/airflow/example_dags/example_subdag_operator.py for tasks to queue
[2026-09-26T18:11:49.198+0000] {logging_mixin.py:190} INFO - [2026-09-26T18:11:49.198+0000] {dagbag.py:588} INFO - Filling up the DagBag from /home/airflow/.local/lib/python3.12/site-packages/airflow/example_dags/example_subdag_operator.py
[2026-09-26T18:11:49.240+0000] {processor.py:925} INFO - DAG(s) 'example_subdag_operator.section-1', 'example_subdag_operator.section-2', 'example_subdag_operator' retrieved from /home/airflow/.local/lib/python3.12/site-packages/airflow/example_dags/example_subdag_operator.py
[2026-09-26T18:11:49.354+0000] {logging_mixin.py:190} INFO - [2026-09-26T18:11:49.353+0000] {override.py:1911} INFO - Created Permission View: can edit on DAG:example_subdag_operator
[2026-09-26T18:11:49.367+0000] {logging_mixin.py:190} INFO - [2026-09-26T18:11:49.367+0000] {override.py:1911} INFO - Created Permission View: can delete on DAG:example_subdag_operator
[2026-09-26T18:11:49.380+0000] {logging_mixin.py:190} INFO - [2026-09-26T18:11:49.379+0000] {override.py:1911} INFO - Created Permission View: can read on DAG:example_subdag_operator
[2026-09-26T18:11:49.392+0000] {logging_mixin.py:190} INFO - [2026-09-26T18:11:49.391+0000] {override.py:1911} INFO - Created Permission View: can delete on DAG Run:example_subdag_operator
[2026-09-26T18:11:49.402+0000] {logging_mixin.py:190} INFO - [2026-09-26T18:11:49.401+0000] {override.py:1911} INFO - Created Permission View: menu access on DAG Run:example_subdag_operator
[2026-09-26T18:11:49.409+0000] {logging_mixin.py:190} INFO - [2026-09-26T18:11:49.408+0000] {override.py:1911} INFO - Created Permission View: can create on DAG Run:example_subdag_operator
[2026-09-26T18:11:49.418+0000] {logging_mixin.py:190} INFO - [2026-09-26T18:11:49.417+0000] {override.py:1911} INFO - Created Permission View: can read on DAG Run:example_subdag_operator
[2026-09-26T18:11:49.418+0000] {logging_mixin.py:190} INFO - [2026-09-26T18:11:49.418+0000] {dag.py:3239} INFO - Sync 3 DAGs
[2026-09-26T18:11:49.431+0000] {logging_mixin.py:190} INFO - [2026-09-26T18:11:49.430+0000] {dag.py:3262} INFO - Creating ORM DAG for example_subdag_operator.section-1
[2026-09-26T18:11:49.432+0000] {logging_mixin.py:190} INFO - [2026-09-26T18:11:49.432+0000] {dag.py:3262} INFO - Creating ORM DAG for example_subdag_operator
[2026-09-26T18:11:49.432+0000] {logging_mixin.py:190} INFO - [2026-09-26T18:11:49.432+0000] {dag.py:3262} INFO - Creating ORM DAG for example_subdag_operator.section-2
[2026-09-26T18:11:49.441+0000] {logging_mixin.py:190} INFO - [2026-09-26T18:11:49.441+0000] {dag.py:4180} INFO - Setting next_dagrun for example_subdag_operator to 2022-01-01 00:00:00+00:00, run_after=2022-01-01 00:00:00+00:00
[2026-09-26T18:11:49.442+0000] {logging_mixin.py:190} INFO - [2026-09-26T18:11:49.442+0000] {dag.py:4180} INFO - Setting next_dagrun for example_subdag_operator.section-1 to None, run_after=None
[2026-09-26T18:11:49.442+0000] {logging_mixin.py:190} INFO - [2026-09-26T18:11:49.442+0000] {dag.py:4180} INFO - Setting next_dagrun for example_subdag_operator.section-2 to None, run_after=None
[2026-09-26T18:11:49.450+0000] {logging_mixin.py:190} INFO - [2026-09-26T18:11:49.449+0000] {dag.py:3239} INFO - Sync 2 DAGs
[2026-09-26T18:11:49.457+0000] {logging_mixin.py:190} INFO - [2026-09-26T18:11:49.456+0000] {dag.py:4180} INFO - Setting next_dagrun for example_subdag_operator.section-1 to None, run_after=None
[2026-09-26T18:11:49.460+0000] {logging_mixin.py:190} INFO - [2026-09-26T18:11:49.460+0000] {dag.py:4180} INFO - Setting next_dagrun for example_subdag_operator.section-2 to None, run_after=None
[2026-09-26T18:11:49.471+0000] {processor.py:208} INFO - Processing /home/airflow/.local/lib/python3.12/site-packages/airflow/example_dags/example_subdag_operator.py took 0.284 seconds
[2026-09-26T18:12:20.178+0000] {processor.py:186} INFO - Started process (PID=526) to work on /home/airflow/.local/lib/python3.12/site-packages/airflow/example_dags/example_subdag_operator.py
[2026-09-26T18:12:20.179+0000] {processor.py:914} INFO - Processing file /home/airflow/.local/lib/python3.12/site-packages/airflow/example_dags/example_subdag_operator.py for tasks to queue
[2026-09-26T18:12:20.182+0000] {logging_mixin.py:190} INFO - [2026-09-26T18:12:20.181+0000] {dagbag.py:588} INFO - Filling up the DagBag from /home/airflow/.local/lib/python3.12/site-packages/airflow/example_dags/example_subdag_operator.py
[2026-09-26T18:12:20.206+0000] {processor.py:925} INFO - DAG(s) 'example_subdag_operator.section-1', 'example_subdag_operator.section-2', 'example_subdag_operator' retrieved from /home/airflow/.local/lib/python3.12/site-packages/airflow/example_dags/example_subdag_operator.py
[2026-09-26T18:12:20.218+0000] {logging_mixin.py:190} INFO - [2026-09-26T18:12:20.218+0000] {dag.py:3239} INFO - Sync 3 DAGs
[2026-09-26T18:12:20.239+0000] {logging_mixin.py:190} INFO - [2026-09-26T18:12:20.238+0000] {dag.py:4180} INFO - Setting next_dagrun for example_subdag_operator to 2022-01-01 00:00:00+00:00, run_after=2022-01-01 00:00:00+00:00
[2026-09-26T18:12:20.241+0000] {logging_mixin.py:190} INFO - [2026-09-26T18:12:20.241+0000] {dag.py:4180} INFO - Setting next_dagrun for example_subdag_operator.section-1 to None, run_after=None
[2026-09-26T18:12:20.242+0000] {logging_mixin.py:190} INFO - [2026-09-26T18:12:20.242+0000] {dag.py:4180} INFO - Setting next_dagrun for example_subdag_operator.section-2 to None, run_after=None
[2026-09-26T18:12:20.247+0000] {logging_mixin.py:190} INFO - [2026-09-26T18:12:20.247+0000] {dag.py:3239} INFO - Sync 2 DAGs
[2026-09-26T18:12:20.252+0000] {logging_mixin.py:190} INFO - [2026-09-26T18:12:20.251+0000] {dag.py:4180} INFO - Setting next_dagrun for example_subdag_operator.section-1 to None, run_after=None
[2026-09-26T18:12:20.252+0000] {logging_mixin.py:190} INFO - [2026-09-26T18:12:20.252+0000] {dag.py:4180} INFO - Setting next_dagrun for example_subdag_operator.section-2 to None, run_after=None
[2026-09-26T18:12:20.259+0000] {processor.py:208} INFO - Processing /home/airflow/.local/lib/python3.12/site-packages/airflow/example_dags/example_subdag_operator.py took 0.087 seconds
