[2026-09-26T18:11:52.016+0000] {processor.py:186} INFO - Started process (PID=285) to work on /home/airflow/.local/lib/python3.12/site-packages/airflow/example_dags/example_branch_operator.py
[2026-09-26T18:11:52.016+0000] {processor.py:914} INFO - Processing file /home/airflow/.local/lib/python3.12/site-packages/airflow/example_dags/example_branch_operator.py for tasks to queue
[2026-09-26T18:11:52.018+0000] {logging_mixin.py:190} INFO - [2026-09-26T18:11:52.018+0000] {dagbag.py:588} INFO - Filling up the DagBag from /home/airflow/.local/lib/python3.12/site-packages/airflow/example_dags/example_branch_operator.py
[2026-09-26T18:11:52.044+0000] {processor.py:925} INFO - DAG(s) 'example_branch_operator' retrieved from /home/airflow/.local/lib/python3.12/site-packages/airflow/example_dags/example_branch_operator.py
[2026-09-26T18:11:52.178+0000] {logging_mixin.py:190} INFO - [2026-09-26T18:11:52.177+0000] {override.py:1911} INFO - Created Permission View: can edit on DAG:example_branch_operator
[2026-09-26T18:11:52.190+0000] {logging_mixin.py:190} INFO - [2026-09-26T18:11:52.190+0000] {override.py:1911} INFO - Created Permission View: can delete on DAG:example_branch_operator
[2026-09-26T18:11:52.197+0000] {logging_mixin.py:190} INFO - [2026-09-26T18:11:52.196+0000] {override.py:1911} INFO - Created Permission View: can read on DAG:example_branch_operator
[2026-09-26T18:11:52.204+0000] {logging_mixin.py:190} INFO - [2026-09-26T18:11:52.204+0000] {override.py:1911} INFO - Created Permission View: can delete on DAG Run:example_branch_operator
[2026-09-26T18:11:52.211+0000] {logging_mixin.py:190} INFO - [2026-09-26T18:11:52.210+0000] {override.py:1911} INFO - Created Permission View: menu access on DAG Run:example_branch_operator
[2026-09-26T18:11:52.218+0000] {logging_mixin.py:190} INFO - [2026-09-26T18:11:52.218+0000] {override.py:1911} INFO - Created Permission View: can create on DAG Run:example_branch_operator
[2026-09-26T18:11:52.223+0000] {logging_mixin.py:190} INFO - [2026-09-26T18:11:52.222+0000] {override.py:1911} INFO - Created Permission View: can read on DAG Run:example_branch_operator
[2026-09-26T18:11:52.224+0000] {logging_mixin.py:190} INFO - [2026-09-26T18:11:52.223+0000] {dag.py:3239} INFO - Sync 1 DAGs
[2026-09-26T18:11:52.239+0000] {logging_mixin.py:190} INFO - [2026-09-26T18:11:52.238+0000] {dag.py:3262} INFO - Creating ORM DAG for example_branch_operator
[2026-09-26T18:11:52.256+0000] {logging_mixin.py:190} INFO - [2026-09-26T18:11:52.255+0000] {dag.py:4180} INFO - Setting next_dagrun for example_branch_operator to 2026-09-25 00:00:00+00:00, run_after=2026-09-26 00:00:00+00:00
[2026-09-26T18:11:52.279+0000] {processor.py:208} INFO - Processing /home/airflow/.local/lib/python3.12/site-packages/airflow/example_dags/example_branch_operator.py took 0.271 seconds
[2026-09-26T18:12:22.696+0000] {processor.py:186} INFO - Started process (PID=583) to work on /home/airflow/.local/lib/python3.12/site-packages/airflow/example_dags/example_branch_operator.py
[2026-09-26T18:12:22.697+0000] {processor.py:914} INFO - Processing file /home/airflow/.local/lib/python3.12/site-packages/airflow/example_dags/example_branch_operator.py for tasks to queue
[2026-09-26T18:12:22.701+0000] {logging_mixin.py:190} INFO - [2026-09-26T18:12:22.701+0000] {dagbag.py:588} INFO - Filling up the DagBag from /home/airflow/.local/lib/python3.12/site-packages/airflow/example_dags/example_branch_operator.py
[2026-09-26T18:12:22.720+0000] {processor.py:925} INFO - DAG(s) 'example_branch_operator' retrieved from /home/airflow/.local/lib/python3.12/site-packages/airflow/example_dags/example_branch_operator.py
[2026-09-26T18:12:22.751+0000] {logging_mixin.py:190} INFO - [2026-09-26T18:12:22.751+0000] {dag.py:3239} INFO - Sync 1 DAGs
[2026-09-26T18:12:22.778+0000] {logging_mixin.py:190} INFO - [2026-09-26T18:12:22.778+0000] {dag.py:4180} INFO - Setting next_dagrun for example_branch_operator to 2026-09-25 00:00:00+00:00, run_after=2026-09-26 00:00:00+00:00
[2026-09-26T18:12:22.798+0000] {processor.py:208} INFO - Processing /home/airflow/.local/lib/python3.12/site-packages/airflow/example_dags/example_branch_operator.py took 0.112 seconds
