[2026-09-26T18:11:48.378+0000] {processor.py:186} INFO - Started process (PID=227) to work on /home/airflow/.local/lib/python3.12/site-packages/airflow/example_dags/example_dataset_alias_with_no_taskflow.py
[2026-09-26T18:11:48.379+0000] {processor.py:914} INFO - Processing file /home/airflow/.local/lib/python3.12/site-packages/airflow/example_dags/example_dataset_alias_with_no_taskflow.py for tasks to queue
[2026-09-26T18:11:48.382+0000] {logging_mixin.py:190} INFO - [2026-09-26T18:11:48.381+0000] {dagbag.py:588} INFO - Filling up the DagBag from /home/airflow/.local/lib/python3.12/site-packages/airflow/example_dags/example_dataset_alias_with_no_taskflow.py
[2026-09-26T18:11:49.523+0000] {processor.py:925} INFO - DAG(s) 'dataset_alias_example_alias_consumer_with_no_taskflow', 'dataset_s3_bucket_consumer_with_no_taskflow', 'dataset_s3_bucket_producer_with_no_taskflow', 'dataset_alias_example_alias_producer_with_no_taskflow' retrieved from /home/airflow/.local/lib/python3.12/site-packages/airflow/example_dags/example_dataset_alias_with_no_taskflow.py
[2026-09-26T18:11:49.601+0000] {logging_mixin.py:190} INFO - [2026-09-26T18:11:49.601+0000] {override.py:1911} INFO - Created Permission View: can edit on DAG:dataset_alias_example_alias_consumer_with_no_taskflow
[2026-09-26T18:11:49.612+0000] {logging_mixin.py:190} INFO - [2026-09-26T18:11:49.612+0000] {override.py:1911} INFO - Created Permission View: can delete on DAG:dataset_alias_example_alias_consumer_with_no_taskflow
[2026-09-26T18:11:49.617+0000] {logging_mixin.py:190} INFO - [2026-09-26T18:11:49.616+0000] {override.py:1911} INFO - Created Permission View: can read on DAG:dataset_alias_example_alias_consumer_with_no_taskflow
[2026-09-26T18:11:49.625+0000] {logging_mixin.py:190} INFO - [2026-09-26T18:11:49.624+0000] {override.py:1911} INFO - Created Permission View: can delete on DAG Run:dataset_alias_example_alias_consumer_with_no_taskflow
[2026-09-26T18:11:49.632+0000] {logging_mixin.py:190} INFO - [2026-09-26T18:11:49.631+0000] {override.py:1911} INFO - Created Permission View: menu access on DAG Run:dataset_alias_example_alias_consumer_with_no_taskflow
[2026-09-26T18:11:49.641+0000] {logging_mixin.py:190} INFO - [2026-09-26T18:11:49.641+0000] {override.py:1911} INFO - Created Permission View: can create on DAG Run:dataset_alias_example_alias_consumer_with_no_taskflow
[2026-09-26T18:11:49.648+0000] {logging_mixin.py:190} INFO - [2026-09-26T18:11:49.647+0000] {override.py:1911} INFO - Created Permission View: can read on DAG Run:dataset_alias_example_alias_consumer_with_no_taskflow
[2026-09-26T18:11:49.662+0000] {logging_mixin.py:190} INFO - [2026-09-26T18:11:49.662+0000] {override.py:1911} INFO - Created Permission View: can edit on DAG:dataset_s3_bucket_consumer_with_no_taskflow
[2026-09-26T18:11:49.671+0000] {logging_mixin.py:190} INFO - [2026-09-26T18:11:49.671+0000] {override.py:1911} INFO - Created Permission View: can delete on DAG:dataset_s3_bucket_consumer_with_no_taskflow
[2026-09-26T18:11:49.682+0000] {logging_mixin.py:190} INFO - [2026-09-26T18:11:49.682+0000] {override.py:1911} INFO - Created Permission View: can read on DAG:dataset_s3_bucket_consumer_with_no_taskflow
[2026-09-26T18:11:49.688+0000] {logging_mixin.py:190} INFO - [2026-09-26T18:11:49.687+0000] {override.py:1911} INFO - Created Permission View: can delete on DAG Run:dataset_s3_bucket_consumer_with_no_taskflow
[2026-09-26T18:11:49.697+0000] {logging_mixin.py:190} INFO - [2026-09-26T18:11:49.697+0000] {override.py:1911} INFO - Created Permission View: menu access on DAG Run:dataset_s3_bucket_consumer_with_no_taskflow
[2026-09-26T18:11:49.702+0000] {logging_mixin.py:190} INFO - [2026-09-26T18:11:49.702+0000] {override.py:1911} INFO - Created Permission View: can create on DAG Run:dataset_s3_bucket_consumer_with_no_taskflow
[2026-09-26T18:11:49.709+0000] {logging_mixin.py:190} INFO - [2026-09-26T18:11:49.708+0000] {override.py:1911} INFO - Created Permission View: can read on DAG Run:dataset_s3_bucket_consumer_with_no_taskflow
[2026-09-26T18:11:49.719+0000] {logging_mixin.py:190} INFO - [2026-09-26T18:11:49.718+0000] {override.py:1911} INFO - Created Permission View: can edit on DAG:dataset_s3_bucket_producer_with_no_taskflow
[2026-09-26T18:11:49.725+0000] {logging_mixin.py:190} INFO - [2026-09-26T18:11:49.724+0000] {override.py:1911} INFO - Created Permission View: can delete on DAG:dataset_s3_bucket_producer_with_no_taskflow
[2026-09-26T18:11:49.729+0000] {logging_mixin.py:190} INFO - [2026-09-26T18:11:49.729+0000] {override.py:1911} INFO - Created Permission View: can read on DAG:dataset_s3_bucket_producer_with_no_taskflow
[2026-09-26T18:11:49.738+0000] {logging_mixin.py:190} INFO - [2026-09-26T18:11:49.737+0000] {override.py:1911} INFO - Created Permission View: can delete on DAG Run:dataset_s3_bucket_producer_with_no_taskflow
[2026-09-26T18:11:49.742+0000] {logging_mixin.py:190} INFO - [2026-09-26T18:11:49.742+0000] {override.py:1911} INFO - Created Permission View: menu access on DAG Run:dataset_s3_bucket_producer_with_no_taskflow
[2026-09-26T18:11:49.749+0000] {logging_mixin.py:190} INFO - [2026-09-26T18:11:49.749+0000] {override.py:1911} INFO - Created Permission View: can create on DAG Run:dataset_s3_bucket_producer_with_no_taskflow
[2026-09-26T18:11:49.755+0000] {logging_mixin.py:190} INFO - [2026-09-26T18:11:49.755+0000] {override.py:1911} INFO - Created Permission View: can read on DAG Run:dataset_s3_bucket_producer_with_no_taskflow
[2026-09-26T18:11:49.771+0000] {logging_mixin.py:190} INFO - [2026-09-26T18:11:49.771+0000] {override.py:1911} INFO - Created Permission View: can edit on DAG:dataset_alias_example_alias_producer_with_no_taskflow
[2026-09-26T18:11:49.779+0000] {logging_mixin.py:190} INFO - [2026-09-26T18:11:49.778+0000] {override.py:1911} INFO - Created Permission View: can delete on DAG:dataset_alias_example_alias_producer_with_no_taskflow
[2026-09-26T18:11:49.785+0000] {logging_mixin.py:190} INFO - [2026-09-26T18:11:49.784+0000] {override.py:1911} INFO - Created Permission View: can read on DAG:dataset_alias_example_alias_producer_with_no_taskflow
[2026-09-26T18:11:49.793+0000] {logging_mixin.py:190} INFO - [2026-09-26T18:11:49.793+0000] {override.py:1911} INFO - Created Permission View: can delete on DAG Run:dataset_alias_example_alias_producer_with_no_taskflow
[2026-09-26T18:11:49.799+0000] {logging_mixin.py:190} INFO - [2026-09-26T18:11:49.798+0000] {override.py:1911} INFO - Created Permission View: menu access on DAG Run:dataset_alias_example_alias_producer_with_no_taskflow
[2026-09-26T18:11:49.807+0000] {logging_mixin.py:190} INFO - [2026-09-26T18:11:49.806+0000] {override.py:1911} INFO - Created Permission View: can create on DAG Run:dataset_alias_example_alias_producer_with_no_taskflow
[2026-09-26T18:11:49.812+0000] {logging_mixin.py:190} INFO - [2026-09-26T18:11:49.812+0000] {override.py:1911} INFO - Created Permission View: can read on DAG Run:dataset_alias_example_alias_producer_with_no_taskflow
[2026-09-26T18:11:49.813+0000] {logging_mixin.py:190} INFO - [2026-09-26T18:11:49.813+0000] {dag.py:3239} INFO - Sync 4 DAGs
[2026-09-26T18:11:49.824+0000] {logging_mixin.py:190} INFO - [2026-09-26T18:11:49.824+0000] {dag.py:3262} INFO - Creating ORM DAG for dataset_alias_example_alias_consumer_with_no_taskflow
[2026-09-26T18:11:49.825+0000] {logging_mixin.py:190} INFO - [2026-09-26T18:11:49.825+0000] {dag.py:3262} INFO - Creating ORM DAG for dataset_alias_example_alias_producer_with_no_taskflow
[2026-09-26T18:11:49.825+0000] {logging_mixin.py:190} INFO - [2026-09-26T18:11:49.825+0000] {dag.py:3262} INFO - Creating ORM DAG for dataset_s3_bucket_consumer_with_no_taskflow
[2026-09-26T18:11:49.826+0000] {logging_mixin.py:190} INFO - [2026-09-26T18:11:49.825+0000] {dag.py:3262} INFO - Creating ORM DAG for dataset_s3_bucket_producer_with_no_taskflow
[2026-09-26T18:11:49.837+0000] {logging_mixin.py:190} INFO - [2026-09-26T18:11:49.837+0000] {dag.py:4180} INFO - Setting next_dagrun for dataset_alias_example_alias_consumer_with_no_taskflow to None, run_after=None
[2026-09-26T18:11:49.838+0000] {logging_mixin.py:190} INFO - [2026-09-26T18:11:49.838+0000] {dag.py:4180} INFO - Setting next_dagrun for dataset_alias_example_alias_producer_with_no_taskflow to None, run_after=None
[2026-09-26T18:11:49.838+0000] {logging_mixin.py:190} INFO - [2026-09-26T18:11:49.838+0000] {dag.py:4180} INFO - Setting next_dagrun for dataset_s3_bucket_consumer_with_no_taskflow to None, run_after=None
[2026-09-26T18:11:49.838+0000] {logging_mixin.py:190} INFO - [2026-09-26T18:11:49.838+0000] {dag.py:4180} INFO - Setting next_dagrun for dataset_s3_bucket_producer_with_no_taskflow to None, run_after=None
[2026-09-26T18:11:49.872+0000] {processor.py:208} INFO - Processing /home/airflow/.local/lib/python3.12/site-packages/airflow/example_dags/example_dataset_alias_with_no_taskflow.py took 1.499 seconds
[2026-09-26T18:12:20.166+0000] {processor.py:186} INFO - Started process (PID=523) to work on /home/airflow/.local/lib/python3.12/site-packages/airflow/example_dags/example_dataset_alias_with_no_taskflow.py
[2026-09-26T18:12:20.167+0000] {processor.py:914} INFO - Processing file /home/airflow/.local/lib/python3.12/site-packages/airflow/example_dags/example_dataset_alias_with_no_taskflow.py for tasks to queue
[2026-09-26T18:12:20.170+0000] {logging_mixin.py:190} INFO - [2026-09-26T18:12:20.170+0000] {dagbag.py:588} INFO - Filling up the DagBag from /home/airflow/.local/lib/python3.12/site-packages/airflow/example_dags/example_dataset_alias_with_no_taskflow.py
[2026-09-26T18:12:20.735+0000] {processor.py:925} INFO - DAG(s) 'dataset_alias_example_alias_producer_with_no_taskflow', 'dataset_alias_example_alias_consumer_with_no_taskflow', 'dataset_s3_bucket_producer_with_no_taskflow', 'dataset_s3_bucket_consumer_with_no_taskflow' retrieved from /home/airflow/.local/lib/python3.12/site-packages/airflow/example_dags/example_dataset_alias_with_no_taskflow.py
[2026-09-26T18:12:20.758+0000] {logging_mixin.py:190} INFO - [2026-09-26T18:12:20.757+0000] {dag.py:3239} INFO - Sync 4 DAGs
[2026-09-26T18:12:20.778+0000] {logging_mixin.py:190} INFO - [2026-09-26T18:12:20.777+0000] {dag.py:4180} INFO - Setting next_dagrun for dataset_alias_example_alias_consumer_with_no_taskflow to None, run_after=None
[2026-09-26T18:12:20.781+0000] {logging_mixin.py:190} INFO - [2026-09-26T18:12:20.780+0000] {dag.py:4180} INFO - Setting next_dagrun for dataset_alias_example_alias_producer_with_no_taskflow to None, run_after=None
[2026-09-26T18:12:20.782+0000] {logging_mixin.py:190} INFO - [2026-09-26T18:12:20.782+0000] {dag.py:4180} INFO - Setting next_dagrun for dataset_s3_bucket_consumer_with_no_taskflow to None, run_after=None
[2026-09-26T18:12:20.783+0000] {logging_mixin.py:190} INFO - [2026-09-26T18:12:20.783+0000] {dag.py:4180} INFO - Setting next_dagrun for dataset_s3_bucket_producer_with_no_taskflow to None, run_after=None
[2026-09-26T18:12:20.803+0000] {processor.py:208} INFO - Processing /home/airflow/.local/lib/python3.12/site-packages/airflow/example_dags/example_dataset_alias_with_no_taskflow.py took 0.644 seconds
