[2026-09-26T18:11:56.165+0000] {processor.py:186} INFO - Started process (PID=410) to work on /home/airflow/.local/lib/python3.12/site-packages/airflow/example_dags/tutorial_taskflow_api.py
[2026-09-26T18:11:56.166+0000] {processor.py:914} INFO - Processing file /home/airflow/.local/lib/python3.12/site-packages/airflow/example_dags/tutorial_taskflow_api.py for tasks to queue
[2026-09-26T18:11:56.169+0000] {logging_mixin.py:190} INFO - [2026-09-26T18:11:56.168+0000] {dagbag.py:588} INFO - Filling up the DagBag from /home/airflow/.local/lib/python3.12/site-packages/airflow/example_dags/tutorial_taskflow_api.py
[2026-09-26T18:11:56.182+0000] {processor.py:925} INFO - DAG(s) 'tutorial_taskflow_api' retrieved from /home/airflow/.local/lib/python3.12/site-packages/airflow/example_dags/tutorial_taskflow_api.py
[2026-09-26T18:11:56.278+0000] {logging_mixin.py:190} INFO - [2026-09-26T18:11:56.277+0000] {override.py:1911} INFO - Created Permission View: can edit on DAG:tutorial_taskflow_api
[2026-09-26T18:11:56.287+0000] {logging_mixin.py:190} INFO - [2026-09-26T18:11:56.286+0000] {override.py:1911} INFO - Created Permission View: can delete on DAG:tutorial_taskflow_api
[2026-09-26T18:11:56.291+0000] {logging_mixin.py:190} INFO - [2026-09-26T18:11:56.291+0000] {override.py:1911} INFO - Created Permission View: can read on DAG:tutorial_taskflow_api
[2026-09-26T18:11:56.296+0000] {logging_mixin.py:190} INFO - [2026-09-26T18:11:56.295+0000] {override.py:1911} INFO - Created Permission View: can delete on DAG Run:tutorial_taskflow_api
[2026-09-26T18:11:56.301+0000] {logging_mixin.py:190} INFO - [2026-09-26T18:11:56.300+0000] {override.py:1911} INFO - Created Permission View: menu access on DAG Run:tutorial_taskflow_api
[2026-09-26T18:11:56.305+0000] {logging_mixin.py:190} INFO - [2026-09-26T18:11:56.305+0000] {override.py:1911} INFO - Created Permission View: can create on DAG Run:tutorial_taskflow_api
[2026-09-26T18:11:56.309+0000] {logging_mixin.py:190} INFO - [2026-09-26T18:11:56.309+0000] {override.py:1911} INFO - Created Permission View: can read on DAG Run:tutorial_taskflow_api
[2026-09-26T18:11:56.310+0000] {logging_mixin.py:190} INFO - [2026-09-26T18:11:56.310+0000] {dag.py:3239} INFO - Sync 1 DAGs
[2026-09-26T18:11:56.320+0000] {logging_mixin.py:190} INFO - [2026-09-26T18:11:56.320+0000] {dag.py:3262} INFO - Creating ORM DAG for tutorial_taskflow_api
[2026-09-26T18:11:56.321+0000] {logging_mixin.py:190} INFO - [2026-09-26T18:11:56.321+0000] {dag.py:4180} INFO - Setting next_dagrun for tutorial_taskflow_api to None, run_after=None
[2026-09-26T18:11:56.338+0000] {processor.py:208} INFO - Processing /home/airflow/.local/lib/python3.12/site-packages/airflow/example_dags/tutorial_taskflow_api.py took 0.183 seconds
[2026-09-26T18:12:27.031+0000] {processor.py:186} INFO - Started process (PID=708) to work on /home/airflow/.local/lib/python3.12/site-packages/airflow/example_dags/tutorial_taskflow_api.py
[2026-09-26T18:12:27.033+0000] {processor.py:914} INFO - Processing file /home/airflow/.local/lib/python3.12/site-packages/airflow/example_dags/tutorial_taskflow_api.py for tasks to queue
[2026-09-26T18:12:27.035+0000] {logging_mixin.py:190} INFO - [2026-09-26T18:12:27.035+0000] {dagbag.py:588} INFO - Filling up the DagBag from /home/airflow/.local/lib/python3.12/site-packages/airflow/example_dags/tutorial_taskflow_api.py
[2026-09-26T18:12:27.051+0000] {processor.py:925} INFO - DAG(s) 'tutorial_taskflow_api' retrieved from /home/airflow/.local/lib/python3.12/site-packages/airflow/example_dags/tutorial_taskflow_api.py
[2026-09-26T18:12:27.081+0000] {logging_mixin.py:190} INFO - [2026-09-26T18:12:27.080+0000] {dag.py:3239} INFO - Sync 1 DAGs
[2026-09-26T18:12:27.096+0000] {logging_mixin.py:190} INFO - [2026-09-26T18:12:27.096+0000] {dag.py:4180} INFO - Setting next_dagrun for tutorial_taskflow_api to None, run_after=None
[2026-09-26T18:12:27.117+0000] {processor.py:208} INFO - Processing /home/airflow/.local/lib/python3.12/site-packages/airflow/example_dags/tutorial_taskflow_api.py took 0.092 seconds
