[2026-09-26T18:11:52.346+0000] {processor.py:186} INFO - Started process (PID=295) to work on /home/airflow/.local/lib/python3.12/site-packages/airflow/example_dags/tutorial.py
[2026-09-26T18:11:52.347+0000] {processor.py:914} INFO - Processing file /home/airflow/.local/lib/python3.12/site-packages/airflow/example_dags/tutorial.py for tasks to queue
[2026-09-26T18:11:52.352+0000] {logging_mixin.py:190} INFO - [2026-09-26T18:11:52.351+0000] {dagbag.py:588} INFO - Filling up the DagBag from /home/airflow/.local/lib/python3.12/site-packages/airflow/example_dags/tutorial.py
[2026-09-26T18:11:52.361+0000] {processor.py:925} INFO - DAG(s) 'tutorial' retrieved from /home/airflow/.local/lib/python3.12/site-packages/airflow/example_dags/tutorial.py
[2026-09-26T18:11:52.477+0000] {logging_mixin.py:190} INFO - [2026-09-26T18:11:52.477+0000] {override.py:1911} INFO - Created Permission View: can edit on DAG:tutorial
[2026-09-26T18:11:52.489+0000] {logging_mixin.py:190} INFO - [2026-09-26T18:11:52.489+0000] {override.py:1911} INFO - Created Permission View: can delete on DAG:tutorial
[2026-09-26T18:11:52.495+0000] {logging_mixin.py:190} INFO - [2026-09-26T18:11:52.494+0000] {override.py:1911} INFO - Created Permission View: can read on DAG:tutorial
[2026-09-26T18:11:52.503+0000] {logging_mixin.py:190} INFO - [2026-09-26T18:11:52.503+0000] {override.py:1911} INFO - Created Permission View: can delete on DAG Run:tutorial
[2026-09-26T18:11:52.508+0000] {logging_mixin.py:190} INFO - [2026-09-26T18:11:52.508+0000] {override.py:1911} INFO - Created Permission View: menu access on DAG Run:tutorial
[2026-09-26T18:11:52.514+0000] {logging_mixin.py:190} INFO - [2026-09-26T18:11:52.514+0000] {override.py:1911} INFO - Created Permission View: can create on DAG Run:tutorial
[2026-09-26T18:11:52.519+0000] {logging_mixin.py:190} INFO - [2026-09-26T18:11:52.519+0000] {override.py:1911} INFO - Created Permission View: can read on DAG Run:tutorial
[2026-09-26T18:11:52.519+0000] {logging_mixin.py:190} INFO - [2026-09-26T18:11:52.519+0000] {dag.py:3239} INFO - Sync 1 DAGs
[2026-09-26T18:11:52.532+0000] {logging_mixin.py:190} INFO - [2026-09-26T18:11:52.532+0000] {dag.py:3262} INFO - Creating ORM DAG for tutorial
[2026-09-26T18:11:52.544+0000] {logging_mixin.py:190} INFO - [2026-09-26T18:11:52.544+0000] {dag.py:4180} INFO - Setting next_dagrun for tutorial to 2026-09-25 00:00:00+00:00, run_after=2026-09-26 00:00:00+00:00
[2026-09-26T18:11:52.568+0000] {processor.py:208} INFO - Processing /home/airflow/.local/lib/python3.12/site-packages/airflow/example_dags/tutorial.py took 0.231 seconds
[2026-09-26T18:12:22.952+0000] {processor.py:186} INFO - Started process (PID=593) to work on /home/airflow/.local/lib/python3.12/site-packages/airflow/example_dags/tutorial.py
[2026-09-26T18:12:22.954+0000] {processor.py:914} INFO - Processing file /home/airflow/.local/lib/python3.12/site-packages/airflow/example_dags/tutorial.py for tasks to queue
[2026-09-26T18:12:22.956+0000] {logging_mixin.py:190} INFO - [2026-09-26T18:12:22.955+0000] {dagbag.py:588} INFO - Filling up the DagBag from /home/airflow/.local/lib/python3.12/site-packages/airflow/example_dags/tutorial.py
[2026-09-26T18:12:22.966+0000] {processor.py:925} INFO - DAG(s) 'tutorial' retrieved from /home/airflow/.local/lib/python3.12/site-packages/airflow/example_dags/tutorial.py
[2026-09-26T18:12:22.986+0000] {logging_mixin.py:190} INFO - [2026-09-26T18:12:22.985+0000] {dag.py:3239} INFO - Sync 1 DAGs
[2026-09-26T18:12:23.010+0000] {logging_mixin.py:190} INFO - [2026-09-26T18:12:23.010+0000] {dag.py:4180} INFO - Setting next_dagrun for tutorial to 2026-09-25 00:00:00+00:00, run_after=2026-09-26 00:00:00+00:00
[2026-09-26T18:12:23.031+0000] {processor.py:208} INFO - Processing /home/airflow/.local/lib/python3.12/site-packages/airflow/example_dags/tutorial.py took 0.086 seconds
