[2026-09-26T18:11:48.155+0000] {processor.py:186} INFO - Started process (PID=217) to work on /home/airflow/.local/lib/python3.12/site-packages/airflow/example_dags/tutorial_taskflow_api_virtualenv.py
[2026-09-26T18:11:48.156+0000] {processor.py:914} INFO - Processing file /home/airflow/.local/lib/python3.12/site-packages/airflow/example_dags/tutorial_taskflow_api_virtualenv.py for tasks to queue
[2026-09-26T18:11:48.158+0000] {logging_mixin.py:190} INFO - [2026-09-26T18:11:48.158+0000] {dagbag.py:588} INFO - Filling up the DagBag from /home/airflow/.local/lib/python3.12/site-packages/airflow/example_dags/tutorial_taskflow_api_virtualenv.py
[2026-09-26T18:11:48.183+0000] {processor.py:925} INFO - DAG(s) 'tutorial_taskflow_api_virtualenv' retrieved from /home/airflow/.local/lib/python3.12/site-packages/airflow/example_dags/tutorial_taskflow_api_virtualenv.py
[2026-09-26T18:11:48.273+0000] {logging_mixin.py:190} INFO - [2026-09-26T18:11:48.272+0000] {override.py:1911} INFO - Created Permission View: can edit on DAG:tutorial_taskflow_api_virtualenv
[2026-09-26T18:11:48.280+0000] {logging_mixin.py:190} INFO - [2026-09-26T18:11:48.280+0000] {override.py:1911} INFO - Created Permission View: can delete on DAG:tutorial_taskflow_api_virtualenv
[2026-09-26T18:11:48.285+0000] {logging_mixin.py:190} INFO - [2026-09-26T18:11:48.285+0000] {override.py:1911} INFO - Created Permission View: can read on DAG:tutorial_taskflow_api_virtualenv
[2026-09-26T18:11:48.290+0000] {logging_mixin.py:190} INFO - [2026-09-26T18:11:48.289+0000] {override.py:1911} INFO - Created Permission View: can delete on DAG Run:tutorial_taskflow_api_virtualenv
[2026-09-26T18:11:48.295+0000] {logging_mixin.py:190} INFO - [2026-09-26T18:11:48.294+0000] {override.py:1911} INFO - Created Permission View: menu access on DAG Run:tutorial_taskflow_api_virtualenv
[2026-09-26T18:11:48.300+0000] {logging_mixin.py:190} INFO - [2026-09-26T18:11:48.300+0000] {override.py:1911} INFO - Created Permission View: can create on DAG Run:tutorial_taskflow_api_virtualenv
[2026-09-26T18:11:48.305+0000] {logging_mixin.py:190} INFO - [2026-09-26T18:11:48.305+0000] {override.py:1911} INFO - Created Permission View: can read on DAG Run:tutorial_taskflow_api_virtualenv
[2026-09-26T18:11:48.305+0000] {logging_mixin.py:190} INFO - [2026-09-26T18:11:48.305+0000] {dag.py:3239} INFO - Sync 1 DAGs
[2026-09-26T18:11:48.316+0000] {logging_mixin.py:190} INFO - [2026-09-26T18:11:48.315+0000] {dag.py:3262} INFO - Creating ORM DAG for tutorial_taskflow_api_virtualenv
[2026-09-26T18:11:48.316+0000] {logging_mixin.py:190} INFO - [2026-09-26T18:11:48.316+0000] {dag.py:4180} INFO - Setting next_dagrun for tutorial_taskflow_api_virtualenv to None, run_after=None
[2026-09-26T18:11:48.332+0000] {processor.py:208} INFO - Processing /home/airflow/.local/lib/python3.12/site-packages/airflow/example_dags/tutorial_taskflow_api_virtualenv.py took 0.182 seconds
[2026-09-26T18:12:18.926+0000] {processor.py:186} INFO - Started process (PID=511) to work on /home/airflow/.local/lib/python3.12/site-packages/airflow/example_dags/tutorial_taskflow_api_virtualenv.py
[2026-09-26T18:12:18.928+0000] {processor.py:914} INFO - Processing file /home/airflow/.local/lib/python3.12/site-packages/airflow/example_dags/tutorial_taskflow_api_virtualenv.py for tasks to queue
[2026-09-26T18:12:18.931+0000] {logging_mixin.py:190} INFO - [2026-09-26T18:12:18.930+0000] {dagbag.py:588} INFO - Filling up the DagBag from /home/airflow/.local/lib/python3.12/site-packages/airflow/example_dags/tutorial_taskflow_api_virtualenv.py
[2026-09-26T18:12:18.956+0000] {processor.py:925} INFO - DAG(s) 'tutorial_taskflow_api_virtualenv' retrieved from /home/airflow/.local/lib/python3.12/site-packages/airflow/example_dags/tutorial_taskflow_api_virtualenv.py
[2026-09-26T18:12:19.001+0000] {logging_mixin.py:190} INFO - [2026-09-26T18:12:19.000+0000] {dag.py:3239} INFO - Sync 1 DAGs
[2026-09-26T18:12:19.028+0000] {logging_mixin.py:190} INFO - [2026-09-26T18:12:19.027+0000] {dag.py:4180} INFO - Setting next_dagrun for tutorial_taskflow_api_virtualenv to None, run_after=None
[2026-09-26T18:12:19.073+0000] {processor.py:208} INFO - Processing /home/airflow/.local/lib/python3.12/site-packages/airflow/example_dags/tutorial_taskflow_api_virtualenv.py took 0.159 seconds
