[2026-09-26T18:11:55.419+0000] {processor.py:186} INFO - Started process (PID=382) to work on /home/airflow/.local/lib/python3.12/site-packages/airflow/example_dags/tutorial_taskflow_templates.py
[2026-09-26T18:11:55.421+0000] {processor.py:914} INFO - Processing file /home/airflow/.local/lib/python3.12/site-packages/airflow/example_dags/tutorial_taskflow_templates.py for tasks to queue
[2026-09-26T18:11:55.424+0000] {logging_mixin.py:190} INFO - [2026-09-26T18:11:55.424+0000] {dagbag.py:588} INFO - Filling up the DagBag from /home/airflow/.local/lib/python3.12/site-packages/airflow/example_dags/tutorial_taskflow_templates.py
[2026-09-26T18:11:55.439+0000] {processor.py:925} INFO - DAG(s) 'tutorial_taskflow_templates' retrieved from /home/airflow/.local/lib/python3.12/site-packages/airflow/example_dags/tutorial_taskflow_templates.py
[2026-09-26T18:11:55.558+0000] {logging_mixin.py:190} INFO - [2026-09-26T18:11:55.557+0000] {override.py:1911} INFO - Created Permission View: can edit on DAG:tutorial_taskflow_templates
[2026-09-26T18:11:55.566+0000] {logging_mixin.py:190} INFO - [2026-09-26T18:11:55.566+0000] {override.py:1911} INFO - Created Permission View: can delete on DAG:tutorial_taskflow_templates
[2026-09-26T18:11:55.571+0000] {logging_mixin.py:190} INFO - [2026-09-26T18:11:55.571+0000] {override.py:1911} INFO - Created Permission View: can read on DAG:tutorial_taskflow_templates
[2026-09-26T18:11:55.575+0000] {logging_mixin.py:190} INFO - [2026-09-26T18:11:55.575+0000] {override.py:1911} INFO - Created Permission View: can delete on DAG Run:tutorial_taskflow_templates
[2026-09-26T18:11:55.580+0000] {logging_mixin.py:190} INFO - [2026-09-26T18:11:55.579+0000] {override.py:1911} INFO - Created Permission View: menu access on DAG Run:tutorial_taskflow_templates
[2026-09-26T18:11:55.584+0000] {logging_mixin.py:190} INFO - [2026-09-26T18:11:55.584+0000] {override.py:1911} INFO - Created Permission View: can create on DAG Run:tutorial_taskflow_templates
[2026-09-26T18:11:55.587+0000] {logging_mixin.py:190} INFO - [2026-09-26T18:11:55.587+0000] {override.py:1911} INFO - Created Permission View: can read on DAG Run:tutorial_taskflow_templates
[2026-09-26T18:11:55.588+0000] {logging_mixin.py:190} INFO - [2026-09-26T18:11:55.588+0000] {dag.py:3239} INFO - Sync 1 DAGs
[2026-09-26T18:11:55.599+0000] {logging_mixin.py:190} INFO - [2026-09-26T18:11:55.599+0000] {dag.py:3262} INFO - Creating ORM DAG for tutorial_taskflow_templates
[2026-09-26T18:11:55.610+0000] {logging_mixin.py:190} INFO - [2026-09-26T18:11:55.609+0000] {dag.py:4180} INFO - Setting next_dagrun for tutorial_taskflow_templates to 2026-09-25 00:00:00+00:00, run_after=2026-09-26 00:00:00+00:00
[2026-09-26T18:11:55.625+0000] {processor.py:208} INFO - Processing /home/airflow/.local/lib/python3.12/site-packages/airflow/example_dags/tutorial_taskflow_templates.py took 0.212 seconds
[2026-09-26T18:12:26.382+0000] {processor.py:186} INFO - Started process (PID=678) to work on /home/airflow/.local/lib/python3.12/site-packages/airflow/example_dags/tutorial_taskflow_templates.py
[2026-09-26T18:12:26.384+0000] {processor.py:914} INFO - Processing file /home/airflow/.local/lib/python3.12/site-packages/airflow/example_dags/tutorial_taskflow_templates.py for tasks to queue
[2026-09-26T18:12:26.387+0000] {logging_mixin.py:190} INFO - [2026-09-26T18:12:26.386+0000] {dagbag.py:588} INFO - Filling up the DagBag from /home/airflow/.local/lib/python3.12/site-packages/airflow/example_dags/tutorial_taskflow_templates.py
[2026-09-26T18:12:26.405+0000] {processor.py:925} INFO - DAG(s) 'tutorial_taskflow_templates' retrieved from /home/airflow/.local/lib/python3.12/site-packages/airflow/example_dags/tutorial_taskflow_templates.py
[2026-09-26T18:12:26.431+0000] {logging_mixin.py:190} INFO - [2026-09-26T18:12:26.431+0000] {dag.py:3239} INFO - Sync 1 DAGs
[2026-09-26T18:12:26.464+0000] {logging_mixin.py:190} INFO - [2026-09-26T18:12:26.464+0000] {dag.py:4180} INFO - Setting next_dagrun for tutorial_taskflow_templates to 2026-09-25 00:00:00+00:00, run_after=2026-09-26 00:00:00+00:00
[2026-09-26T18:12:26.488+0000] {processor.py:208} INFO - Processing /home/airflow/.local/lib/python3.12/site-packages/airflow/example_dags/tutorial_taskflow_templates.py took 0.113 seconds
