[2026-09-24T21:47:18.088+0000] {processor.py:153} INFO - Started process (PID=65) to work on /home/airflow/.local/lib/python3.7/site-packages/airflow/example_dags/example_sla_dag.py
[2026-09-24T21:47:18.088+0000] {processor.py:743} INFO - Processing file /home/airflow/.local/lib/python3.7/site-packages/airflow/example_dags/example_sla_dag.py for tasks to queue
[2026-09-24T21:47:18.089+0000] {logging_mixin.py:137} INFO - [2026-09-24T21:47:18.089+0000] {dagbag.py:538} INFO - Filling up the DagBag from /home/airflow/.local/lib/python3.7/site-packages/airflow/example_dags/example_sla_dag.py
[2026-09-24T21:47:18.113+0000] {processor.py:753} INFO - DAG(s) dict_keys(['example_sla_dag']) retrieved from /home/airflow/.local/lib/python3.7/site-packages/airflow/example_dags/example_sla_dag.py
[2026-09-24T21:47:18.136+0000] {logging_mixin.py:137} INFO - [2026-09-24T21:47:18.136+0000] {dag.py:2676} INFO - Sync 1 DAGs
[2026-09-24T21:47:18.164+0000] {logging_mixin.py:137} INFO - [2026-09-24T21:47:18.164+0000] {dag.py:3427} INFO - Setting next_dagrun for example_sla_dag to 2026-09-24T21:44:00+00:00, run_after=2026-09-24T21:46:00+00:00
[2026-09-24T21:47:18.186+0000] {processor.py:175} INFO - Processing /home/airflow/.local/lib/python3.7/site-packages/airflow/example_dags/example_sla_dag.py took 0.101 seconds
[2026-09-24T21:49:38.040+0000] {processor.py:153} INFO - Started process (PID=64) to work on /home/airflow/.local/lib/python3.7/site-packages/airflow/example_dags/example_sla_dag.py
[2026-09-24T21:49:38.041+0000] {processor.py:743} INFO - Processing file /home/airflow/.local/lib/python3.7/site-packages/airflow/example_dags/example_sla_dag.py for tasks to queue
[2026-09-24T21:49:38.041+0000] {logging_mixin.py:137} INFO - [2026-09-24T21:49:38.041+0000] {dagbag.py:538} INFO - Filling up the DagBag from /home/airflow/.local/lib/python3.7/site-packages/airflow/example_dags/example_sla_dag.py
[2026-09-24T21:49:38.056+0000] {processor.py:753} INFO - DAG(s) dict_keys(['example_sla_dag']) retrieved from /home/airflow/.local/lib/python3.7/site-packages/airflow/example_dags/example_sla_dag.py
[2026-09-24T21:49:38.081+0000] {logging_mixin.py:137} INFO - [2026-09-24T21:49:38.081+0000] {dag.py:2676} INFO - Sync 1 DAGs
[2026-09-24T21:49:38.100+0000] {logging_mixin.py:137} INFO - [2026-09-24T21:49:38.100+0000] {dag.py:3427} INFO - Setting next_dagrun for example_sla_dag to 2026-09-24T21:46:00+00:00, run_after=2026-09-24T21:48:00+00:00
[2026-09-24T21:49:38.113+0000] {processor.py:175} INFO - Processing /home/airflow/.local/lib/python3.7/site-packages/airflow/example_dags/example_sla_dag.py took 0.075 seconds
[2026-09-24T21:50:08.511+0000] {processor.py:153} INFO - Started process (PID=162) to work on /home/airflow/.local/lib/python3.7/site-packages/airflow/example_dags/example_sla_dag.py
[2026-09-24T21:50:08.512+0000] {processor.py:743} INFO - Processing file /home/airflow/.local/lib/python3.7/site-packages/airflow/example_dags/example_sla_dag.py for tasks to queue
[2026-09-24T21:50:08.512+0000] {logging_mixin.py:137} INFO - [2026-09-24T21:50:08.512+0000] {dagbag.py:538} INFO - Filling up the DagBag from /home/airflow/.local/lib/python3.7/site-packages/airflow/example_dags/example_sla_dag.py
[2026-09-24T21:50:08.527+0000] {processor.py:753} INFO - DAG(s) dict_keys(['example_sla_dag']) retrieved from /home/airflow/.local/lib/python3.7/site-packages/airflow/example_dags/example_sla_dag.py
[2026-09-24T21:50:08.551+0000] {logging_mixin.py:137} INFO - [2026-09-24T21:50:08.551+0000] {dag.py:2676} INFO - Sync 1 DAGs
[2026-09-24T21:50:08.569+0000] {logging_mixin.py:137} INFO - [2026-09-24T21:50:08.568+0000] {dag.py:3427} INFO - Setting next_dagrun for example_sla_dag to 2026-09-24T21:48:00+00:00, run_after=2026-09-24T21:50:00+00:00
[2026-09-24T21:50:08.582+0000] {processor.py:175} INFO - Processing /home/airflow/.local/lib/python3.7/site-packages/airflow/example_dags/example_sla_dag.py took 0.073 seconds
[2026-09-24T21:50:39.481+0000] {processor.py:153} INFO - Started process (PID=240) to work on /home/airflow/.local/lib/python3.7/site-packages/airflow/example_dags/example_sla_dag.py
[2026-09-24T21:50:39.482+0000] {processor.py:743} INFO - Processing file /home/airflow/.local/lib/python3.7/site-packages/airflow/example_dags/example_sla_dag.py for tasks to queue
[2026-09-24T21:50:39.482+0000] {logging_mixin.py:137} INFO - [2026-09-24T21:50:39.482+0000] {dagbag.py:538} INFO - Filling up the DagBag from /home/airflow/.local/lib/python3.7/site-packages/airflow/example_dags/example_sla_dag.py
[2026-09-24T21:50:39.500+0000] {processor.py:753} INFO - DAG(s) dict_keys(['example_sla_dag']) retrieved from /home/airflow/.local/lib/python3.7/site-packages/airflow/example_dags/example_sla_dag.py
[2026-09-24T21:50:39.528+0000] {logging_mixin.py:137} INFO - [2026-09-24T21:50:39.527+0000] {dag.py:2676} INFO - Sync 1 DAGs
[2026-09-24T21:50:39.549+0000] {logging_mixin.py:137} INFO - [2026-09-24T21:50:39.549+0000] {dag.py:3427} INFO - Setting next_dagrun for example_sla_dag to 2026-09-24T21:48:00+00:00, run_after=2026-09-24T21:50:00+00:00
[2026-09-24T21:50:39.563+0000] {processor.py:175} INFO - Processing /home/airflow/.local/lib/python3.7/site-packages/airflow/example_dags/example_sla_dag.py took 0.084 seconds
[2026-09-24T21:51:11.797+0000] {processor.py:153} INFO - Started process (PID=338) to work on /home/airflow/.local/lib/python3.7/site-packages/airflow/example_dags/example_sla_dag.py
[2026-09-24T21:51:11.798+0000] {processor.py:743} INFO - Processing file /home/airflow/.local/lib/python3.7/site-packages/airflow/example_dags/example_sla_dag.py for tasks to queue
[2026-09-24T21:51:11.799+0000] {logging_mixin.py:137} INFO - [2026-09-24T21:51:11.799+0000] {dagbag.py:538} INFO - Filling up the DagBag from /home/airflow/.local/lib/python3.7/site-packages/airflow/example_dags/example_sla_dag.py
[2026-09-24T21:51:11.822+0000] {processor.py:753} INFO - DAG(s) dict_keys(['example_sla_dag']) retrieved from /home/airflow/.local/lib/python3.7/site-packages/airflow/example_dags/example_sla_dag.py
[2026-09-24T21:51:11.853+0000] {logging_mixin.py:137} INFO - [2026-09-24T21:51:11.852+0000] {dag.py:2676} INFO - Sync 1 DAGs
[2026-09-24T21:51:11.879+0000] {logging_mixin.py:137} INFO - [2026-09-24T21:51:11.879+0000] {dag.py:3427} INFO - Setting next_dagrun for example_sla_dag to 2026-09-24T21:48:00+00:00, run_after=2026-09-24T21:50:00+00:00
[2026-09-24T21:51:11.899+0000] {processor.py:175} INFO - Processing /home/airflow/.local/lib/python3.7/site-packages/airflow/example_dags/example_sla_dag.py took 0.104 seconds
[2026-09-24T21:51:42.554+0000] {processor.py:153} INFO - Started process (PID=436) to work on /home/airflow/.local/lib/python3.7/site-packages/airflow/example_dags/example_sla_dag.py
[2026-09-24T21:51:42.554+0000] {processor.py:743} INFO - Processing file /home/airflow/.local/lib/python3.7/site-packages/airflow/example_dags/example_sla_dag.py for tasks to queue
[2026-09-24T21:51:42.555+0000] {logging_mixin.py:137} INFO - [2026-09-24T21:51:42.555+0000] {dagbag.py:538} INFO - Filling up the DagBag from /home/airflow/.local/lib/python3.7/site-packages/airflow/example_dags/example_sla_dag.py
[2026-09-24T21:51:42.576+0000] {processor.py:753} INFO - DAG(s) dict_keys(['example_sla_dag']) retrieved from /home/airflow/.local/lib/python3.7/site-packages/airflow/example_dags/example_sla_dag.py
[2026-09-24T21:51:42.608+0000] {logging_mixin.py:137} INFO - [2026-09-24T21:51:42.608+0000] {dag.py:2676} INFO - Sync 1 DAGs
[2026-09-24T21:51:42.638+0000] {logging_mixin.py:137} INFO - [2026-09-24T21:51:42.637+0000] {dag.py:3427} INFO - Setting next_dagrun for example_sla_dag to 2026-09-24T21:48:00+00:00, run_after=2026-09-24T21:50:00+00:00
[2026-09-24T21:51:42.653+0000] {processor.py:175} INFO - Processing /home/airflow/.local/lib/python3.7/site-packages/airflow/example_dags/example_sla_dag.py took 0.102 seconds
[2026-09-24T21:52:12.870+0000] {processor.py:153} INFO - Started process (PID=514) to work on /home/airflow/.local/lib/python3.7/site-packages/airflow/example_dags/example_sla_dag.py
[2026-09-24T21:52:12.871+0000] {processor.py:743} INFO - Processing file /home/airflow/.local/lib/python3.7/site-packages/airflow/example_dags/example_sla_dag.py for tasks to queue
[2026-09-24T21:52:12.871+0000] {logging_mixin.py:137} INFO - [2026-09-24T21:52:12.871+0000] {dagbag.py:538} INFO - Filling up the DagBag from /home/airflow/.local/lib/python3.7/site-packages/airflow/example_dags/example_sla_dag.py
[2026-09-24T21:52:12.885+0000] {processor.py:753} INFO - DAG(s) dict_keys(['example_sla_dag']) retrieved from /home/airflow/.local/lib/python3.7/site-packages/airflow/example_dags/example_sla_dag.py
[2026-09-24T21:52:12.909+0000] {logging_mixin.py:137} INFO - [2026-09-24T21:52:12.909+0000] {dag.py:2676} INFO - Sync 1 DAGs
[2026-09-24T21:52:12.927+0000] {logging_mixin.py:137} INFO - [2026-09-24T21:52:12.927+0000] {dag.py:3427} INFO - Setting next_dagrun for example_sla_dag to 2026-09-24T21:50:00+00:00, run_after=2026-09-24T21:52:00+00:00
[2026-09-24T21:52:12.939+0000] {processor.py:175} INFO - Processing /home/airflow/.local/lib/python3.7/site-packages/airflow/example_dags/example_sla_dag.py took 0.071 seconds
