[2026-09-24T17:52:50.465+0000] {processor.py:153} INFO - Started process (PID=108) to work on /home/airflow/.local/lib/python3.7/site-packages/airflow/example_dags/example_branch_datetime_operator.py
[2026-09-24T17:52:50.467+0000] {processor.py:743} INFO - Processing file /home/airflow/.local/lib/python3.7/site-packages/airflow/example_dags/example_branch_datetime_operator.py for tasks to queue
[2026-09-24T17:52:50.470+0000] {logging_mixin.py:137} INFO - [2026-09-24T17:52:50.469+0000] {dagbag.py:538} INFO - Filling up the DagBag from /home/airflow/.local/lib/python3.7/site-packages/airflow/example_dags/example_branch_datetime_operator.py
[2026-09-24T17:52:50.545+0000] {processor.py:753} INFO - DAG(s) dict_keys(['example_branch_datetime_operator', 'example_branch_datetime_operator_2', 'example_branch_datetime_operator_3']) retrieved from /home/airflow/.local/lib/python3.7/site-packages/airflow/example_dags/example_branch_datetime_operator.py
[2026-09-24T17:52:51.177+0000] {logging_mixin.py:137} INFO - [2026-09-24T17:52:51.177+0000] {manager.py:504} INFO - Created Permission View: can edit on DAG:example_branch_datetime_operator
[2026-09-24T17:52:51.294+0000] {logging_mixin.py:137} INFO - [2026-09-24T17:52:51.294+0000] {manager.py:504} INFO - Created Permission View: can read on DAG:example_branch_datetime_operator
[2026-09-24T17:52:51.361+0000] {logging_mixin.py:137} INFO - [2026-09-24T17:52:51.361+0000] {manager.py:504} INFO - Created Permission View: can delete on DAG:example_branch_datetime_operator
[2026-09-24T17:52:51.436+0000] {logging_mixin.py:137} INFO - [2026-09-24T17:52:51.435+0000] {manager.py:504} INFO - Created Permission View: can edit on DAG:example_branch_datetime_operator_2
[2026-09-24T17:52:51.484+0000] {logging_mixin.py:137} INFO - [2026-09-24T17:52:51.484+0000] {manager.py:504} INFO - Created Permission View: can read on DAG:example_branch_datetime_operator_2
[2026-09-24T17:52:51.516+0000] {logging_mixin.py:137} INFO - [2026-09-24T17:52:51.516+0000] {manager.py:504} INFO - Created Permission View: can delete on DAG:example_branch_datetime_operator_2
[2026-09-24T17:52:51.601+0000] {logging_mixin.py:137} INFO - [2026-09-24T17:52:51.601+0000] {manager.py:504} INFO - Created Permission View: can edit on DAG:example_branch_datetime_operator_3
[2026-09-24T17:52:51.688+0000] {logging_mixin.py:137} INFO - [2026-09-24T17:52:51.688+0000] {manager.py:504} INFO - Created Permission View: can read on DAG:example_branch_datetime_operator_3
[2026-09-24T17:52:51.764+0000] {logging_mixin.py:137} INFO - [2026-09-24T17:52:51.763+0000] {manager.py:504} INFO - Created Permission View: can delete on DAG:example_branch_datetime_operator_3
[2026-09-24T17:52:51.765+0000] {logging_mixin.py:137} INFO - [2026-09-24T17:52:51.765+0000] {dag.py:2676} INFO - Sync 3 DAGs
[2026-09-24T17:52:51.907+0000] {logging_mixin.py:137} INFO - [2026-09-24T17:52:51.907+0000] {dag.py:2697} INFO - Creating ORM DAG for example_branch_datetime_operator_3
[2026-09-24T17:52:51.914+0000] {logging_mixin.py:137} INFO - [2026-09-24T17:52:51.911+0000] {dag.py:2697} INFO - Creating ORM DAG for example_branch_datetime_operator_2
[2026-09-24T17:52:51.923+0000] {logging_mixin.py:137} INFO - [2026-09-24T17:52:51.922+0000] {dag.py:2697} INFO - Creating ORM DAG for example_branch_datetime_operator
[2026-09-24T17:52:51.993+0000] {logging_mixin.py:137} INFO - [2026-09-24T17:52:51.992+0000] {dag.py:3427} INFO - Setting next_dagrun for example_branch_datetime_operator to 2026-09-23T00:00:00+00:00, run_after=2026-09-24T00:00:00+00:00
[2026-09-24T17:52:52.009+0000] {logging_mixin.py:137} INFO - [2026-09-24T17:52:52.009+0000] {dag.py:3427} INFO - Setting next_dagrun for example_branch_datetime_operator_2 to 2026-09-23T00:00:00+00:00, run_after=2026-09-24T00:00:00+00:00
[2026-09-24T17:52:52.015+0000] {logging_mixin.py:137} INFO - [2026-09-24T17:52:52.015+0000] {dag.py:3427} INFO - Setting next_dagrun for example_branch_datetime_operator_3 to 2026-09-23T00:00:00+00:00, run_after=2026-09-24T00:00:00+00:00
[2026-09-24T17:52:52.156+0000] {processor.py:175} INFO - Processing /home/airflow/.local/lib/python3.7/site-packages/airflow/example_dags/example_branch_datetime_operator.py took 1.698 seconds
[2026-09-24T17:53:22.962+0000] {processor.py:153} INFO - Started process (PID=170) to work on /home/airflow/.local/lib/python3.7/site-packages/airflow/example_dags/example_branch_datetime_operator.py
[2026-09-24T17:53:22.967+0000] {processor.py:743} INFO - Processing file /home/airflow/.local/lib/python3.7/site-packages/airflow/example_dags/example_branch_datetime_operator.py for tasks to queue
[2026-09-24T17:53:22.971+0000] {logging_mixin.py:137} INFO - [2026-09-24T17:53:22.970+0000] {dagbag.py:538} INFO - Filling up the DagBag from /home/airflow/.local/lib/python3.7/site-packages/airflow/example_dags/example_branch_datetime_operator.py
[2026-09-24T17:53:23.010+0000] {processor.py:753} INFO - DAG(s) dict_keys(['example_branch_datetime_operator_3', 'example_branch_datetime_operator_2', 'example_branch_datetime_operator']) retrieved from /home/airflow/.local/lib/python3.7/site-packages/airflow/example_dags/example_branch_datetime_operator.py
[2026-09-24T17:53:23.112+0000] {logging_mixin.py:137} INFO - [2026-09-24T17:53:23.112+0000] {dag.py:2676} INFO - Sync 3 DAGs
[2026-09-24T17:53:23.166+0000] {logging_mixin.py:137} INFO - [2026-09-24T17:53:23.166+0000] {dag.py:3427} INFO - Setting next_dagrun for example_branch_datetime_operator to 2026-09-23T00:00:00+00:00, run_after=2026-09-24T00:00:00+00:00
[2026-09-24T17:53:23.180+0000] {logging_mixin.py:137} INFO - [2026-09-24T17:53:23.179+0000] {dag.py:3427} INFO - Setting next_dagrun for example_branch_datetime_operator_2 to 2026-09-23T00:00:00+00:00, run_after=2026-09-24T00:00:00+00:00
[2026-09-24T17:53:23.187+0000] {logging_mixin.py:137} INFO - [2026-09-24T17:53:23.186+0000] {dag.py:3427} INFO - Setting next_dagrun for example_branch_datetime_operator_3 to 2026-09-23T00:00:00+00:00, run_after=2026-09-24T00:00:00+00:00
[2026-09-24T17:53:23.221+0000] {processor.py:175} INFO - Processing /home/airflow/.local/lib/python3.7/site-packages/airflow/example_dags/example_branch_datetime_operator.py took 0.280 seconds
