[2026-09-24T21:47:16.720+0000] {processor.py:153} INFO - Started process (PID=42) to work on /home/airflow/.local/lib/python3.7/site-packages/airflow/example_dags/example_branch_day_of_week_operator.py
[2026-09-24T21:47:16.721+0000] {processor.py:743} INFO - Processing file /home/airflow/.local/lib/python3.7/site-packages/airflow/example_dags/example_branch_day_of_week_operator.py for tasks to queue
[2026-09-24T21:47:16.721+0000] {logging_mixin.py:137} INFO - [2026-09-24T21:47:16.721+0000] {dagbag.py:538} INFO - Filling up the DagBag from /home/airflow/.local/lib/python3.7/site-packages/airflow/example_dags/example_branch_day_of_week_operator.py
[2026-09-24T21:47:16.755+0000] {processor.py:753} INFO - DAG(s) dict_keys(['example_weekday_branch_operator']) retrieved from /home/airflow/.local/lib/python3.7/site-packages/airflow/example_dags/example_branch_day_of_week_operator.py
[2026-09-24T21:47:16.780+0000] {logging_mixin.py:137} INFO - [2026-09-24T21:47:16.779+0000] {dag.py:2676} INFO - Sync 1 DAGs
[2026-09-24T21:47:16.803+0000] {logging_mixin.py:137} INFO - [2026-09-24T21:47:16.802+0000] {dag.py:3427} INFO - Setting next_dagrun for example_weekday_branch_operator to 2026-09-23T00:00:00+00:00, run_after=2026-09-24T00:00:00+00:00
[2026-09-24T21:47:16.819+0000] {processor.py:175} INFO - Processing /home/airflow/.local/lib/python3.7/site-packages/airflow/example_dags/example_branch_day_of_week_operator.py took 0.102 seconds
[2026-09-24T21:48:14.035+0000] {processor.py:153} INFO - Started process (PID=89) to work on /home/airflow/.local/lib/python3.7/site-packages/airflow/example_dags/example_branch_day_of_week_operator.py
[2026-09-24T21:48:16.439+0000] {processor.py:743} INFO - Processing file /home/airflow/.local/lib/python3.7/site-packages/airflow/example_dags/example_branch_day_of_week_operator.py for tasks to queue
[2026-09-24T21:48:24.375+0000] {logging_mixin.py:137} INFO - [2026-09-24T21:48:21.871+0000] {dagbag.py:538} INFO - Filling up the DagBag from /home/airflow/.local/lib/python3.7/site-packages/airflow/example_dags/example_branch_day_of_week_operator.py
[2026-09-24T21:49:36.775+0000] {processor.py:153} INFO - Started process (PID=41) to work on /home/airflow/.local/lib/python3.7/site-packages/airflow/example_dags/example_branch_day_of_week_operator.py
[2026-09-24T21:49:36.776+0000] {processor.py:743} INFO - Processing file /home/airflow/.local/lib/python3.7/site-packages/airflow/example_dags/example_branch_day_of_week_operator.py for tasks to queue
[2026-09-24T21:49:36.776+0000] {logging_mixin.py:137} INFO - [2026-09-24T21:49:36.776+0000] {dagbag.py:538} INFO - Filling up the DagBag from /home/airflow/.local/lib/python3.7/site-packages/airflow/example_dags/example_branch_day_of_week_operator.py
[2026-09-24T21:49:36.794+0000] {processor.py:753} INFO - DAG(s) dict_keys(['example_weekday_branch_operator']) retrieved from /home/airflow/.local/lib/python3.7/site-packages/airflow/example_dags/example_branch_day_of_week_operator.py
[2026-09-24T21:49:36.821+0000] {logging_mixin.py:137} INFO - [2026-09-24T21:49:36.820+0000] {dag.py:2676} INFO - Sync 1 DAGs
[2026-09-24T21:49:36.839+0000] {logging_mixin.py:137} INFO - [2026-09-24T21:49:36.839+0000] {dag.py:3427} INFO - Setting next_dagrun for example_weekday_branch_operator to 2026-09-23T00:00:00+00:00, run_after=2026-09-24T00:00:00+00:00
[2026-09-24T21:49:36.853+0000] {processor.py:175} INFO - Processing /home/airflow/.local/lib/python3.7/site-packages/airflow/example_dags/example_branch_day_of_week_operator.py took 0.081 seconds
[2026-09-24T21:50:07.344+0000] {processor.py:153} INFO - Started process (PID=139) to work on /home/airflow/.local/lib/python3.7/site-packages/airflow/example_dags/example_branch_day_of_week_operator.py
[2026-09-24T21:50:07.345+0000] {processor.py:743} INFO - Processing file /home/airflow/.local/lib/python3.7/site-packages/airflow/example_dags/example_branch_day_of_week_operator.py for tasks to queue
[2026-09-24T21:50:07.345+0000] {logging_mixin.py:137} INFO - [2026-09-24T21:50:07.345+0000] {dagbag.py:538} INFO - Filling up the DagBag from /home/airflow/.local/lib/python3.7/site-packages/airflow/example_dags/example_branch_day_of_week_operator.py
[2026-09-24T21:50:07.356+0000] {processor.py:753} INFO - DAG(s) dict_keys(['example_weekday_branch_operator']) retrieved from /home/airflow/.local/lib/python3.7/site-packages/airflow/example_dags/example_branch_day_of_week_operator.py
[2026-09-24T21:50:07.384+0000] {logging_mixin.py:137} INFO - [2026-09-24T21:50:07.384+0000] {dag.py:2676} INFO - Sync 1 DAGs
[2026-09-24T21:50:07.401+0000] {logging_mixin.py:137} INFO - [2026-09-24T21:50:07.401+0000] {dag.py:3427} INFO - Setting next_dagrun for example_weekday_branch_operator to 2026-09-23T00:00:00+00:00, run_after=2026-09-24T00:00:00+00:00
[2026-09-24T21:50:07.414+0000] {processor.py:175} INFO - Processing /home/airflow/.local/lib/python3.7/site-packages/airflow/example_dags/example_branch_day_of_week_operator.py took 0.073 seconds
[2026-09-24T21:50:38.356+0000] {processor.py:153} INFO - Started process (PID=217) to work on /home/airflow/.local/lib/python3.7/site-packages/airflow/example_dags/example_branch_day_of_week_operator.py
[2026-09-24T21:50:38.361+0000] {processor.py:743} INFO - Processing file /home/airflow/.local/lib/python3.7/site-packages/airflow/example_dags/example_branch_day_of_week_operator.py for tasks to queue
[2026-09-24T21:50:38.362+0000] {logging_mixin.py:137} INFO - [2026-09-24T21:50:38.362+0000] {dagbag.py:538} INFO - Filling up the DagBag from /home/airflow/.local/lib/python3.7/site-packages/airflow/example_dags/example_branch_day_of_week_operator.py
[2026-09-24T21:50:38.372+0000] {processor.py:753} INFO - DAG(s) dict_keys(['example_weekday_branch_operator']) retrieved from /home/airflow/.local/lib/python3.7/site-packages/airflow/example_dags/example_branch_day_of_week_operator.py
[2026-09-24T21:50:38.398+0000] {logging_mixin.py:137} INFO - [2026-09-24T21:50:38.397+0000] {dag.py:2676} INFO - Sync 1 DAGs
[2026-09-24T21:50:38.414+0000] {logging_mixin.py:137} INFO - [2026-09-24T21:50:38.413+0000] {dag.py:3427} INFO - Setting next_dagrun for example_weekday_branch_operator to 2026-09-23T00:00:00+00:00, run_after=2026-09-24T00:00:00+00:00
[2026-09-24T21:50:38.426+0000] {processor.py:175} INFO - Processing /home/airflow/.local/lib/python3.7/site-packages/airflow/example_dags/example_branch_day_of_week_operator.py took 0.073 seconds
[2026-09-24T21:51:09.287+0000] {processor.py:153} INFO - Started process (PID=315) to work on /home/airflow/.local/lib/python3.7/site-packages/airflow/example_dags/example_branch_day_of_week_operator.py
[2026-09-24T21:51:09.289+0000] {processor.py:743} INFO - Processing file /home/airflow/.local/lib/python3.7/site-packages/airflow/example_dags/example_branch_day_of_week_operator.py for tasks to queue
[2026-09-24T21:51:09.291+0000] {logging_mixin.py:137} INFO - [2026-09-24T21:51:09.290+0000] {dagbag.py:538} INFO - Filling up the DagBag from /home/airflow/.local/lib/python3.7/site-packages/airflow/example_dags/example_branch_day_of_week_operator.py
[2026-09-24T21:51:09.322+0000] {processor.py:753} INFO - DAG(s) dict_keys(['example_weekday_branch_operator']) retrieved from /home/airflow/.local/lib/python3.7/site-packages/airflow/example_dags/example_branch_day_of_week_operator.py
[2026-09-24T21:51:09.370+0000] {logging_mixin.py:137} INFO - [2026-09-24T21:51:09.370+0000] {dag.py:2676} INFO - Sync 1 DAGs
[2026-09-24T21:51:09.396+0000] {logging_mixin.py:137} INFO - [2026-09-24T21:51:09.396+0000] {dag.py:3427} INFO - Setting next_dagrun for example_weekday_branch_operator to 2026-09-23T00:00:00+00:00, run_after=2026-09-24T00:00:00+00:00
[2026-09-24T21:51:09.413+0000] {processor.py:175} INFO - Processing /home/airflow/.local/lib/python3.7/site-packages/airflow/example_dags/example_branch_day_of_week_operator.py took 0.131 seconds
[2026-09-24T21:51:40.370+0000] {processor.py:153} INFO - Started process (PID=393) to work on /home/airflow/.local/lib/python3.7/site-packages/airflow/example_dags/example_branch_day_of_week_operator.py
[2026-09-24T21:51:40.375+0000] {processor.py:743} INFO - Processing file /home/airflow/.local/lib/python3.7/site-packages/airflow/example_dags/example_branch_day_of_week_operator.py for tasks to queue
[2026-09-24T21:51:40.376+0000] {logging_mixin.py:137} INFO - [2026-09-24T21:51:40.376+0000] {dagbag.py:538} INFO - Filling up the DagBag from /home/airflow/.local/lib/python3.7/site-packages/airflow/example_dags/example_branch_day_of_week_operator.py
[2026-09-24T21:51:40.386+0000] {processor.py:753} INFO - DAG(s) dict_keys(['example_weekday_branch_operator']) retrieved from /home/airflow/.local/lib/python3.7/site-packages/airflow/example_dags/example_branch_day_of_week_operator.py
[2026-09-24T21:51:40.410+0000] {logging_mixin.py:137} INFO - [2026-09-24T21:51:40.409+0000] {dag.py:2676} INFO - Sync 1 DAGs
[2026-09-24T21:51:40.426+0000] {logging_mixin.py:137} INFO - [2026-09-24T21:51:40.426+0000] {dag.py:3427} INFO - Setting next_dagrun for example_weekday_branch_operator to 2026-09-23T00:00:00+00:00, run_after=2026-09-24T00:00:00+00:00
[2026-09-24T21:51:40.438+0000] {processor.py:175} INFO - Processing /home/airflow/.local/lib/python3.7/site-packages/airflow/example_dags/example_branch_day_of_week_operator.py took 0.071 seconds
[2026-09-24T21:52:10.734+0000] {processor.py:153} INFO - Started process (PID=491) to work on /home/airflow/.local/lib/python3.7/site-packages/airflow/example_dags/example_branch_day_of_week_operator.py
[2026-09-24T21:52:10.734+0000] {processor.py:743} INFO - Processing file /home/airflow/.local/lib/python3.7/site-packages/airflow/example_dags/example_branch_day_of_week_operator.py for tasks to queue
[2026-09-24T21:52:10.735+0000] {logging_mixin.py:137} INFO - [2026-09-24T21:52:10.735+0000] {dagbag.py:538} INFO - Filling up the DagBag from /home/airflow/.local/lib/python3.7/site-packages/airflow/example_dags/example_branch_day_of_week_operator.py
[2026-09-24T21:52:10.745+0000] {processor.py:753} INFO - DAG(s) dict_keys(['example_weekday_branch_operator']) retrieved from /home/airflow/.local/lib/python3.7/site-packages/airflow/example_dags/example_branch_day_of_week_operator.py
[2026-09-24T21:52:10.769+0000] {logging_mixin.py:137} INFO - [2026-09-24T21:52:10.769+0000] {dag.py:2676} INFO - Sync 1 DAGs
[2026-09-24T21:52:10.785+0000] {logging_mixin.py:137} INFO - [2026-09-24T21:52:10.785+0000] {dag.py:3427} INFO - Setting next_dagrun for example_weekday_branch_operator to 2026-09-23T00:00:00+00:00, run_after=2026-09-24T00:00:00+00:00
[2026-09-24T21:52:10.798+0000] {processor.py:175} INFO - Processing /home/airflow/.local/lib/python3.7/site-packages/airflow/example_dags/example_branch_day_of_week_operator.py took 0.067 seconds
