[2026-09-24T21:47:18.107+0000] {processor.py:153} INFO - Started process (PID=66) to work on /home/airflow/.local/lib/python3.7/site-packages/airflow/example_dags/example_branch_python_dop_operator_3.py
[2026-09-24T21:47:18.108+0000] {processor.py:743} INFO - Processing file /home/airflow/.local/lib/python3.7/site-packages/airflow/example_dags/example_branch_python_dop_operator_3.py for tasks to queue
[2026-09-24T21:47:18.110+0000] {logging_mixin.py:137} INFO - [2026-09-24T21:47:18.108+0000] {dagbag.py:538} INFO - Filling up the DagBag from /home/airflow/.local/lib/python3.7/site-packages/airflow/example_dags/example_branch_python_dop_operator_3.py
[2026-09-24T21:47:18.135+0000] {processor.py:753} INFO - DAG(s) dict_keys(['example_branch_dop_operator_v3']) retrieved from /home/airflow/.local/lib/python3.7/site-packages/airflow/example_dags/example_branch_python_dop_operator_3.py
[2026-09-24T21:47:18.160+0000] {logging_mixin.py:137} INFO - [2026-09-24T21:47:18.160+0000] {dag.py:2676} INFO - Sync 1 DAGs
[2026-09-24T21:47:18.207+0000] {logging_mixin.py:137} INFO - [2026-09-24T21:47:18.207+0000] {dag.py:3427} INFO - Setting next_dagrun for example_branch_dop_operator_v3 to 2026-09-24T21:46:00+00:00, run_after=2026-09-24T21:47:00+00:00
[2026-09-24T21:47:18.234+0000] {processor.py:175} INFO - Processing /home/airflow/.local/lib/python3.7/site-packages/airflow/example_dags/example_branch_python_dop_operator_3.py took 0.129 seconds
[2026-09-24T21:49:38.117+0000] {processor.py:153} INFO - Started process (PID=65) to work on /home/airflow/.local/lib/python3.7/site-packages/airflow/example_dags/example_branch_python_dop_operator_3.py
[2026-09-24T21:49:38.118+0000] {processor.py:743} INFO - Processing file /home/airflow/.local/lib/python3.7/site-packages/airflow/example_dags/example_branch_python_dop_operator_3.py for tasks to queue
[2026-09-24T21:49:38.118+0000] {logging_mixin.py:137} INFO - [2026-09-24T21:49:38.118+0000] {dagbag.py:538} INFO - Filling up the DagBag from /home/airflow/.local/lib/python3.7/site-packages/airflow/example_dags/example_branch_python_dop_operator_3.py
[2026-09-24T21:49:38.134+0000] {processor.py:753} INFO - DAG(s) dict_keys(['example_branch_dop_operator_v3']) retrieved from /home/airflow/.local/lib/python3.7/site-packages/airflow/example_dags/example_branch_python_dop_operator_3.py
[2026-09-24T21:49:38.160+0000] {logging_mixin.py:137} INFO - [2026-09-24T21:49:38.160+0000] {dag.py:2676} INFO - Sync 1 DAGs
[2026-09-24T21:49:38.179+0000] {logging_mixin.py:137} INFO - [2026-09-24T21:49:38.179+0000] {dag.py:3427} INFO - Setting next_dagrun for example_branch_dop_operator_v3 to 2026-09-24T21:48:00+00:00, run_after=2026-09-24T21:49:00+00:00
[2026-09-24T21:49:38.192+0000] {processor.py:175} INFO - Processing /home/airflow/.local/lib/python3.7/site-packages/airflow/example_dags/example_branch_python_dop_operator_3.py took 0.077 seconds
[2026-09-24T21:50:08.521+0000] {processor.py:153} INFO - Started process (PID=163) to work on /home/airflow/.local/lib/python3.7/site-packages/airflow/example_dags/example_branch_python_dop_operator_3.py
[2026-09-24T21:50:08.522+0000] {processor.py:743} INFO - Processing file /home/airflow/.local/lib/python3.7/site-packages/airflow/example_dags/example_branch_python_dop_operator_3.py for tasks to queue
[2026-09-24T21:50:08.522+0000] {logging_mixin.py:137} INFO - [2026-09-24T21:50:08.522+0000] {dagbag.py:538} INFO - Filling up the DagBag from /home/airflow/.local/lib/python3.7/site-packages/airflow/example_dags/example_branch_python_dop_operator_3.py
[2026-09-24T21:50:08.536+0000] {processor.py:753} INFO - DAG(s) dict_keys(['example_branch_dop_operator_v3']) retrieved from /home/airflow/.local/lib/python3.7/site-packages/airflow/example_dags/example_branch_python_dop_operator_3.py
[2026-09-24T21:50:08.560+0000] {logging_mixin.py:137} INFO - [2026-09-24T21:50:08.560+0000] {dag.py:2676} INFO - Sync 1 DAGs
[2026-09-24T21:50:08.579+0000] {logging_mixin.py:137} INFO - [2026-09-24T21:50:08.579+0000] {dag.py:3427} INFO - Setting next_dagrun for example_branch_dop_operator_v3 to 2026-09-24T21:49:00+00:00, run_after=2026-09-24T21:50:00+00:00
[2026-09-24T21:50:08.594+0000] {processor.py:175} INFO - Processing /home/airflow/.local/lib/python3.7/site-packages/airflow/example_dags/example_branch_python_dop_operator_3.py took 0.075 seconds
[2026-09-24T21:50:39.512+0000] {processor.py:153} INFO - Started process (PID=241) to work on /home/airflow/.local/lib/python3.7/site-packages/airflow/example_dags/example_branch_python_dop_operator_3.py
[2026-09-24T21:50:39.512+0000] {processor.py:743} INFO - Processing file /home/airflow/.local/lib/python3.7/site-packages/airflow/example_dags/example_branch_python_dop_operator_3.py for tasks to queue
[2026-09-24T21:50:39.513+0000] {logging_mixin.py:137} INFO - [2026-09-24T21:50:39.513+0000] {dagbag.py:538} INFO - Filling up the DagBag from /home/airflow/.local/lib/python3.7/site-packages/airflow/example_dags/example_branch_python_dop_operator_3.py
[2026-09-24T21:50:39.531+0000] {processor.py:753} INFO - DAG(s) dict_keys(['example_branch_dop_operator_v3']) retrieved from /home/airflow/.local/lib/python3.7/site-packages/airflow/example_dags/example_branch_python_dop_operator_3.py
[2026-09-24T21:50:39.558+0000] {logging_mixin.py:137} INFO - [2026-09-24T21:50:39.558+0000] {dag.py:2676} INFO - Sync 1 DAGs
[2026-09-24T21:50:39.579+0000] {logging_mixin.py:137} INFO - [2026-09-24T21:50:39.579+0000] {dag.py:3427} INFO - Setting next_dagrun for example_branch_dop_operator_v3 to 2026-09-24T21:49:00+00:00, run_after=2026-09-24T21:50:00+00:00
[2026-09-24T21:50:39.591+0000] {processor.py:175} INFO - Processing /home/airflow/.local/lib/python3.7/site-packages/airflow/example_dags/example_branch_python_dop_operator_3.py took 0.081 seconds
[2026-09-24T21:51:11.871+0000] {processor.py:153} INFO - Started process (PID=339) to work on /home/airflow/.local/lib/python3.7/site-packages/airflow/example_dags/example_branch_python_dop_operator_3.py
[2026-09-24T21:51:11.872+0000] {processor.py:743} INFO - Processing file /home/airflow/.local/lib/python3.7/site-packages/airflow/example_dags/example_branch_python_dop_operator_3.py for tasks to queue
[2026-09-24T21:51:11.873+0000] {logging_mixin.py:137} INFO - [2026-09-24T21:51:11.873+0000] {dagbag.py:538} INFO - Filling up the DagBag from /home/airflow/.local/lib/python3.7/site-packages/airflow/example_dags/example_branch_python_dop_operator_3.py
[2026-09-24T21:51:11.897+0000] {processor.py:753} INFO - DAG(s) dict_keys(['example_branch_dop_operator_v3']) retrieved from /home/airflow/.local/lib/python3.7/site-packages/airflow/example_dags/example_branch_python_dop_operator_3.py
[2026-09-24T21:51:11.934+0000] {logging_mixin.py:137} INFO - [2026-09-24T21:51:11.934+0000] {dag.py:2676} INFO - Sync 1 DAGs
[2026-09-24T21:51:11.959+0000] {logging_mixin.py:137} INFO - [2026-09-24T21:51:11.958+0000] {dag.py:3427} INFO - Setting next_dagrun for example_branch_dop_operator_v3 to 2026-09-24T21:50:00+00:00, run_after=2026-09-24T21:51:00+00:00
[2026-09-24T21:51:11.979+0000] {processor.py:175} INFO - Processing /home/airflow/.local/lib/python3.7/site-packages/airflow/example_dags/example_branch_python_dop_operator_3.py took 0.111 seconds
[2026-09-24T21:51:42.649+0000] {processor.py:153} INFO - Started process (PID=437) to work on /home/airflow/.local/lib/python3.7/site-packages/airflow/example_dags/example_branch_python_dop_operator_3.py
[2026-09-24T21:51:42.650+0000] {processor.py:743} INFO - Processing file /home/airflow/.local/lib/python3.7/site-packages/airflow/example_dags/example_branch_python_dop_operator_3.py for tasks to queue
[2026-09-24T21:51:42.651+0000] {logging_mixin.py:137} INFO - [2026-09-24T21:51:42.650+0000] {dagbag.py:538} INFO - Filling up the DagBag from /home/airflow/.local/lib/python3.7/site-packages/airflow/example_dags/example_branch_python_dop_operator_3.py
[2026-09-24T21:51:42.668+0000] {processor.py:753} INFO - DAG(s) dict_keys(['example_branch_dop_operator_v3']) retrieved from /home/airflow/.local/lib/python3.7/site-packages/airflow/example_dags/example_branch_python_dop_operator_3.py
[2026-09-24T21:51:42.696+0000] {logging_mixin.py:137} INFO - [2026-09-24T21:51:42.695+0000] {dag.py:2676} INFO - Sync 1 DAGs
[2026-09-24T21:51:42.718+0000] {logging_mixin.py:137} INFO - [2026-09-24T21:51:42.718+0000] {dag.py:3427} INFO - Setting next_dagrun for example_branch_dop_operator_v3 to 2026-09-24T21:50:00+00:00, run_after=2026-09-24T21:51:00+00:00
[2026-09-24T21:51:42.733+0000] {processor.py:175} INFO - Processing /home/airflow/.local/lib/python3.7/site-packages/airflow/example_dags/example_branch_python_dop_operator_3.py took 0.086 seconds
[2026-09-24T21:52:12.946+0000] {processor.py:153} INFO - Started process (PID=515) to work on /home/airflow/.local/lib/python3.7/site-packages/airflow/example_dags/example_branch_python_dop_operator_3.py
[2026-09-24T21:52:12.947+0000] {processor.py:743} INFO - Processing file /home/airflow/.local/lib/python3.7/site-packages/airflow/example_dags/example_branch_python_dop_operator_3.py for tasks to queue
[2026-09-24T21:52:12.948+0000] {logging_mixin.py:137} INFO - [2026-09-24T21:52:12.948+0000] {dagbag.py:538} INFO - Filling up the DagBag from /home/airflow/.local/lib/python3.7/site-packages/airflow/example_dags/example_branch_python_dop_operator_3.py
[2026-09-24T21:52:12.964+0000] {processor.py:753} INFO - DAG(s) dict_keys(['example_branch_dop_operator_v3']) retrieved from /home/airflow/.local/lib/python3.7/site-packages/airflow/example_dags/example_branch_python_dop_operator_3.py
[2026-09-24T21:52:12.990+0000] {logging_mixin.py:137} INFO - [2026-09-24T21:52:12.990+0000] {dag.py:2676} INFO - Sync 1 DAGs
[2026-09-24T21:52:13.008+0000] {logging_mixin.py:137} INFO - [2026-09-24T21:52:13.008+0000] {dag.py:3427} INFO - Setting next_dagrun for example_branch_dop_operator_v3 to 2026-09-24T21:51:00+00:00, run_after=2026-09-24T21:52:00+00:00
[2026-09-24T21:52:13.019+0000] {processor.py:175} INFO - Processing /home/airflow/.local/lib/python3.7/site-packages/airflow/example_dags/example_branch_python_dop_operator_3.py took 0.076 seconds
