[2026-09-24T21:47:18.381+0000] {processor.py:153} INFO - Started process (PID=69) to work on /home/airflow/.local/lib/python3.7/site-packages/airflow/example_dags/example_dag_decorator.py
[2026-09-24T21:47:18.382+0000] {processor.py:743} INFO - Processing file /home/airflow/.local/lib/python3.7/site-packages/airflow/example_dags/example_dag_decorator.py for tasks to queue
[2026-09-24T21:47:18.382+0000] {logging_mixin.py:137} INFO - [2026-09-24T21:47:18.382+0000] {dagbag.py:538} INFO - Filling up the DagBag from /home/airflow/.local/lib/python3.7/site-packages/airflow/example_dags/example_dag_decorator.py
[2026-09-24T21:47:18.401+0000] {logging_mixin.py:137} INFO - [2026-09-24T21:47:18.401+0000] {taskmixin.py:205} WARNING - Dependency <Task(_PythonDecoratedOperator): prepare_email>, send_email already registered for DAG: example_dag_decorator
[2026-09-24T21:47:18.401+0000] {logging_mixin.py:137} INFO - [2026-09-24T21:47:18.401+0000] {taskmixin.py:205} WARNING - Dependency <Task(EmailOperator): send_email>, prepare_email already registered for DAG: example_dag_decorator
[2026-09-24T21:47:18.414+0000] {processor.py:753} INFO - DAG(s) dict_keys(['example_dag_decorator']) retrieved from /home/airflow/.local/lib/python3.7/site-packages/airflow/example_dags/example_dag_decorator.py
[2026-09-24T21:47:18.431+0000] {logging_mixin.py:137} INFO - [2026-09-24T21:47:18.431+0000] {dag.py:2676} INFO - Sync 1 DAGs
[2026-09-24T21:47:18.454+0000] {logging_mixin.py:137} INFO - [2026-09-24T21:47:18.454+0000] {dag.py:3427} INFO - Setting next_dagrun for example_dag_decorator to None, run_after=None
[2026-09-24T21:47:18.479+0000] {processor.py:175} INFO - Processing /home/airflow/.local/lib/python3.7/site-packages/airflow/example_dags/example_dag_decorator.py took 0.100 seconds
[2026-09-24T21:49:38.219+0000] {processor.py:153} INFO - Started process (PID=68) to work on /home/airflow/.local/lib/python3.7/site-packages/airflow/example_dags/example_dag_decorator.py
[2026-09-24T21:49:38.220+0000] {processor.py:743} INFO - Processing file /home/airflow/.local/lib/python3.7/site-packages/airflow/example_dags/example_dag_decorator.py for tasks to queue
[2026-09-24T21:49:38.220+0000] {logging_mixin.py:137} INFO - [2026-09-24T21:49:38.220+0000] {dagbag.py:538} INFO - Filling up the DagBag from /home/airflow/.local/lib/python3.7/site-packages/airflow/example_dags/example_dag_decorator.py
[2026-09-24T21:49:38.235+0000] {logging_mixin.py:137} INFO - [2026-09-24T21:49:38.234+0000] {taskmixin.py:205} WARNING - Dependency <Task(_PythonDecoratedOperator): prepare_email>, send_email already registered for DAG: example_dag_decorator
[2026-09-24T21:49:38.235+0000] {logging_mixin.py:137} INFO - [2026-09-24T21:49:38.235+0000] {taskmixin.py:205} WARNING - Dependency <Task(EmailOperator): send_email>, prepare_email already registered for DAG: example_dag_decorator
[2026-09-24T21:49:38.244+0000] {processor.py:753} INFO - DAG(s) dict_keys(['example_dag_decorator']) retrieved from /home/airflow/.local/lib/python3.7/site-packages/airflow/example_dags/example_dag_decorator.py
[2026-09-24T21:49:38.303+0000] {logging_mixin.py:137} INFO - [2026-09-24T21:49:38.303+0000] {dag.py:2676} INFO - Sync 1 DAGs
[2026-09-24T21:49:38.325+0000] {logging_mixin.py:137} INFO - [2026-09-24T21:49:38.325+0000] {dag.py:3427} INFO - Setting next_dagrun for example_dag_decorator to None, run_after=None
[2026-09-24T21:49:38.340+0000] {processor.py:175} INFO - Processing /home/airflow/.local/lib/python3.7/site-packages/airflow/example_dags/example_dag_decorator.py took 0.122 seconds
[2026-09-24T21:50:08.687+0000] {processor.py:153} INFO - Started process (PID=166) to work on /home/airflow/.local/lib/python3.7/site-packages/airflow/example_dags/example_dag_decorator.py
[2026-09-24T21:50:08.688+0000] {processor.py:743} INFO - Processing file /home/airflow/.local/lib/python3.7/site-packages/airflow/example_dags/example_dag_decorator.py for tasks to queue
[2026-09-24T21:50:08.688+0000] {logging_mixin.py:137} INFO - [2026-09-24T21:50:08.688+0000] {dagbag.py:538} INFO - Filling up the DagBag from /home/airflow/.local/lib/python3.7/site-packages/airflow/example_dags/example_dag_decorator.py
[2026-09-24T21:50:08.700+0000] {logging_mixin.py:137} INFO - [2026-09-24T21:50:08.700+0000] {taskmixin.py:205} WARNING - Dependency <Task(_PythonDecoratedOperator): prepare_email>, send_email already registered for DAG: example_dag_decorator
[2026-09-24T21:50:08.700+0000] {logging_mixin.py:137} INFO - [2026-09-24T21:50:08.700+0000] {taskmixin.py:205} WARNING - Dependency <Task(EmailOperator): send_email>, prepare_email already registered for DAG: example_dag_decorator
[2026-09-24T21:50:08.708+0000] {processor.py:753} INFO - DAG(s) dict_keys(['example_dag_decorator']) retrieved from /home/airflow/.local/lib/python3.7/site-packages/airflow/example_dags/example_dag_decorator.py
[2026-09-24T21:50:08.760+0000] {logging_mixin.py:137} INFO - [2026-09-24T21:50:08.759+0000] {dag.py:2676} INFO - Sync 1 DAGs
[2026-09-24T21:50:08.775+0000] {logging_mixin.py:137} INFO - [2026-09-24T21:50:08.775+0000] {dag.py:3427} INFO - Setting next_dagrun for example_dag_decorator to None, run_after=None
[2026-09-24T21:50:08.789+0000] {processor.py:175} INFO - Processing /home/airflow/.local/lib/python3.7/site-packages/airflow/example_dags/example_dag_decorator.py took 0.104 seconds
[2026-09-24T21:50:39.666+0000] {processor.py:153} INFO - Started process (PID=244) to work on /home/airflow/.local/lib/python3.7/site-packages/airflow/example_dags/example_dag_decorator.py
[2026-09-24T21:50:39.666+0000] {processor.py:743} INFO - Processing file /home/airflow/.local/lib/python3.7/site-packages/airflow/example_dags/example_dag_decorator.py for tasks to queue
[2026-09-24T21:50:39.667+0000] {logging_mixin.py:137} INFO - [2026-09-24T21:50:39.667+0000] {dagbag.py:538} INFO - Filling up the DagBag from /home/airflow/.local/lib/python3.7/site-packages/airflow/example_dags/example_dag_decorator.py
[2026-09-24T21:50:39.678+0000] {logging_mixin.py:137} INFO - [2026-09-24T21:50:39.678+0000] {taskmixin.py:205} WARNING - Dependency <Task(_PythonDecoratedOperator): prepare_email>, send_email already registered for DAG: example_dag_decorator
[2026-09-24T21:50:39.679+0000] {logging_mixin.py:137} INFO - [2026-09-24T21:50:39.678+0000] {taskmixin.py:205} WARNING - Dependency <Task(EmailOperator): send_email>, prepare_email already registered for DAG: example_dag_decorator
[2026-09-24T21:50:39.687+0000] {processor.py:753} INFO - DAG(s) dict_keys(['example_dag_decorator']) retrieved from /home/airflow/.local/lib/python3.7/site-packages/airflow/example_dags/example_dag_decorator.py
[2026-09-24T21:50:39.737+0000] {logging_mixin.py:137} INFO - [2026-09-24T21:50:39.737+0000] {dag.py:2676} INFO - Sync 1 DAGs
[2026-09-24T21:50:39.752+0000] {logging_mixin.py:137} INFO - [2026-09-24T21:50:39.752+0000] {dag.py:3427} INFO - Setting next_dagrun for example_dag_decorator to None, run_after=None
[2026-09-24T21:50:39.766+0000] {processor.py:175} INFO - Processing /home/airflow/.local/lib/python3.7/site-packages/airflow/example_dags/example_dag_decorator.py took 0.102 seconds
[2026-09-24T21:51:12.079+0000] {processor.py:153} INFO - Started process (PID=342) to work on /home/airflow/.local/lib/python3.7/site-packages/airflow/example_dags/example_dag_decorator.py
[2026-09-24T21:51:12.080+0000] {processor.py:743} INFO - Processing file /home/airflow/.local/lib/python3.7/site-packages/airflow/example_dags/example_dag_decorator.py for tasks to queue
[2026-09-24T21:51:12.080+0000] {logging_mixin.py:137} INFO - [2026-09-24T21:51:12.080+0000] {dagbag.py:538} INFO - Filling up the DagBag from /home/airflow/.local/lib/python3.7/site-packages/airflow/example_dags/example_dag_decorator.py
[2026-09-24T21:51:12.095+0000] {logging_mixin.py:137} INFO - [2026-09-24T21:51:12.094+0000] {taskmixin.py:205} WARNING - Dependency <Task(_PythonDecoratedOperator): prepare_email>, send_email already registered for DAG: example_dag_decorator
[2026-09-24T21:51:12.095+0000] {logging_mixin.py:137} INFO - [2026-09-24T21:51:12.095+0000] {taskmixin.py:205} WARNING - Dependency <Task(EmailOperator): send_email>, prepare_email already registered for DAG: example_dag_decorator
[2026-09-24T21:51:12.104+0000] {processor.py:753} INFO - DAG(s) dict_keys(['example_dag_decorator']) retrieved from /home/airflow/.local/lib/python3.7/site-packages/airflow/example_dags/example_dag_decorator.py
[2026-09-24T21:51:12.209+0000] {logging_mixin.py:137} INFO - [2026-09-24T21:51:12.208+0000] {dag.py:2676} INFO - Sync 1 DAGs
[2026-09-24T21:51:12.261+0000] {logging_mixin.py:137} INFO - [2026-09-24T21:51:12.261+0000] {dag.py:3427} INFO - Setting next_dagrun for example_dag_decorator to None, run_after=None
[2026-09-24T21:51:12.325+0000] {processor.py:175} INFO - Processing /home/airflow/.local/lib/python3.7/site-packages/airflow/example_dags/example_dag_decorator.py took 0.248 seconds
[2026-09-24T21:51:42.773+0000] {processor.py:153} INFO - Started process (PID=440) to work on /home/airflow/.local/lib/python3.7/site-packages/airflow/example_dags/example_dag_decorator.py
[2026-09-24T21:51:42.774+0000] {processor.py:743} INFO - Processing file /home/airflow/.local/lib/python3.7/site-packages/airflow/example_dags/example_dag_decorator.py for tasks to queue
[2026-09-24T21:51:42.775+0000] {logging_mixin.py:137} INFO - [2026-09-24T21:51:42.775+0000] {dagbag.py:538} INFO - Filling up the DagBag from /home/airflow/.local/lib/python3.7/site-packages/airflow/example_dags/example_dag_decorator.py
[2026-09-24T21:51:42.788+0000] {logging_mixin.py:137} INFO - [2026-09-24T21:51:42.788+0000] {taskmixin.py:205} WARNING - Dependency <Task(_PythonDecoratedOperator): prepare_email>, send_email already registered for DAG: example_dag_decorator
[2026-09-24T21:51:42.788+0000] {logging_mixin.py:137} INFO - [2026-09-24T21:51:42.788+0000] {taskmixin.py:205} WARNING - Dependency <Task(EmailOperator): send_email>, prepare_email already registered for DAG: example_dag_decorator
[2026-09-24T21:51:42.797+0000] {processor.py:753} INFO - DAG(s) dict_keys(['example_dag_decorator']) retrieved from /home/airflow/.local/lib/python3.7/site-packages/airflow/example_dags/example_dag_decorator.py
[2026-09-24T21:51:42.864+0000] {logging_mixin.py:137} INFO - [2026-09-24T21:51:42.863+0000] {dag.py:2676} INFO - Sync 1 DAGs
[2026-09-24T21:51:42.894+0000] {logging_mixin.py:137} INFO - [2026-09-24T21:51:42.893+0000] {dag.py:3427} INFO - Setting next_dagrun for example_dag_decorator to None, run_after=None
[2026-09-24T21:51:42.924+0000] {processor.py:175} INFO - Processing /home/airflow/.local/lib/python3.7/site-packages/airflow/example_dags/example_dag_decorator.py took 0.153 seconds
[2026-09-24T21:52:13.047+0000] {processor.py:153} INFO - Started process (PID=518) to work on /home/airflow/.local/lib/python3.7/site-packages/airflow/example_dags/example_dag_decorator.py
[2026-09-24T21:52:13.048+0000] {processor.py:743} INFO - Processing file /home/airflow/.local/lib/python3.7/site-packages/airflow/example_dags/example_dag_decorator.py for tasks to queue
[2026-09-24T21:52:13.048+0000] {logging_mixin.py:137} INFO - [2026-09-24T21:52:13.048+0000] {dagbag.py:538} INFO - Filling up the DagBag from /home/airflow/.local/lib/python3.7/site-packages/airflow/example_dags/example_dag_decorator.py
[2026-09-24T21:52:13.059+0000] {logging_mixin.py:137} INFO - [2026-09-24T21:52:13.059+0000] {taskmixin.py:205} WARNING - Dependency <Task(_PythonDecoratedOperator): prepare_email>, send_email already registered for DAG: example_dag_decorator
[2026-09-24T21:52:13.059+0000] {logging_mixin.py:137} INFO - [2026-09-24T21:52:13.059+0000] {taskmixin.py:205} WARNING - Dependency <Task(EmailOperator): send_email>, prepare_email already registered for DAG: example_dag_decorator
[2026-09-24T21:52:13.066+0000] {processor.py:753} INFO - DAG(s) dict_keys(['example_dag_decorator']) retrieved from /home/airflow/.local/lib/python3.7/site-packages/airflow/example_dags/example_dag_decorator.py
[2026-09-24T21:52:13.124+0000] {logging_mixin.py:137} INFO - [2026-09-24T21:52:13.124+0000] {dag.py:2676} INFO - Sync 1 DAGs
[2026-09-24T21:52:13.139+0000] {logging_mixin.py:137} INFO - [2026-09-24T21:52:13.139+0000] {dag.py:3427} INFO - Setting next_dagrun for example_dag_decorator to None, run_after=None
[2026-09-24T21:52:13.150+0000] {processor.py:175} INFO - Processing /home/airflow/.local/lib/python3.7/site-packages/airflow/example_dags/example_dag_decorator.py took 0.105 seconds
