[2026-09-24T21:47:16.728+0000] {processor.py:153} INFO - Started process (PID=43) to work on /home/airflow/.local/lib/python3.7/site-packages/airflow/example_dags/example_complex.py
[2026-09-24T21:47:16.729+0000] {processor.py:743} INFO - Processing file /home/airflow/.local/lib/python3.7/site-packages/airflow/example_dags/example_complex.py for tasks to queue
[2026-09-24T21:47:16.730+0000] {logging_mixin.py:137} INFO - [2026-09-24T21:47:16.730+0000] {dagbag.py:538} INFO - Filling up the DagBag from /home/airflow/.local/lib/python3.7/site-packages/airflow/example_dags/example_complex.py
[2026-09-24T21:47:16.745+0000] {logging_mixin.py:137} INFO - [2026-09-24T21:47:16.745+0000] {taskmixin.py:205} WARNING - Dependency <Task(BashOperator): create_entry_group>, delete_entry_group already registered for DAG: example_complex
[2026-09-24T21:47:16.745+0000] {logging_mixin.py:137} INFO - [2026-09-24T21:47:16.745+0000] {taskmixin.py:205} WARNING - Dependency <Task(BashOperator): delete_entry_group>, create_entry_group already registered for DAG: example_complex
[2026-09-24T21:47:16.745+0000] {logging_mixin.py:137} INFO - [2026-09-24T21:47:16.745+0000] {taskmixin.py:205} WARNING - Dependency <Task(BashOperator): create_entry_gcs>, delete_entry already registered for DAG: example_complex
[2026-09-24T21:47:16.745+0000] {logging_mixin.py:137} INFO - [2026-09-24T21:47:16.745+0000] {taskmixin.py:205} WARNING - Dependency <Task(BashOperator): delete_entry>, create_entry_gcs already registered for DAG: example_complex
[2026-09-24T21:47:16.745+0000] {logging_mixin.py:137} INFO - [2026-09-24T21:47:16.745+0000] {taskmixin.py:205} WARNING - Dependency <Task(BashOperator): create_tag>, delete_tag already registered for DAG: example_complex
[2026-09-24T21:47:16.745+0000] {logging_mixin.py:137} INFO - [2026-09-24T21:47:16.745+0000] {taskmixin.py:205} WARNING - Dependency <Task(BashOperator): delete_tag>, create_tag already registered for DAG: example_complex
[2026-09-24T21:47:16.755+0000] {processor.py:753} INFO - DAG(s) dict_keys(['example_complex']) retrieved from /home/airflow/.local/lib/python3.7/site-packages/airflow/example_dags/example_complex.py
[2026-09-24T21:47:16.780+0000] {logging_mixin.py:137} INFO - [2026-09-24T21:47:16.779+0000] {dag.py:2676} INFO - Sync 1 DAGs
[2026-09-24T21:47:16.802+0000] {logging_mixin.py:137} INFO - [2026-09-24T21:47:16.801+0000] {dag.py:3427} INFO - Setting next_dagrun for example_complex to None, run_after=None
[2026-09-24T21:47:16.819+0000] {processor.py:175} INFO - Processing /home/airflow/.local/lib/python3.7/site-packages/airflow/example_dags/example_complex.py took 0.094 seconds
[2026-09-24T21:48:14.035+0000] {processor.py:153} INFO - Started process (PID=90) to work on /home/airflow/.local/lib/python3.7/site-packages/airflow/example_dags/example_complex.py
[2026-09-24T21:48:16.439+0000] {processor.py:743} INFO - Processing file /home/airflow/.local/lib/python3.7/site-packages/airflow/example_dags/example_complex.py for tasks to queue
[2026-09-24T21:48:24.375+0000] {logging_mixin.py:137} INFO - [2026-09-24T21:48:21.871+0000] {dagbag.py:538} INFO - Filling up the DagBag from /home/airflow/.local/lib/python3.7/site-packages/airflow/example_dags/example_complex.py
[2026-09-24T21:49:36.779+0000] {processor.py:153} INFO - Started process (PID=42) to work on /home/airflow/.local/lib/python3.7/site-packages/airflow/example_dags/example_complex.py
[2026-09-24T21:49:36.780+0000] {processor.py:743} INFO - Processing file /home/airflow/.local/lib/python3.7/site-packages/airflow/example_dags/example_complex.py for tasks to queue
[2026-09-24T21:49:36.780+0000] {logging_mixin.py:137} INFO - [2026-09-24T21:49:36.780+0000] {dagbag.py:538} INFO - Filling up the DagBag from /home/airflow/.local/lib/python3.7/site-packages/airflow/example_dags/example_complex.py
[2026-09-24T21:49:36.792+0000] {logging_mixin.py:137} INFO - [2026-09-24T21:49:36.792+0000] {taskmixin.py:205} WARNING - Dependency <Task(BashOperator): create_entry_group>, delete_entry_group already registered for DAG: example_complex
[2026-09-24T21:49:36.792+0000] {logging_mixin.py:137} INFO - [2026-09-24T21:49:36.792+0000] {taskmixin.py:205} WARNING - Dependency <Task(BashOperator): delete_entry_group>, create_entry_group already registered for DAG: example_complex
[2026-09-24T21:49:36.793+0000] {logging_mixin.py:137} INFO - [2026-09-24T21:49:36.793+0000] {taskmixin.py:205} WARNING - Dependency <Task(BashOperator): create_entry_gcs>, delete_entry already registered for DAG: example_complex
[2026-09-24T21:49:36.793+0000] {logging_mixin.py:137} INFO - [2026-09-24T21:49:36.793+0000] {taskmixin.py:205} WARNING - Dependency <Task(BashOperator): delete_entry>, create_entry_gcs already registered for DAG: example_complex
[2026-09-24T21:49:36.793+0000] {logging_mixin.py:137} INFO - [2026-09-24T21:49:36.793+0000] {taskmixin.py:205} WARNING - Dependency <Task(BashOperator): create_tag>, delete_tag already registered for DAG: example_complex
[2026-09-24T21:49:36.793+0000] {logging_mixin.py:137} INFO - [2026-09-24T21:49:36.793+0000] {taskmixin.py:205} WARNING - Dependency <Task(BashOperator): delete_tag>, create_tag already registered for DAG: example_complex
[2026-09-24T21:49:36.799+0000] {processor.py:753} INFO - DAG(s) dict_keys(['example_complex']) retrieved from /home/airflow/.local/lib/python3.7/site-packages/airflow/example_dags/example_complex.py
[2026-09-24T21:49:36.826+0000] {logging_mixin.py:137} INFO - [2026-09-24T21:49:36.826+0000] {dag.py:2676} INFO - Sync 1 DAGs
[2026-09-24T21:49:36.844+0000] {logging_mixin.py:137} INFO - [2026-09-24T21:49:36.844+0000] {dag.py:3427} INFO - Setting next_dagrun for example_complex to None, run_after=None
[2026-09-24T21:49:36.858+0000] {processor.py:175} INFO - Processing /home/airflow/.local/lib/python3.7/site-packages/airflow/example_dags/example_complex.py took 0.082 seconds
[2026-09-24T21:50:07.348+0000] {processor.py:153} INFO - Started process (PID=140) to work on /home/airflow/.local/lib/python3.7/site-packages/airflow/example_dags/example_complex.py
[2026-09-24T21:50:07.348+0000] {processor.py:743} INFO - Processing file /home/airflow/.local/lib/python3.7/site-packages/airflow/example_dags/example_complex.py for tasks to queue
[2026-09-24T21:50:07.349+0000] {logging_mixin.py:137} INFO - [2026-09-24T21:50:07.349+0000] {dagbag.py:538} INFO - Filling up the DagBag from /home/airflow/.local/lib/python3.7/site-packages/airflow/example_dags/example_complex.py
[2026-09-24T21:50:07.356+0000] {logging_mixin.py:137} INFO - [2026-09-24T21:50:07.356+0000] {taskmixin.py:205} WARNING - Dependency <Task(BashOperator): create_entry_group>, delete_entry_group already registered for DAG: example_complex
[2026-09-24T21:50:07.356+0000] {logging_mixin.py:137} INFO - [2026-09-24T21:50:07.356+0000] {taskmixin.py:205} WARNING - Dependency <Task(BashOperator): delete_entry_group>, create_entry_group already registered for DAG: example_complex
[2026-09-24T21:50:07.356+0000] {logging_mixin.py:137} INFO - [2026-09-24T21:50:07.356+0000] {taskmixin.py:205} WARNING - Dependency <Task(BashOperator): create_entry_gcs>, delete_entry already registered for DAG: example_complex
[2026-09-24T21:50:07.356+0000] {logging_mixin.py:137} INFO - [2026-09-24T21:50:07.356+0000] {taskmixin.py:205} WARNING - Dependency <Task(BashOperator): delete_entry>, create_entry_gcs already registered for DAG: example_complex
[2026-09-24T21:50:07.357+0000] {logging_mixin.py:137} INFO - [2026-09-24T21:50:07.357+0000] {taskmixin.py:205} WARNING - Dependency <Task(BashOperator): create_tag>, delete_tag already registered for DAG: example_complex
[2026-09-24T21:50:07.357+0000] {logging_mixin.py:137} INFO - [2026-09-24T21:50:07.357+0000] {taskmixin.py:205} WARNING - Dependency <Task(BashOperator): delete_tag>, create_tag already registered for DAG: example_complex
[2026-09-24T21:50:07.362+0000] {processor.py:753} INFO - DAG(s) dict_keys(['example_complex']) retrieved from /home/airflow/.local/lib/python3.7/site-packages/airflow/example_dags/example_complex.py
[2026-09-24T21:50:07.392+0000] {logging_mixin.py:137} INFO - [2026-09-24T21:50:07.392+0000] {dag.py:2676} INFO - Sync 1 DAGs
[2026-09-24T21:50:07.408+0000] {logging_mixin.py:137} INFO - [2026-09-24T21:50:07.408+0000] {dag.py:3427} INFO - Setting next_dagrun for example_complex to None, run_after=None
[2026-09-24T21:50:07.421+0000] {processor.py:175} INFO - Processing /home/airflow/.local/lib/python3.7/site-packages/airflow/example_dags/example_complex.py took 0.075 seconds
[2026-09-24T21:50:38.360+0000] {processor.py:153} INFO - Started process (PID=218) to work on /home/airflow/.local/lib/python3.7/site-packages/airflow/example_dags/example_complex.py
[2026-09-24T21:50:38.361+0000] {processor.py:743} INFO - Processing file /home/airflow/.local/lib/python3.7/site-packages/airflow/example_dags/example_complex.py for tasks to queue
[2026-09-24T21:50:38.362+0000] {logging_mixin.py:137} INFO - [2026-09-24T21:50:38.362+0000] {dagbag.py:538} INFO - Filling up the DagBag from /home/airflow/.local/lib/python3.7/site-packages/airflow/example_dags/example_complex.py
[2026-09-24T21:50:38.369+0000] {logging_mixin.py:137} INFO - [2026-09-24T21:50:38.369+0000] {taskmixin.py:205} WARNING - Dependency <Task(BashOperator): create_entry_group>, delete_entry_group already registered for DAG: example_complex
[2026-09-24T21:50:38.370+0000] {logging_mixin.py:137} INFO - [2026-09-24T21:50:38.369+0000] {taskmixin.py:205} WARNING - Dependency <Task(BashOperator): delete_entry_group>, create_entry_group already registered for DAG: example_complex
[2026-09-24T21:50:38.370+0000] {logging_mixin.py:137} INFO - [2026-09-24T21:50:38.370+0000] {taskmixin.py:205} WARNING - Dependency <Task(BashOperator): create_entry_gcs>, delete_entry already registered for DAG: example_complex
[2026-09-24T21:50:38.370+0000] {logging_mixin.py:137} INFO - [2026-09-24T21:50:38.370+0000] {taskmixin.py:205} WARNING - Dependency <Task(BashOperator): delete_entry>, create_entry_gcs already registered for DAG: example_complex
[2026-09-24T21:50:38.370+0000] {logging_mixin.py:137} INFO - [2026-09-24T21:50:38.370+0000] {taskmixin.py:205} WARNING - Dependency <Task(BashOperator): create_tag>, delete_tag already registered for DAG: example_complex
[2026-09-24T21:50:38.370+0000] {logging_mixin.py:137} INFO - [2026-09-24T21:50:38.370+0000] {taskmixin.py:205} WARNING - Dependency <Task(BashOperator): delete_tag>, create_tag already registered for DAG: example_complex
[2026-09-24T21:50:38.375+0000] {processor.py:753} INFO - DAG(s) dict_keys(['example_complex']) retrieved from /home/airflow/.local/lib/python3.7/site-packages/airflow/example_dags/example_complex.py
[2026-09-24T21:50:38.402+0000] {logging_mixin.py:137} INFO - [2026-09-24T21:50:38.402+0000] {dag.py:2676} INFO - Sync 1 DAGs
[2026-09-24T21:50:38.417+0000] {logging_mixin.py:137} INFO - [2026-09-24T21:50:38.417+0000] {dag.py:3427} INFO - Setting next_dagrun for example_complex to None, run_after=None
[2026-09-24T21:50:38.430+0000] {processor.py:175} INFO - Processing /home/airflow/.local/lib/python3.7/site-packages/airflow/example_dags/example_complex.py took 0.072 seconds
[2026-09-24T21:51:09.301+0000] {processor.py:153} INFO - Started process (PID=316) to work on /home/airflow/.local/lib/python3.7/site-packages/airflow/example_dags/example_complex.py
[2026-09-24T21:51:09.303+0000] {processor.py:743} INFO - Processing file /home/airflow/.local/lib/python3.7/site-packages/airflow/example_dags/example_complex.py for tasks to queue
[2026-09-24T21:51:09.304+0000] {logging_mixin.py:137} INFO - [2026-09-24T21:51:09.304+0000] {dagbag.py:538} INFO - Filling up the DagBag from /home/airflow/.local/lib/python3.7/site-packages/airflow/example_dags/example_complex.py
[2026-09-24T21:51:09.320+0000] {logging_mixin.py:137} INFO - [2026-09-24T21:51:09.320+0000] {taskmixin.py:205} WARNING - Dependency <Task(BashOperator): create_entry_group>, delete_entry_group already registered for DAG: example_complex
[2026-09-24T21:51:09.321+0000] {logging_mixin.py:137} INFO - [2026-09-24T21:51:09.321+0000] {taskmixin.py:205} WARNING - Dependency <Task(BashOperator): delete_entry_group>, create_entry_group already registered for DAG: example_complex
[2026-09-24T21:51:09.321+0000] {logging_mixin.py:137} INFO - [2026-09-24T21:51:09.321+0000] {taskmixin.py:205} WARNING - Dependency <Task(BashOperator): create_entry_gcs>, delete_entry already registered for DAG: example_complex
[2026-09-24T21:51:09.321+0000] {logging_mixin.py:137} INFO - [2026-09-24T21:51:09.321+0000] {taskmixin.py:205} WARNING - Dependency <Task(BashOperator): delete_entry>, create_entry_gcs already registered for DAG: example_complex
[2026-09-24T21:51:09.321+0000] {logging_mixin.py:137} INFO - [2026-09-24T21:51:09.321+0000] {taskmixin.py:205} WARNING - Dependency <Task(BashOperator): create_tag>, delete_tag already registered for DAG: example_complex
[2026-09-24T21:51:09.321+0000] {logging_mixin.py:137} INFO - [2026-09-24T21:51:09.321+0000] {taskmixin.py:205} WARNING - Dependency <Task(BashOperator): delete_tag>, create_tag already registered for DAG: example_complex
[2026-09-24T21:51:09.333+0000] {processor.py:753} INFO - DAG(s) dict_keys(['example_complex']) retrieved from /home/airflow/.local/lib/python3.7/site-packages/airflow/example_dags/example_complex.py
[2026-09-24T21:51:09.382+0000] {logging_mixin.py:137} INFO - [2026-09-24T21:51:09.382+0000] {dag.py:2676} INFO - Sync 1 DAGs
[2026-09-24T21:51:09.403+0000] {logging_mixin.py:137} INFO - [2026-09-24T21:51:09.403+0000] {dag.py:3427} INFO - Setting next_dagrun for example_complex to None, run_after=None
[2026-09-24T21:51:09.421+0000] {processor.py:175} INFO - Processing /home/airflow/.local/lib/python3.7/site-packages/airflow/example_dags/example_complex.py took 0.126 seconds
[2026-09-24T21:51:40.373+0000] {processor.py:153} INFO - Started process (PID=394) to work on /home/airflow/.local/lib/python3.7/site-packages/airflow/example_dags/example_complex.py
[2026-09-24T21:51:40.375+0000] {processor.py:743} INFO - Processing file /home/airflow/.local/lib/python3.7/site-packages/airflow/example_dags/example_complex.py for tasks to queue
[2026-09-24T21:51:40.376+0000] {logging_mixin.py:137} INFO - [2026-09-24T21:51:40.376+0000] {dagbag.py:538} INFO - Filling up the DagBag from /home/airflow/.local/lib/python3.7/site-packages/airflow/example_dags/example_complex.py
[2026-09-24T21:51:40.383+0000] {logging_mixin.py:137} INFO - [2026-09-24T21:51:40.383+0000] {taskmixin.py:205} WARNING - Dependency <Task(BashOperator): create_entry_group>, delete_entry_group already registered for DAG: example_complex
[2026-09-24T21:51:40.383+0000] {logging_mixin.py:137} INFO - [2026-09-24T21:51:40.383+0000] {taskmixin.py:205} WARNING - Dependency <Task(BashOperator): delete_entry_group>, create_entry_group already registered for DAG: example_complex
[2026-09-24T21:51:40.383+0000] {logging_mixin.py:137} INFO - [2026-09-24T21:51:40.383+0000] {taskmixin.py:205} WARNING - Dependency <Task(BashOperator): create_entry_gcs>, delete_entry already registered for DAG: example_complex
[2026-09-24T21:51:40.383+0000] {logging_mixin.py:137} INFO - [2026-09-24T21:51:40.383+0000] {taskmixin.py:205} WARNING - Dependency <Task(BashOperator): delete_entry>, create_entry_gcs already registered for DAG: example_complex
[2026-09-24T21:51:40.383+0000] {logging_mixin.py:137} INFO - [2026-09-24T21:51:40.383+0000] {taskmixin.py:205} WARNING - Dependency <Task(BashOperator): create_tag>, delete_tag already registered for DAG: example_complex
[2026-09-24T21:51:40.383+0000] {logging_mixin.py:137} INFO - [2026-09-24T21:51:40.383+0000] {taskmixin.py:205} WARNING - Dependency <Task(BashOperator): delete_tag>, create_tag already registered for DAG: example_complex
[2026-09-24T21:51:40.388+0000] {processor.py:753} INFO - DAG(s) dict_keys(['example_complex']) retrieved from /home/airflow/.local/lib/python3.7/site-packages/airflow/example_dags/example_complex.py
[2026-09-24T21:51:40.413+0000] {logging_mixin.py:137} INFO - [2026-09-24T21:51:40.413+0000] {dag.py:2676} INFO - Sync 1 DAGs
[2026-09-24T21:51:40.428+0000] {logging_mixin.py:137} INFO - [2026-09-24T21:51:40.428+0000] {dag.py:3427} INFO - Setting next_dagrun for example_complex to None, run_after=None
[2026-09-24T21:51:40.440+0000] {processor.py:175} INFO - Processing /home/airflow/.local/lib/python3.7/site-packages/airflow/example_dags/example_complex.py took 0.069 seconds
[2026-09-24T21:52:10.738+0000] {processor.py:153} INFO - Started process (PID=492) to work on /home/airflow/.local/lib/python3.7/site-packages/airflow/example_dags/example_complex.py
[2026-09-24T21:52:10.738+0000] {processor.py:743} INFO - Processing file /home/airflow/.local/lib/python3.7/site-packages/airflow/example_dags/example_complex.py for tasks to queue
[2026-09-24T21:52:10.739+0000] {logging_mixin.py:137} INFO - [2026-09-24T21:52:10.739+0000] {dagbag.py:538} INFO - Filling up the DagBag from /home/airflow/.local/lib/python3.7/site-packages/airflow/example_dags/example_complex.py
[2026-09-24T21:52:10.745+0000] {logging_mixin.py:137} INFO - [2026-09-24T21:52:10.745+0000] {taskmixin.py:205} WARNING - Dependency <Task(BashOperator): create_entry_group>, delete_entry_group already registered for DAG: example_complex
[2026-09-24T21:52:10.746+0000] {logging_mixin.py:137} INFO - [2026-09-24T21:52:10.745+0000] {taskmixin.py:205} WARNING - Dependency <Task(BashOperator): delete_entry_group>, create_entry_group already registered for DAG: example_complex
[2026-09-24T21:52:10.746+0000] {logging_mixin.py:137} INFO - [2026-09-24T21:52:10.746+0000] {taskmixin.py:205} WARNING - Dependency <Task(BashOperator): create_entry_gcs>, delete_entry already registered for DAG: example_complex
[2026-09-24T21:52:10.746+0000] {logging_mixin.py:137} INFO - [2026-09-24T21:52:10.746+0000] {taskmixin.py:205} WARNING - Dependency <Task(BashOperator): delete_entry>, create_entry_gcs already registered for DAG: example_complex
[2026-09-24T21:52:10.746+0000] {logging_mixin.py:137} INFO - [2026-09-24T21:52:10.746+0000] {taskmixin.py:205} WARNING - Dependency <Task(BashOperator): create_tag>, delete_tag already registered for DAG: example_complex
[2026-09-24T21:52:10.746+0000] {logging_mixin.py:137} INFO - [2026-09-24T21:52:10.746+0000] {taskmixin.py:205} WARNING - Dependency <Task(BashOperator): delete_tag>, create_tag already registered for DAG: example_complex
[2026-09-24T21:52:10.750+0000] {processor.py:753} INFO - DAG(s) dict_keys(['example_complex']) retrieved from /home/airflow/.local/lib/python3.7/site-packages/airflow/example_dags/example_complex.py
[2026-09-24T21:52:10.777+0000] {logging_mixin.py:137} INFO - [2026-09-24T21:52:10.777+0000] {dag.py:2676} INFO - Sync 1 DAGs
[2026-09-24T21:52:10.792+0000] {logging_mixin.py:137} INFO - [2026-09-24T21:52:10.792+0000] {dag.py:3427} INFO - Setting next_dagrun for example_complex to None, run_after=None
[2026-09-24T21:52:10.804+0000] {processor.py:175} INFO - Processing /home/airflow/.local/lib/python3.7/site-packages/airflow/example_dags/example_complex.py took 0.069 seconds
