[2026-09-24T21:47:16.937+0000] {processor.py:153} INFO - Started process (PID=46) to work on /home/airflow/.local/lib/python3.7/site-packages/airflow/example_dags/example_subdag_operator.py
[2026-09-24T21:47:16.938+0000] {processor.py:743} INFO - Processing file /home/airflow/.local/lib/python3.7/site-packages/airflow/example_dags/example_subdag_operator.py for tasks to queue
[2026-09-24T21:47:16.939+0000] {logging_mixin.py:137} INFO - [2026-09-24T21:47:16.938+0000] {dagbag.py:538} INFO - Filling up the DagBag from /home/airflow/.local/lib/python3.7/site-packages/airflow/example_dags/example_subdag_operator.py
[2026-09-24T21:47:16.964+0000] {processor.py:753} INFO - DAG(s) dict_keys(['example_subdag_operator.section-1', 'example_subdag_operator.section-2', 'example_subdag_operator']) retrieved from /home/airflow/.local/lib/python3.7/site-packages/airflow/example_dags/example_subdag_operator.py
[2026-09-24T21:47:16.977+0000] {logging_mixin.py:137} INFO - [2026-09-24T21:47:16.977+0000] {dag.py:2676} INFO - Sync 3 DAGs
[2026-09-24T21:47:16.996+0000] {logging_mixin.py:137} INFO - [2026-09-24T21:47:16.996+0000] {dag.py:3427} INFO - Setting next_dagrun for example_subdag_operator to 2022-01-01T00:00:00+00:00, run_after=2022-01-01T00:00:00+00:00
[2026-09-24T21:47:16.999+0000] {logging_mixin.py:137} INFO - [2026-09-24T21:47:16.999+0000] {dag.py:3427} INFO - Setting next_dagrun for example_subdag_operator.section-1 to None, run_after=None
[2026-09-24T21:47:17.000+0000] {logging_mixin.py:137} INFO - [2026-09-24T21:47:17.000+0000] {dag.py:3427} INFO - Setting next_dagrun for example_subdag_operator.section-2 to None, run_after=None
[2026-09-24T21:47:17.008+0000] {logging_mixin.py:137} INFO - [2026-09-24T21:47:17.008+0000] {dag.py:2676} INFO - Sync 2 DAGs
[2026-09-24T21:47:17.015+0000] {logging_mixin.py:137} INFO - [2026-09-24T21:47:17.015+0000] {dag.py:3427} INFO - Setting next_dagrun for example_subdag_operator.section-1 to None, run_after=None
[2026-09-24T21:47:17.016+0000] {logging_mixin.py:137} INFO - [2026-09-24T21:47:17.015+0000] {dag.py:3427} INFO - Setting next_dagrun for example_subdag_operator.section-2 to None, run_after=None
[2026-09-24T21:47:17.028+0000] {processor.py:175} INFO - Processing /home/airflow/.local/lib/python3.7/site-packages/airflow/example_dags/example_subdag_operator.py took 0.093 seconds
[2026-09-24T21:49:36.953+0000] {processor.py:153} INFO - Started process (PID=45) to work on /home/airflow/.local/lib/python3.7/site-packages/airflow/example_dags/example_subdag_operator.py
[2026-09-24T21:49:36.953+0000] {processor.py:743} INFO - Processing file /home/airflow/.local/lib/python3.7/site-packages/airflow/example_dags/example_subdag_operator.py for tasks to queue
[2026-09-24T21:49:36.954+0000] {logging_mixin.py:137} INFO - [2026-09-24T21:49:36.954+0000] {dagbag.py:538} INFO - Filling up the DagBag from /home/airflow/.local/lib/python3.7/site-packages/airflow/example_dags/example_subdag_operator.py
[2026-09-24T21:49:36.982+0000] {processor.py:753} INFO - DAG(s) dict_keys(['example_subdag_operator.section-1', 'example_subdag_operator.section-2', 'example_subdag_operator']) retrieved from /home/airflow/.local/lib/python3.7/site-packages/airflow/example_dags/example_subdag_operator.py
[2026-09-24T21:49:37.005+0000] {logging_mixin.py:137} INFO - [2026-09-24T21:49:37.005+0000] {dag.py:2676} INFO - Sync 3 DAGs
[2026-09-24T21:49:37.024+0000] {logging_mixin.py:137} INFO - [2026-09-24T21:49:37.024+0000] {dag.py:3427} INFO - Setting next_dagrun for example_subdag_operator to 2022-01-01T00:00:00+00:00, run_after=2022-01-01T00:00:00+00:00
[2026-09-24T21:49:37.026+0000] {logging_mixin.py:137} INFO - [2026-09-24T21:49:37.026+0000] {dag.py:3427} INFO - Setting next_dagrun for example_subdag_operator.section-1 to None, run_after=None
[2026-09-24T21:49:37.027+0000] {logging_mixin.py:137} INFO - [2026-09-24T21:49:37.027+0000] {dag.py:3427} INFO - Setting next_dagrun for example_subdag_operator.section-2 to None, run_after=None
[2026-09-24T21:49:37.032+0000] {logging_mixin.py:137} INFO - [2026-09-24T21:49:37.032+0000] {dag.py:2676} INFO - Sync 2 DAGs
[2026-09-24T21:49:37.036+0000] {logging_mixin.py:137} INFO - [2026-09-24T21:49:37.036+0000] {dag.py:3427} INFO - Setting next_dagrun for example_subdag_operator.section-1 to None, run_after=None
[2026-09-24T21:49:37.037+0000] {logging_mixin.py:137} INFO - [2026-09-24T21:49:37.037+0000] {dag.py:3427} INFO - Setting next_dagrun for example_subdag_operator.section-2 to None, run_after=None
[2026-09-24T21:49:37.044+0000] {processor.py:175} INFO - Processing /home/airflow/.local/lib/python3.7/site-packages/airflow/example_dags/example_subdag_operator.py took 0.093 seconds
[2026-09-24T21:50:07.511+0000] {processor.py:153} INFO - Started process (PID=143) to work on /home/airflow/.local/lib/python3.7/site-packages/airflow/example_dags/example_subdag_operator.py
[2026-09-24T21:50:07.511+0000] {processor.py:743} INFO - Processing file /home/airflow/.local/lib/python3.7/site-packages/airflow/example_dags/example_subdag_operator.py for tasks to queue
[2026-09-24T21:50:07.512+0000] {logging_mixin.py:137} INFO - [2026-09-24T21:50:07.512+0000] {dagbag.py:538} INFO - Filling up the DagBag from /home/airflow/.local/lib/python3.7/site-packages/airflow/example_dags/example_subdag_operator.py
[2026-09-24T21:50:07.530+0000] {processor.py:753} INFO - DAG(s) dict_keys(['example_subdag_operator.section-1', 'example_subdag_operator.section-2', 'example_subdag_operator']) retrieved from /home/airflow/.local/lib/python3.7/site-packages/airflow/example_dags/example_subdag_operator.py
[2026-09-24T21:50:07.548+0000] {logging_mixin.py:137} INFO - [2026-09-24T21:50:07.548+0000] {dag.py:2676} INFO - Sync 3 DAGs
[2026-09-24T21:50:07.564+0000] {logging_mixin.py:137} INFO - [2026-09-24T21:50:07.564+0000] {dag.py:3427} INFO - Setting next_dagrun for example_subdag_operator to 2022-01-01T00:00:00+00:00, run_after=2022-01-01T00:00:00+00:00
[2026-09-24T21:50:07.566+0000] {logging_mixin.py:137} INFO - [2026-09-24T21:50:07.566+0000] {dag.py:3427} INFO - Setting next_dagrun for example_subdag_operator.section-1 to None, run_after=None
[2026-09-24T21:50:07.567+0000] {logging_mixin.py:137} INFO - [2026-09-24T21:50:07.567+0000] {dag.py:3427} INFO - Setting next_dagrun for example_subdag_operator.section-2 to None, run_after=None
[2026-09-24T21:50:07.571+0000] {logging_mixin.py:137} INFO - [2026-09-24T21:50:07.571+0000] {dag.py:2676} INFO - Sync 2 DAGs
[2026-09-24T21:50:07.574+0000] {logging_mixin.py:137} INFO - [2026-09-24T21:50:07.574+0000] {dag.py:3427} INFO - Setting next_dagrun for example_subdag_operator.section-1 to None, run_after=None
[2026-09-24T21:50:07.575+0000] {logging_mixin.py:137} INFO - [2026-09-24T21:50:07.575+0000] {dag.py:3427} INFO - Setting next_dagrun for example_subdag_operator.section-2 to None, run_after=None
[2026-09-24T21:50:07.582+0000] {processor.py:175} INFO - Processing /home/airflow/.local/lib/python3.7/site-packages/airflow/example_dags/example_subdag_operator.py took 0.073 seconds
[2026-09-24T21:50:38.530+0000] {processor.py:153} INFO - Started process (PID=221) to work on /home/airflow/.local/lib/python3.7/site-packages/airflow/example_dags/example_subdag_operator.py
[2026-09-24T21:50:38.530+0000] {processor.py:743} INFO - Processing file /home/airflow/.local/lib/python3.7/site-packages/airflow/example_dags/example_subdag_operator.py for tasks to queue
[2026-09-24T21:50:38.530+0000] {logging_mixin.py:137} INFO - [2026-09-24T21:50:38.530+0000] {dagbag.py:538} INFO - Filling up the DagBag from /home/airflow/.local/lib/python3.7/site-packages/airflow/example_dags/example_subdag_operator.py
[2026-09-24T21:50:38.551+0000] {processor.py:753} INFO - DAG(s) dict_keys(['example_subdag_operator.section-1', 'example_subdag_operator.section-2', 'example_subdag_operator']) retrieved from /home/airflow/.local/lib/python3.7/site-packages/airflow/example_dags/example_subdag_operator.py
[2026-09-24T21:50:38.573+0000] {logging_mixin.py:137} INFO - [2026-09-24T21:50:38.573+0000] {dag.py:2676} INFO - Sync 3 DAGs
[2026-09-24T21:50:38.589+0000] {logging_mixin.py:137} INFO - [2026-09-24T21:50:38.589+0000] {dag.py:3427} INFO - Setting next_dagrun for example_subdag_operator to 2022-01-01T00:00:00+00:00, run_after=2022-01-01T00:00:00+00:00
[2026-09-24T21:50:38.592+0000] {logging_mixin.py:137} INFO - [2026-09-24T21:50:38.592+0000] {dag.py:3427} INFO - Setting next_dagrun for example_subdag_operator.section-1 to None, run_after=None
[2026-09-24T21:50:38.593+0000] {logging_mixin.py:137} INFO - [2026-09-24T21:50:38.593+0000] {dag.py:3427} INFO - Setting next_dagrun for example_subdag_operator.section-2 to None, run_after=None
[2026-09-24T21:50:38.598+0000] {logging_mixin.py:137} INFO - [2026-09-24T21:50:38.598+0000] {dag.py:2676} INFO - Sync 2 DAGs
[2026-09-24T21:50:38.603+0000] {logging_mixin.py:137} INFO - [2026-09-24T21:50:38.603+0000] {dag.py:3427} INFO - Setting next_dagrun for example_subdag_operator.section-1 to None, run_after=None
[2026-09-24T21:50:38.603+0000] {logging_mixin.py:137} INFO - [2026-09-24T21:50:38.603+0000] {dag.py:3427} INFO - Setting next_dagrun for example_subdag_operator.section-2 to None, run_after=None
[2026-09-24T21:50:38.613+0000] {processor.py:175} INFO - Processing /home/airflow/.local/lib/python3.7/site-packages/airflow/example_dags/example_subdag_operator.py took 0.085 seconds
[2026-09-24T21:51:09.533+0000] {processor.py:153} INFO - Started process (PID=319) to work on /home/airflow/.local/lib/python3.7/site-packages/airflow/example_dags/example_subdag_operator.py
[2026-09-24T21:51:09.533+0000] {processor.py:743} INFO - Processing file /home/airflow/.local/lib/python3.7/site-packages/airflow/example_dags/example_subdag_operator.py for tasks to queue
[2026-09-24T21:51:09.534+0000] {logging_mixin.py:137} INFO - [2026-09-24T21:51:09.534+0000] {dagbag.py:538} INFO - Filling up the DagBag from /home/airflow/.local/lib/python3.7/site-packages/airflow/example_dags/example_subdag_operator.py
[2026-09-24T21:51:09.559+0000] {processor.py:753} INFO - DAG(s) dict_keys(['example_subdag_operator.section-1', 'example_subdag_operator.section-2', 'example_subdag_operator']) retrieved from /home/airflow/.local/lib/python3.7/site-packages/airflow/example_dags/example_subdag_operator.py
[2026-09-24T21:51:09.583+0000] {logging_mixin.py:137} INFO - [2026-09-24T21:51:09.583+0000] {dag.py:2676} INFO - Sync 3 DAGs
[2026-09-24T21:51:09.602+0000] {logging_mixin.py:137} INFO - [2026-09-24T21:51:09.602+0000] {dag.py:3427} INFO - Setting next_dagrun for example_subdag_operator to 2022-01-01T00:00:00+00:00, run_after=2022-01-01T00:00:00+00:00
[2026-09-24T21:51:09.604+0000] {logging_mixin.py:137} INFO - [2026-09-24T21:51:09.604+0000] {dag.py:3427} INFO - Setting next_dagrun for example_subdag_operator.section-1 to None, run_after=None
[2026-09-24T21:51:09.605+0000] {logging_mixin.py:137} INFO - [2026-09-24T21:51:09.605+0000] {dag.py:3427} INFO - Setting next_dagrun for example_subdag_operator.section-2 to None, run_after=None
[2026-09-24T21:51:09.610+0000] {logging_mixin.py:137} INFO - [2026-09-24T21:51:09.610+0000] {dag.py:2676} INFO - Sync 2 DAGs
[2026-09-24T21:51:09.614+0000] {logging_mixin.py:137} INFO - [2026-09-24T21:51:09.614+0000] {dag.py:3427} INFO - Setting next_dagrun for example_subdag_operator.section-1 to None, run_after=None
[2026-09-24T21:51:09.614+0000] {logging_mixin.py:137} INFO - [2026-09-24T21:51:09.614+0000] {dag.py:3427} INFO - Setting next_dagrun for example_subdag_operator.section-2 to None, run_after=None
[2026-09-24T21:51:09.622+0000] {processor.py:175} INFO - Processing /home/airflow/.local/lib/python3.7/site-packages/airflow/example_dags/example_subdag_operator.py took 0.092 seconds
[2026-09-24T21:51:40.532+0000] {processor.py:153} INFO - Started process (PID=397) to work on /home/airflow/.local/lib/python3.7/site-packages/airflow/example_dags/example_subdag_operator.py
[2026-09-24T21:51:40.532+0000] {processor.py:743} INFO - Processing file /home/airflow/.local/lib/python3.7/site-packages/airflow/example_dags/example_subdag_operator.py for tasks to queue
[2026-09-24T21:51:40.533+0000] {logging_mixin.py:137} INFO - [2026-09-24T21:51:40.533+0000] {dagbag.py:538} INFO - Filling up the DagBag from /home/airflow/.local/lib/python3.7/site-packages/airflow/example_dags/example_subdag_operator.py
[2026-09-24T21:51:40.552+0000] {processor.py:753} INFO - DAG(s) dict_keys(['example_subdag_operator.section-1', 'example_subdag_operator.section-2', 'example_subdag_operator']) retrieved from /home/airflow/.local/lib/python3.7/site-packages/airflow/example_dags/example_subdag_operator.py
[2026-09-24T21:51:40.571+0000] {logging_mixin.py:137} INFO - [2026-09-24T21:51:40.571+0000] {dag.py:2676} INFO - Sync 3 DAGs
[2026-09-24T21:51:40.586+0000] {logging_mixin.py:137} INFO - [2026-09-24T21:51:40.586+0000] {dag.py:3427} INFO - Setting next_dagrun for example_subdag_operator to 2022-01-01T00:00:00+00:00, run_after=2022-01-01T00:00:00+00:00
[2026-09-24T21:51:40.589+0000] {logging_mixin.py:137} INFO - [2026-09-24T21:51:40.588+0000] {dag.py:3427} INFO - Setting next_dagrun for example_subdag_operator.section-1 to None, run_after=None
[2026-09-24T21:51:40.589+0000] {logging_mixin.py:137} INFO - [2026-09-24T21:51:40.589+0000] {dag.py:3427} INFO - Setting next_dagrun for example_subdag_operator.section-2 to None, run_after=None
[2026-09-24T21:51:40.594+0000] {logging_mixin.py:137} INFO - [2026-09-24T21:51:40.594+0000] {dag.py:2676} INFO - Sync 2 DAGs
[2026-09-24T21:51:40.598+0000] {logging_mixin.py:137} INFO - [2026-09-24T21:51:40.598+0000] {dag.py:3427} INFO - Setting next_dagrun for example_subdag_operator.section-1 to None, run_after=None
[2026-09-24T21:51:40.599+0000] {logging_mixin.py:137} INFO - [2026-09-24T21:51:40.598+0000] {dag.py:3427} INFO - Setting next_dagrun for example_subdag_operator.section-2 to None, run_after=None
[2026-09-24T21:51:40.606+0000] {processor.py:175} INFO - Processing /home/airflow/.local/lib/python3.7/site-packages/airflow/example_dags/example_subdag_operator.py took 0.076 seconds
[2026-09-24T21:52:10.892+0000] {processor.py:153} INFO - Started process (PID=495) to work on /home/airflow/.local/lib/python3.7/site-packages/airflow/example_dags/example_subdag_operator.py
[2026-09-24T21:52:10.892+0000] {processor.py:743} INFO - Processing file /home/airflow/.local/lib/python3.7/site-packages/airflow/example_dags/example_subdag_operator.py for tasks to queue
[2026-09-24T21:52:10.893+0000] {logging_mixin.py:137} INFO - [2026-09-24T21:52:10.893+0000] {dagbag.py:538} INFO - Filling up the DagBag from /home/airflow/.local/lib/python3.7/site-packages/airflow/example_dags/example_subdag_operator.py
[2026-09-24T21:52:10.912+0000] {processor.py:753} INFO - DAG(s) dict_keys(['example_subdag_operator.section-1', 'example_subdag_operator.section-2', 'example_subdag_operator']) retrieved from /home/airflow/.local/lib/python3.7/site-packages/airflow/example_dags/example_subdag_operator.py
[2026-09-24T21:52:10.931+0000] {logging_mixin.py:137} INFO - [2026-09-24T21:52:10.931+0000] {dag.py:2676} INFO - Sync 3 DAGs
[2026-09-24T21:52:10.945+0000] {logging_mixin.py:137} INFO - [2026-09-24T21:52:10.945+0000] {dag.py:3427} INFO - Setting next_dagrun for example_subdag_operator to 2022-01-01T00:00:00+00:00, run_after=2022-01-01T00:00:00+00:00
[2026-09-24T21:52:10.947+0000] {logging_mixin.py:137} INFO - [2026-09-24T21:52:10.947+0000] {dag.py:3427} INFO - Setting next_dagrun for example_subdag_operator.section-1 to None, run_after=None
[2026-09-24T21:52:10.948+0000] {logging_mixin.py:137} INFO - [2026-09-24T21:52:10.948+0000] {dag.py:3427} INFO - Setting next_dagrun for example_subdag_operator.section-2 to None, run_after=None
[2026-09-24T21:52:10.952+0000] {logging_mixin.py:137} INFO - [2026-09-24T21:52:10.952+0000] {dag.py:2676} INFO - Sync 2 DAGs
[2026-09-24T21:52:10.956+0000] {logging_mixin.py:137} INFO - [2026-09-24T21:52:10.955+0000] {dag.py:3427} INFO - Setting next_dagrun for example_subdag_operator.section-1 to None, run_after=None
[2026-09-24T21:52:10.956+0000] {logging_mixin.py:137} INFO - [2026-09-24T21:52:10.956+0000] {dag.py:3427} INFO - Setting next_dagrun for example_subdag_operator.section-2 to None, run_after=None
[2026-09-24T21:52:10.963+0000] {processor.py:175} INFO - Processing /home/airflow/.local/lib/python3.7/site-packages/airflow/example_dags/example_subdag_operator.py took 0.073 seconds
