[2026-09-24T21:47:17.627+0000] {processor.py:153} INFO - Started process (PID=58) to work on /home/airflow/.local/lib/python3.7/site-packages/airflow/example_dags/example_python_operator.py
[2026-09-24T21:47:17.628+0000] {processor.py:743} INFO - Processing file /home/airflow/.local/lib/python3.7/site-packages/airflow/example_dags/example_python_operator.py for tasks to queue
[2026-09-24T21:47:17.628+0000] {logging_mixin.py:137} INFO - [2026-09-24T21:47:17.628+0000] {dagbag.py:538} INFO - Filling up the DagBag from /home/airflow/.local/lib/python3.7/site-packages/airflow/example_dags/example_python_operator.py
[2026-09-24T21:47:17.643+0000] {logging_mixin.py:137} INFO - [2026-09-24T21:47:17.643+0000] {taskmixin.py:205} WARNING - Dependency <Task(_PythonDecoratedOperator): print_the_context>, log_sql_query already registered for DAG: example_python_operator
[2026-09-24T21:47:17.643+0000] {logging_mixin.py:137} INFO - [2026-09-24T21:47:17.643+0000] {taskmixin.py:205} WARNING - Dependency <Task(_PythonDecoratedOperator): log_sql_query>, print_the_context already registered for DAG: example_python_operator
[2026-09-24T21:47:17.645+0000] {logging_mixin.py:137} INFO - [2026-09-24T21:47:17.645+0000] {taskmixin.py:205} WARNING - Dependency <Task(_PythonDecoratedOperator): print_the_context>, log_sql_query already registered for DAG: example_python_operator
[2026-09-24T21:47:17.645+0000] {logging_mixin.py:137} INFO - [2026-09-24T21:47:17.645+0000] {taskmixin.py:205} WARNING - Dependency <Task(_PythonDecoratedOperator): log_sql_query>, print_the_context already registered for DAG: example_python_operator
[2026-09-24T21:47:17.646+0000] {logging_mixin.py:137} INFO - [2026-09-24T21:47:17.646+0000] {taskmixin.py:205} WARNING - Dependency <Task(_PythonDecoratedOperator): print_the_context>, log_sql_query already registered for DAG: example_python_operator
[2026-09-24T21:47:17.646+0000] {logging_mixin.py:137} INFO - [2026-09-24T21:47:17.646+0000] {taskmixin.py:205} WARNING - Dependency <Task(_PythonDecoratedOperator): log_sql_query>, print_the_context already registered for DAG: example_python_operator
[2026-09-24T21:47:17.646+0000] {logging_mixin.py:137} INFO - [2026-09-24T21:47:17.646+0000] {taskmixin.py:205} WARNING - Dependency <Task(_PythonDecoratedOperator): print_the_context>, log_sql_query already registered for DAG: example_python_operator
[2026-09-24T21:47:17.647+0000] {logging_mixin.py:137} INFO - [2026-09-24T21:47:17.646+0000] {taskmixin.py:205} WARNING - Dependency <Task(_PythonDecoratedOperator): log_sql_query>, print_the_context already registered for DAG: example_python_operator
[2026-09-24T21:47:17.651+0000] {processor.py:753} INFO - DAG(s) dict_keys(['example_python_operator']) retrieved from /home/airflow/.local/lib/python3.7/site-packages/airflow/example_dags/example_python_operator.py
[2026-09-24T21:47:17.669+0000] {logging_mixin.py:137} INFO - [2026-09-24T21:47:17.669+0000] {dag.py:2676} INFO - Sync 1 DAGs
[2026-09-24T21:47:17.689+0000] {logging_mixin.py:137} INFO - [2026-09-24T21:47:17.689+0000] {dag.py:3427} INFO - Setting next_dagrun for example_python_operator to None, run_after=None
[2026-09-24T21:47:17.707+0000] {processor.py:175} INFO - Processing /home/airflow/.local/lib/python3.7/site-packages/airflow/example_dags/example_python_operator.py took 0.082 seconds
[2026-09-24T21:49:37.654+0000] {processor.py:153} INFO - Started process (PID=57) to work on /home/airflow/.local/lib/python3.7/site-packages/airflow/example_dags/example_python_operator.py
[2026-09-24T21:49:37.654+0000] {processor.py:743} INFO - Processing file /home/airflow/.local/lib/python3.7/site-packages/airflow/example_dags/example_python_operator.py for tasks to queue
[2026-09-24T21:49:37.655+0000] {logging_mixin.py:137} INFO - [2026-09-24T21:49:37.655+0000] {dagbag.py:538} INFO - Filling up the DagBag from /home/airflow/.local/lib/python3.7/site-packages/airflow/example_dags/example_python_operator.py
[2026-09-24T21:49:37.668+0000] {logging_mixin.py:137} INFO - [2026-09-24T21:49:37.668+0000] {taskmixin.py:205} WARNING - Dependency <Task(_PythonDecoratedOperator): print_the_context>, log_sql_query already registered for DAG: example_python_operator
[2026-09-24T21:49:37.668+0000] {logging_mixin.py:137} INFO - [2026-09-24T21:49:37.668+0000] {taskmixin.py:205} WARNING - Dependency <Task(_PythonDecoratedOperator): log_sql_query>, print_the_context already registered for DAG: example_python_operator
[2026-09-24T21:49:37.669+0000] {logging_mixin.py:137} INFO - [2026-09-24T21:49:37.669+0000] {taskmixin.py:205} WARNING - Dependency <Task(_PythonDecoratedOperator): print_the_context>, log_sql_query already registered for DAG: example_python_operator
[2026-09-24T21:49:37.669+0000] {logging_mixin.py:137} INFO - [2026-09-24T21:49:37.669+0000] {taskmixin.py:205} WARNING - Dependency <Task(_PythonDecoratedOperator): log_sql_query>, print_the_context already registered for DAG: example_python_operator
[2026-09-24T21:49:37.669+0000] {logging_mixin.py:137} INFO - [2026-09-24T21:49:37.669+0000] {taskmixin.py:205} WARNING - Dependency <Task(_PythonDecoratedOperator): print_the_context>, log_sql_query already registered for DAG: example_python_operator
[2026-09-24T21:49:37.669+0000] {logging_mixin.py:137} INFO - [2026-09-24T21:49:37.669+0000] {taskmixin.py:205} WARNING - Dependency <Task(_PythonDecoratedOperator): log_sql_query>, print_the_context already registered for DAG: example_python_operator
[2026-09-24T21:49:37.670+0000] {logging_mixin.py:137} INFO - [2026-09-24T21:49:37.670+0000] {taskmixin.py:205} WARNING - Dependency <Task(_PythonDecoratedOperator): print_the_context>, log_sql_query already registered for DAG: example_python_operator
[2026-09-24T21:49:37.670+0000] {logging_mixin.py:137} INFO - [2026-09-24T21:49:37.670+0000] {taskmixin.py:205} WARNING - Dependency <Task(_PythonDecoratedOperator): log_sql_query>, print_the_context already registered for DAG: example_python_operator
[2026-09-24T21:49:37.675+0000] {processor.py:753} INFO - DAG(s) dict_keys(['example_python_operator']) retrieved from /home/airflow/.local/lib/python3.7/site-packages/airflow/example_dags/example_python_operator.py
[2026-09-24T21:49:37.726+0000] {logging_mixin.py:137} INFO - [2026-09-24T21:49:37.726+0000] {dag.py:2676} INFO - Sync 1 DAGs
[2026-09-24T21:49:37.742+0000] {logging_mixin.py:137} INFO - [2026-09-24T21:49:37.742+0000] {dag.py:3427} INFO - Setting next_dagrun for example_python_operator to None, run_after=None
[2026-09-24T21:49:37.758+0000] {processor.py:175} INFO - Processing /home/airflow/.local/lib/python3.7/site-packages/airflow/example_dags/example_python_operator.py took 0.108 seconds
[2026-09-24T21:50:08.173+0000] {processor.py:153} INFO - Started process (PID=155) to work on /home/airflow/.local/lib/python3.7/site-packages/airflow/example_dags/example_python_operator.py
[2026-09-24T21:50:08.174+0000] {processor.py:743} INFO - Processing file /home/airflow/.local/lib/python3.7/site-packages/airflow/example_dags/example_python_operator.py for tasks to queue
[2026-09-24T21:50:08.174+0000] {logging_mixin.py:137} INFO - [2026-09-24T21:50:08.174+0000] {dagbag.py:538} INFO - Filling up the DagBag from /home/airflow/.local/lib/python3.7/site-packages/airflow/example_dags/example_python_operator.py
[2026-09-24T21:50:08.186+0000] {logging_mixin.py:137} INFO - [2026-09-24T21:50:08.186+0000] {taskmixin.py:205} WARNING - Dependency <Task(_PythonDecoratedOperator): print_the_context>, log_sql_query already registered for DAG: example_python_operator
[2026-09-24T21:50:08.186+0000] {logging_mixin.py:137} INFO - [2026-09-24T21:50:08.186+0000] {taskmixin.py:205} WARNING - Dependency <Task(_PythonDecoratedOperator): log_sql_query>, print_the_context already registered for DAG: example_python_operator
[2026-09-24T21:50:08.186+0000] {logging_mixin.py:137} INFO - [2026-09-24T21:50:08.186+0000] {taskmixin.py:205} WARNING - Dependency <Task(_PythonDecoratedOperator): print_the_context>, log_sql_query already registered for DAG: example_python_operator
[2026-09-24T21:50:08.186+0000] {logging_mixin.py:137} INFO - [2026-09-24T21:50:08.186+0000] {taskmixin.py:205} WARNING - Dependency <Task(_PythonDecoratedOperator): log_sql_query>, print_the_context already registered for DAG: example_python_operator
[2026-09-24T21:50:08.187+0000] {logging_mixin.py:137} INFO - [2026-09-24T21:50:08.186+0000] {taskmixin.py:205} WARNING - Dependency <Task(_PythonDecoratedOperator): print_the_context>, log_sql_query already registered for DAG: example_python_operator
[2026-09-24T21:50:08.187+0000] {logging_mixin.py:137} INFO - [2026-09-24T21:50:08.187+0000] {taskmixin.py:205} WARNING - Dependency <Task(_PythonDecoratedOperator): log_sql_query>, print_the_context already registered for DAG: example_python_operator
[2026-09-24T21:50:08.187+0000] {logging_mixin.py:137} INFO - [2026-09-24T21:50:08.187+0000] {taskmixin.py:205} WARNING - Dependency <Task(_PythonDecoratedOperator): print_the_context>, log_sql_query already registered for DAG: example_python_operator
[2026-09-24T21:50:08.187+0000] {logging_mixin.py:137} INFO - [2026-09-24T21:50:08.187+0000] {taskmixin.py:205} WARNING - Dependency <Task(_PythonDecoratedOperator): log_sql_query>, print_the_context already registered for DAG: example_python_operator
[2026-09-24T21:50:08.191+0000] {processor.py:753} INFO - DAG(s) dict_keys(['example_python_operator']) retrieved from /home/airflow/.local/lib/python3.7/site-packages/airflow/example_dags/example_python_operator.py
[2026-09-24T21:50:08.217+0000] {logging_mixin.py:137} INFO - [2026-09-24T21:50:08.217+0000] {dag.py:2676} INFO - Sync 1 DAGs
[2026-09-24T21:50:08.232+0000] {logging_mixin.py:137} INFO - [2026-09-24T21:50:08.232+0000] {dag.py:3427} INFO - Setting next_dagrun for example_python_operator to None, run_after=None
[2026-09-24T21:50:08.244+0000] {processor.py:175} INFO - Processing /home/airflow/.local/lib/python3.7/site-packages/airflow/example_dags/example_python_operator.py took 0.073 seconds
[2026-09-24T21:50:39.119+0000] {processor.py:153} INFO - Started process (PID=233) to work on /home/airflow/.local/lib/python3.7/site-packages/airflow/example_dags/example_python_operator.py
[2026-09-24T21:50:39.120+0000] {processor.py:743} INFO - Processing file /home/airflow/.local/lib/python3.7/site-packages/airflow/example_dags/example_python_operator.py for tasks to queue
[2026-09-24T21:50:39.120+0000] {logging_mixin.py:137} INFO - [2026-09-24T21:50:39.120+0000] {dagbag.py:538} INFO - Filling up the DagBag from /home/airflow/.local/lib/python3.7/site-packages/airflow/example_dags/example_python_operator.py
[2026-09-24T21:50:39.135+0000] {logging_mixin.py:137} INFO - [2026-09-24T21:50:39.134+0000] {taskmixin.py:205} WARNING - Dependency <Task(_PythonDecoratedOperator): print_the_context>, log_sql_query already registered for DAG: example_python_operator
[2026-09-24T21:50:39.135+0000] {logging_mixin.py:137} INFO - [2026-09-24T21:50:39.135+0000] {taskmixin.py:205} WARNING - Dependency <Task(_PythonDecoratedOperator): log_sql_query>, print_the_context already registered for DAG: example_python_operator
[2026-09-24T21:50:39.135+0000] {logging_mixin.py:137} INFO - [2026-09-24T21:50:39.135+0000] {taskmixin.py:205} WARNING - Dependency <Task(_PythonDecoratedOperator): print_the_context>, log_sql_query already registered for DAG: example_python_operator
[2026-09-24T21:50:39.135+0000] {logging_mixin.py:137} INFO - [2026-09-24T21:50:39.135+0000] {taskmixin.py:205} WARNING - Dependency <Task(_PythonDecoratedOperator): log_sql_query>, print_the_context already registered for DAG: example_python_operator
[2026-09-24T21:50:39.136+0000] {logging_mixin.py:137} INFO - [2026-09-24T21:50:39.136+0000] {taskmixin.py:205} WARNING - Dependency <Task(_PythonDecoratedOperator): print_the_context>, log_sql_query already registered for DAG: example_python_operator
[2026-09-24T21:50:39.136+0000] {logging_mixin.py:137} INFO - [2026-09-24T21:50:39.136+0000] {taskmixin.py:205} WARNING - Dependency <Task(_PythonDecoratedOperator): log_sql_query>, print_the_context already registered for DAG: example_python_operator
[2026-09-24T21:50:39.136+0000] {logging_mixin.py:137} INFO - [2026-09-24T21:50:39.136+0000] {taskmixin.py:205} WARNING - Dependency <Task(_PythonDecoratedOperator): print_the_context>, log_sql_query already registered for DAG: example_python_operator
[2026-09-24T21:50:39.136+0000] {logging_mixin.py:137} INFO - [2026-09-24T21:50:39.136+0000] {taskmixin.py:205} WARNING - Dependency <Task(_PythonDecoratedOperator): log_sql_query>, print_the_context already registered for DAG: example_python_operator
[2026-09-24T21:50:39.142+0000] {processor.py:753} INFO - DAG(s) dict_keys(['example_python_operator']) retrieved from /home/airflow/.local/lib/python3.7/site-packages/airflow/example_dags/example_python_operator.py
[2026-09-24T21:50:39.177+0000] {logging_mixin.py:137} INFO - [2026-09-24T21:50:39.177+0000] {dag.py:2676} INFO - Sync 1 DAGs
[2026-09-24T21:50:39.196+0000] {logging_mixin.py:137} INFO - [2026-09-24T21:50:39.196+0000] {dag.py:3427} INFO - Setting next_dagrun for example_python_operator to None, run_after=None
[2026-09-24T21:50:39.214+0000] {processor.py:175} INFO - Processing /home/airflow/.local/lib/python3.7/site-packages/airflow/example_dags/example_python_operator.py took 0.097 seconds
[2026-09-24T21:51:11.057+0000] {processor.py:153} INFO - Started process (PID=331) to work on /home/airflow/.local/lib/python3.7/site-packages/airflow/example_dags/example_python_operator.py
[2026-09-24T21:51:11.059+0000] {processor.py:743} INFO - Processing file /home/airflow/.local/lib/python3.7/site-packages/airflow/example_dags/example_python_operator.py for tasks to queue
[2026-09-24T21:51:11.060+0000] {logging_mixin.py:137} INFO - [2026-09-24T21:51:11.060+0000] {dagbag.py:538} INFO - Filling up the DagBag from /home/airflow/.local/lib/python3.7/site-packages/airflow/example_dags/example_python_operator.py
[2026-09-24T21:51:11.106+0000] {logging_mixin.py:137} INFO - [2026-09-24T21:51:11.106+0000] {taskmixin.py:205} WARNING - Dependency <Task(_PythonDecoratedOperator): print_the_context>, log_sql_query already registered for DAG: example_python_operator
[2026-09-24T21:51:11.106+0000] {logging_mixin.py:137} INFO - [2026-09-24T21:51:11.106+0000] {taskmixin.py:205} WARNING - Dependency <Task(_PythonDecoratedOperator): log_sql_query>, print_the_context already registered for DAG: example_python_operator
[2026-09-24T21:51:11.107+0000] {logging_mixin.py:137} INFO - [2026-09-24T21:51:11.107+0000] {taskmixin.py:205} WARNING - Dependency <Task(_PythonDecoratedOperator): print_the_context>, log_sql_query already registered for DAG: example_python_operator
[2026-09-24T21:51:11.108+0000] {logging_mixin.py:137} INFO - [2026-09-24T21:51:11.108+0000] {taskmixin.py:205} WARNING - Dependency <Task(_PythonDecoratedOperator): log_sql_query>, print_the_context already registered for DAG: example_python_operator
[2026-09-24T21:51:11.110+0000] {logging_mixin.py:137} INFO - [2026-09-24T21:51:11.109+0000] {taskmixin.py:205} WARNING - Dependency <Task(_PythonDecoratedOperator): print_the_context>, log_sql_query already registered for DAG: example_python_operator
[2026-09-24T21:51:11.110+0000] {logging_mixin.py:137} INFO - [2026-09-24T21:51:11.110+0000] {taskmixin.py:205} WARNING - Dependency <Task(_PythonDecoratedOperator): log_sql_query>, print_the_context already registered for DAG: example_python_operator
[2026-09-24T21:51:11.110+0000] {logging_mixin.py:137} INFO - [2026-09-24T21:51:11.110+0000] {taskmixin.py:205} WARNING - Dependency <Task(_PythonDecoratedOperator): print_the_context>, log_sql_query already registered for DAG: example_python_operator
[2026-09-24T21:51:11.110+0000] {logging_mixin.py:137} INFO - [2026-09-24T21:51:11.110+0000] {taskmixin.py:205} WARNING - Dependency <Task(_PythonDecoratedOperator): log_sql_query>, print_the_context already registered for DAG: example_python_operator
[2026-09-24T21:51:11.125+0000] {processor.py:753} INFO - DAG(s) dict_keys(['example_python_operator']) retrieved from /home/airflow/.local/lib/python3.7/site-packages/airflow/example_dags/example_python_operator.py
[2026-09-24T21:51:11.214+0000] {logging_mixin.py:137} INFO - [2026-09-24T21:51:11.213+0000] {dag.py:2676} INFO - Sync 1 DAGs
[2026-09-24T21:51:11.256+0000] {logging_mixin.py:137} INFO - [2026-09-24T21:51:11.256+0000] {dag.py:3427} INFO - Setting next_dagrun for example_python_operator to None, run_after=None
[2026-09-24T21:51:11.294+0000] {processor.py:175} INFO - Processing /home/airflow/.local/lib/python3.7/site-packages/airflow/example_dags/example_python_operator.py took 0.243 seconds
[2026-09-24T21:51:42.117+0000] {processor.py:153} INFO - Started process (PID=418) to work on /home/airflow/.local/lib/python3.7/site-packages/airflow/example_dags/example_python_operator.py
[2026-09-24T21:51:42.119+0000] {processor.py:743} INFO - Processing file /home/airflow/.local/lib/python3.7/site-packages/airflow/example_dags/example_python_operator.py for tasks to queue
[2026-09-24T21:51:42.120+0000] {logging_mixin.py:137} INFO - [2026-09-24T21:51:42.120+0000] {dagbag.py:538} INFO - Filling up the DagBag from /home/airflow/.local/lib/python3.7/site-packages/airflow/example_dags/example_python_operator.py
[2026-09-24T21:51:42.141+0000] {logging_mixin.py:137} INFO - [2026-09-24T21:51:42.141+0000] {taskmixin.py:205} WARNING - Dependency <Task(_PythonDecoratedOperator): print_the_context>, log_sql_query already registered for DAG: example_python_operator
[2026-09-24T21:51:42.141+0000] {logging_mixin.py:137} INFO - [2026-09-24T21:51:42.141+0000] {taskmixin.py:205} WARNING - Dependency <Task(_PythonDecoratedOperator): log_sql_query>, print_the_context already registered for DAG: example_python_operator
[2026-09-24T21:51:42.142+0000] {logging_mixin.py:137} INFO - [2026-09-24T21:51:42.142+0000] {taskmixin.py:205} WARNING - Dependency <Task(_PythonDecoratedOperator): print_the_context>, log_sql_query already registered for DAG: example_python_operator
[2026-09-24T21:51:42.142+0000] {logging_mixin.py:137} INFO - [2026-09-24T21:51:42.142+0000] {taskmixin.py:205} WARNING - Dependency <Task(_PythonDecoratedOperator): log_sql_query>, print_the_context already registered for DAG: example_python_operator
[2026-09-24T21:51:42.143+0000] {logging_mixin.py:137} INFO - [2026-09-24T21:51:42.143+0000] {taskmixin.py:205} WARNING - Dependency <Task(_PythonDecoratedOperator): print_the_context>, log_sql_query already registered for DAG: example_python_operator
[2026-09-24T21:51:42.143+0000] {logging_mixin.py:137} INFO - [2026-09-24T21:51:42.143+0000] {taskmixin.py:205} WARNING - Dependency <Task(_PythonDecoratedOperator): log_sql_query>, print_the_context already registered for DAG: example_python_operator
[2026-09-24T21:51:42.143+0000] {logging_mixin.py:137} INFO - [2026-09-24T21:51:42.143+0000] {taskmixin.py:205} WARNING - Dependency <Task(_PythonDecoratedOperator): print_the_context>, log_sql_query already registered for DAG: example_python_operator
[2026-09-24T21:51:42.144+0000] {logging_mixin.py:137} INFO - [2026-09-24T21:51:42.144+0000] {taskmixin.py:205} WARNING - Dependency <Task(_PythonDecoratedOperator): log_sql_query>, print_the_context already registered for DAG: example_python_operator
[2026-09-24T21:51:42.151+0000] {processor.py:753} INFO - DAG(s) dict_keys(['example_python_operator']) retrieved from /home/airflow/.local/lib/python3.7/site-packages/airflow/example_dags/example_python_operator.py
[2026-09-24T21:51:42.206+0000] {logging_mixin.py:137} INFO - [2026-09-24T21:51:42.206+0000] {dag.py:2676} INFO - Sync 1 DAGs
[2026-09-24T21:51:42.240+0000] {logging_mixin.py:137} INFO - [2026-09-24T21:51:42.240+0000] {dag.py:3427} INFO - Setting next_dagrun for example_python_operator to None, run_after=None
[2026-09-24T21:51:42.267+0000] {processor.py:175} INFO - Processing /home/airflow/.local/lib/python3.7/site-packages/airflow/example_dags/example_python_operator.py took 0.153 seconds
[2026-09-24T21:52:12.476+0000] {processor.py:153} INFO - Started process (PID=507) to work on /home/airflow/.local/lib/python3.7/site-packages/airflow/example_dags/example_python_operator.py
[2026-09-24T21:52:12.477+0000] {processor.py:743} INFO - Processing file /home/airflow/.local/lib/python3.7/site-packages/airflow/example_dags/example_python_operator.py for tasks to queue
[2026-09-24T21:52:12.477+0000] {logging_mixin.py:137} INFO - [2026-09-24T21:52:12.477+0000] {dagbag.py:538} INFO - Filling up the DagBag from /home/airflow/.local/lib/python3.7/site-packages/airflow/example_dags/example_python_operator.py
[2026-09-24T21:52:12.488+0000] {logging_mixin.py:137} INFO - [2026-09-24T21:52:12.488+0000] {taskmixin.py:205} WARNING - Dependency <Task(_PythonDecoratedOperator): print_the_context>, log_sql_query already registered for DAG: example_python_operator
[2026-09-24T21:52:12.488+0000] {logging_mixin.py:137} INFO - [2026-09-24T21:52:12.488+0000] {taskmixin.py:205} WARNING - Dependency <Task(_PythonDecoratedOperator): log_sql_query>, print_the_context already registered for DAG: example_python_operator
[2026-09-24T21:52:12.489+0000] {logging_mixin.py:137} INFO - [2026-09-24T21:52:12.489+0000] {taskmixin.py:205} WARNING - Dependency <Task(_PythonDecoratedOperator): print_the_context>, log_sql_query already registered for DAG: example_python_operator
[2026-09-24T21:52:12.489+0000] {logging_mixin.py:137} INFO - [2026-09-24T21:52:12.489+0000] {taskmixin.py:205} WARNING - Dependency <Task(_PythonDecoratedOperator): log_sql_query>, print_the_context already registered for DAG: example_python_operator
[2026-09-24T21:52:12.489+0000] {logging_mixin.py:137} INFO - [2026-09-24T21:52:12.489+0000] {taskmixin.py:205} WARNING - Dependency <Task(_PythonDecoratedOperator): print_the_context>, log_sql_query already registered for DAG: example_python_operator
[2026-09-24T21:52:12.489+0000] {logging_mixin.py:137} INFO - [2026-09-24T21:52:12.489+0000] {taskmixin.py:205} WARNING - Dependency <Task(_PythonDecoratedOperator): log_sql_query>, print_the_context already registered for DAG: example_python_operator
[2026-09-24T21:52:12.489+0000] {logging_mixin.py:137} INFO - [2026-09-24T21:52:12.489+0000] {taskmixin.py:205} WARNING - Dependency <Task(_PythonDecoratedOperator): print_the_context>, log_sql_query already registered for DAG: example_python_operator
[2026-09-24T21:52:12.490+0000] {logging_mixin.py:137} INFO - [2026-09-24T21:52:12.489+0000] {taskmixin.py:205} WARNING - Dependency <Task(_PythonDecoratedOperator): log_sql_query>, print_the_context already registered for DAG: example_python_operator
[2026-09-24T21:52:12.494+0000] {processor.py:753} INFO - DAG(s) dict_keys(['example_python_operator']) retrieved from /home/airflow/.local/lib/python3.7/site-packages/airflow/example_dags/example_python_operator.py
[2026-09-24T21:52:12.517+0000] {logging_mixin.py:137} INFO - [2026-09-24T21:52:12.517+0000] {dag.py:2676} INFO - Sync 1 DAGs
[2026-09-24T21:52:12.531+0000] {logging_mixin.py:137} INFO - [2026-09-24T21:52:12.531+0000] {dag.py:3427} INFO - Setting next_dagrun for example_python_operator to None, run_after=None
[2026-09-24T21:52:12.542+0000] {processor.py:175} INFO - Processing /home/airflow/.local/lib/python3.7/site-packages/airflow/example_dags/example_python_operator.py took 0.068 seconds
