[2026-09-24T21:47:17.056+0000] {processor.py:153} INFO - Started process (PID=48) to work on /home/airflow/.local/lib/python3.7/site-packages/airflow/example_dags/example_latest_only_with_trigger.py
[2026-09-24T21:47:17.057+0000] {processor.py:743} INFO - Processing file /home/airflow/.local/lib/python3.7/site-packages/airflow/example_dags/example_latest_only_with_trigger.py for tasks to queue
[2026-09-24T21:47:17.058+0000] {logging_mixin.py:137} INFO - [2026-09-24T21:47:17.058+0000] {dagbag.py:538} INFO - Filling up the DagBag from /home/airflow/.local/lib/python3.7/site-packages/airflow/example_dags/example_latest_only_with_trigger.py
[2026-09-24T21:47:17.071+0000] {processor.py:753} INFO - DAG(s) dict_keys(['latest_only_with_trigger']) retrieved from /home/airflow/.local/lib/python3.7/site-packages/airflow/example_dags/example_latest_only_with_trigger.py
[2026-09-24T21:47:17.093+0000] {logging_mixin.py:137} INFO - [2026-09-24T21:47:17.093+0000] {dag.py:2676} INFO - Sync 1 DAGs
[2026-09-24T21:47:17.113+0000] {logging_mixin.py:137} INFO - [2026-09-24T21:47:17.113+0000] {dag.py:3427} INFO - Setting next_dagrun for latest_only_with_trigger to 2026-09-24T17:47:17.113064+00:00, run_after=2026-09-24T21:47:17.113064+00:00
[2026-09-24T21:47:17.128+0000] {processor.py:175} INFO - Processing /home/airflow/.local/lib/python3.7/site-packages/airflow/example_dags/example_latest_only_with_trigger.py took 0.074 seconds
[2026-09-24T21:49:37.062+0000] {processor.py:153} INFO - Started process (PID=47) to work on /home/airflow/.local/lib/python3.7/site-packages/airflow/example_dags/example_latest_only_with_trigger.py
[2026-09-24T21:49:37.063+0000] {processor.py:743} INFO - Processing file /home/airflow/.local/lib/python3.7/site-packages/airflow/example_dags/example_latest_only_with_trigger.py for tasks to queue
[2026-09-24T21:49:37.064+0000] {logging_mixin.py:137} INFO - [2026-09-24T21:49:37.063+0000] {dagbag.py:538} INFO - Filling up the DagBag from /home/airflow/.local/lib/python3.7/site-packages/airflow/example_dags/example_latest_only_with_trigger.py
[2026-09-24T21:49:37.077+0000] {processor.py:753} INFO - DAG(s) dict_keys(['latest_only_with_trigger']) retrieved from /home/airflow/.local/lib/python3.7/site-packages/airflow/example_dags/example_latest_only_with_trigger.py
[2026-09-24T21:49:37.106+0000] {logging_mixin.py:137} INFO - [2026-09-24T21:49:37.105+0000] {dag.py:2676} INFO - Sync 1 DAGs
[2026-09-24T21:49:37.128+0000] {logging_mixin.py:137} INFO - [2026-09-24T21:49:37.128+0000] {dag.py:3427} INFO - Setting next_dagrun for latest_only_with_trigger to 2026-09-24T17:49:37.127782+00:00, run_after=2026-09-24T21:49:37.127782+00:00
[2026-09-24T21:49:37.143+0000] {processor.py:175} INFO - Processing /home/airflow/.local/lib/python3.7/site-packages/airflow/example_dags/example_latest_only_with_trigger.py took 0.083 seconds
[2026-09-24T21:50:07.598+0000] {processor.py:153} INFO - Started process (PID=145) to work on /home/airflow/.local/lib/python3.7/site-packages/airflow/example_dags/example_latest_only_with_trigger.py
[2026-09-24T21:50:07.599+0000] {processor.py:743} INFO - Processing file /home/airflow/.local/lib/python3.7/site-packages/airflow/example_dags/example_latest_only_with_trigger.py for tasks to queue
[2026-09-24T21:50:07.599+0000] {logging_mixin.py:137} INFO - [2026-09-24T21:50:07.599+0000] {dagbag.py:538} INFO - Filling up the DagBag from /home/airflow/.local/lib/python3.7/site-packages/airflow/example_dags/example_latest_only_with_trigger.py
[2026-09-24T21:50:07.607+0000] {processor.py:753} INFO - DAG(s) dict_keys(['latest_only_with_trigger']) retrieved from /home/airflow/.local/lib/python3.7/site-packages/airflow/example_dags/example_latest_only_with_trigger.py
[2026-09-24T21:50:07.632+0000] {logging_mixin.py:137} INFO - [2026-09-24T21:50:07.632+0000] {dag.py:2676} INFO - Sync 1 DAGs
[2026-09-24T21:50:07.648+0000] {logging_mixin.py:137} INFO - [2026-09-24T21:50:07.648+0000] {dag.py:3427} INFO - Setting next_dagrun for latest_only_with_trigger to 2026-09-24T17:50:07.648589+00:00, run_after=2026-09-24T21:50:07.648589+00:00
[2026-09-24T21:50:07.661+0000] {processor.py:175} INFO - Processing /home/airflow/.local/lib/python3.7/site-packages/airflow/example_dags/example_latest_only_with_trigger.py took 0.065 seconds
[2026-09-24T21:50:38.629+0000] {processor.py:153} INFO - Started process (PID=223) to work on /home/airflow/.local/lib/python3.7/site-packages/airflow/example_dags/example_latest_only_with_trigger.py
[2026-09-24T21:50:38.629+0000] {processor.py:743} INFO - Processing file /home/airflow/.local/lib/python3.7/site-packages/airflow/example_dags/example_latest_only_with_trigger.py for tasks to queue
[2026-09-24T21:50:38.630+0000] {logging_mixin.py:137} INFO - [2026-09-24T21:50:38.630+0000] {dagbag.py:538} INFO - Filling up the DagBag from /home/airflow/.local/lib/python3.7/site-packages/airflow/example_dags/example_latest_only_with_trigger.py
[2026-09-24T21:50:38.639+0000] {processor.py:753} INFO - DAG(s) dict_keys(['latest_only_with_trigger']) retrieved from /home/airflow/.local/lib/python3.7/site-packages/airflow/example_dags/example_latest_only_with_trigger.py
[2026-09-24T21:50:38.669+0000] {logging_mixin.py:137} INFO - [2026-09-24T21:50:38.668+0000] {dag.py:2676} INFO - Sync 1 DAGs
[2026-09-24T21:50:38.686+0000] {logging_mixin.py:137} INFO - [2026-09-24T21:50:38.685+0000] {dag.py:3427} INFO - Setting next_dagrun for latest_only_with_trigger to 2026-09-24T17:50:38.685812+00:00, run_after=2026-09-24T21:50:38.685812+00:00
[2026-09-24T21:50:38.700+0000] {processor.py:175} INFO - Processing /home/airflow/.local/lib/python3.7/site-packages/airflow/example_dags/example_latest_only_with_trigger.py took 0.073 seconds
[2026-09-24T21:51:09.641+0000] {processor.py:153} INFO - Started process (PID=321) to work on /home/airflow/.local/lib/python3.7/site-packages/airflow/example_dags/example_latest_only_with_trigger.py
[2026-09-24T21:51:09.642+0000] {processor.py:743} INFO - Processing file /home/airflow/.local/lib/python3.7/site-packages/airflow/example_dags/example_latest_only_with_trigger.py for tasks to queue
[2026-09-24T21:51:09.642+0000] {logging_mixin.py:137} INFO - [2026-09-24T21:51:09.642+0000] {dagbag.py:538} INFO - Filling up the DagBag from /home/airflow/.local/lib/python3.7/site-packages/airflow/example_dags/example_latest_only_with_trigger.py
[2026-09-24T21:51:09.652+0000] {processor.py:753} INFO - DAG(s) dict_keys(['latest_only_with_trigger']) retrieved from /home/airflow/.local/lib/python3.7/site-packages/airflow/example_dags/example_latest_only_with_trigger.py
[2026-09-24T21:51:09.679+0000] {logging_mixin.py:137} INFO - [2026-09-24T21:51:09.678+0000] {dag.py:2676} INFO - Sync 1 DAGs
[2026-09-24T21:51:09.700+0000] {logging_mixin.py:137} INFO - [2026-09-24T21:51:09.700+0000] {dag.py:3427} INFO - Setting next_dagrun for latest_only_with_trigger to 2026-09-24T17:51:09.700319+00:00, run_after=2026-09-24T21:51:09.700319+00:00
[2026-09-24T21:51:09.714+0000] {processor.py:175} INFO - Processing /home/airflow/.local/lib/python3.7/site-packages/airflow/example_dags/example_latest_only_with_trigger.py took 0.075 seconds
[2026-09-24T21:51:40.620+0000] {processor.py:153} INFO - Started process (PID=399) to work on /home/airflow/.local/lib/python3.7/site-packages/airflow/example_dags/example_latest_only_with_trigger.py
[2026-09-24T21:51:40.621+0000] {processor.py:743} INFO - Processing file /home/airflow/.local/lib/python3.7/site-packages/airflow/example_dags/example_latest_only_with_trigger.py for tasks to queue
[2026-09-24T21:51:40.621+0000] {logging_mixin.py:137} INFO - [2026-09-24T21:51:40.621+0000] {dagbag.py:538} INFO - Filling up the DagBag from /home/airflow/.local/lib/python3.7/site-packages/airflow/example_dags/example_latest_only_with_trigger.py
[2026-09-24T21:51:40.631+0000] {processor.py:753} INFO - DAG(s) dict_keys(['latest_only_with_trigger']) retrieved from /home/airflow/.local/lib/python3.7/site-packages/airflow/example_dags/example_latest_only_with_trigger.py
[2026-09-24T21:51:40.654+0000] {logging_mixin.py:137} INFO - [2026-09-24T21:51:40.653+0000] {dag.py:2676} INFO - Sync 1 DAGs
[2026-09-24T21:51:40.671+0000] {logging_mixin.py:137} INFO - [2026-09-24T21:51:40.671+0000] {dag.py:3427} INFO - Setting next_dagrun for latest_only_with_trigger to 2026-09-24T17:51:40.671352+00:00, run_after=2026-09-24T21:51:40.671352+00:00
[2026-09-24T21:51:40.685+0000] {processor.py:175} INFO - Processing /home/airflow/.local/lib/python3.7/site-packages/airflow/example_dags/example_latest_only_with_trigger.py took 0.067 seconds
[2026-09-24T21:52:10.979+0000] {processor.py:153} INFO - Started process (PID=497) to work on /home/airflow/.local/lib/python3.7/site-packages/airflow/example_dags/example_latest_only_with_trigger.py
[2026-09-24T21:52:10.979+0000] {processor.py:743} INFO - Processing file /home/airflow/.local/lib/python3.7/site-packages/airflow/example_dags/example_latest_only_with_trigger.py for tasks to queue
[2026-09-24T21:52:10.980+0000] {logging_mixin.py:137} INFO - [2026-09-24T21:52:10.980+0000] {dagbag.py:538} INFO - Filling up the DagBag from /home/airflow/.local/lib/python3.7/site-packages/airflow/example_dags/example_latest_only_with_trigger.py
[2026-09-24T21:52:10.988+0000] {processor.py:753} INFO - DAG(s) dict_keys(['latest_only_with_trigger']) retrieved from /home/airflow/.local/lib/python3.7/site-packages/airflow/example_dags/example_latest_only_with_trigger.py
[2026-09-24T21:52:11.012+0000] {logging_mixin.py:137} INFO - [2026-09-24T21:52:11.012+0000] {dag.py:2676} INFO - Sync 1 DAGs
[2026-09-24T21:52:11.026+0000] {logging_mixin.py:137} INFO - [2026-09-24T21:52:11.026+0000] {dag.py:3427} INFO - Setting next_dagrun for latest_only_with_trigger to 2026-09-24T17:52:11.026507+00:00, run_after=2026-09-24T21:52:11.026507+00:00
[2026-09-24T21:52:11.039+0000] {processor.py:175} INFO - Processing /home/airflow/.local/lib/python3.7/site-packages/airflow/example_dags/example_latest_only_with_trigger.py took 0.062 seconds
