[2026-09-24T21:47:17.828+0000] {processor.py:153} INFO - Started process (PID=61) to work on /home/airflow/.local/lib/python3.7/site-packages/airflow/example_dags/example_trigger_target_dag.py
[2026-09-24T21:47:17.829+0000] {processor.py:743} INFO - Processing file /home/airflow/.local/lib/python3.7/site-packages/airflow/example_dags/example_trigger_target_dag.py for tasks to queue
[2026-09-24T21:47:17.829+0000] {logging_mixin.py:137} INFO - [2026-09-24T21:47:17.829+0000] {dagbag.py:538} INFO - Filling up the DagBag from /home/airflow/.local/lib/python3.7/site-packages/airflow/example_dags/example_trigger_target_dag.py
[2026-09-24T21:47:17.851+0000] {processor.py:753} INFO - DAG(s) dict_keys(['example_trigger_target_dag']) retrieved from /home/airflow/.local/lib/python3.7/site-packages/airflow/example_dags/example_trigger_target_dag.py
[2026-09-24T21:47:17.868+0000] {logging_mixin.py:137} INFO - [2026-09-24T21:47:17.868+0000] {dag.py:2676} INFO - Sync 1 DAGs
[2026-09-24T21:47:17.896+0000] {logging_mixin.py:137} INFO - [2026-09-24T21:47:17.896+0000] {dag.py:3427} INFO - Setting next_dagrun for example_trigger_target_dag to None, run_after=None
[2026-09-24T21:47:17.921+0000] {processor.py:175} INFO - Processing /home/airflow/.local/lib/python3.7/site-packages/airflow/example_dags/example_trigger_target_dag.py took 0.097 seconds
[2026-09-24T21:49:37.862+0000] {processor.py:153} INFO - Started process (PID=60) to work on /home/airflow/.local/lib/python3.7/site-packages/airflow/example_dags/example_trigger_target_dag.py
[2026-09-24T21:49:37.862+0000] {processor.py:743} INFO - Processing file /home/airflow/.local/lib/python3.7/site-packages/airflow/example_dags/example_trigger_target_dag.py for tasks to queue
[2026-09-24T21:49:37.863+0000] {logging_mixin.py:137} INFO - [2026-09-24T21:49:37.863+0000] {dagbag.py:538} INFO - Filling up the DagBag from /home/airflow/.local/lib/python3.7/site-packages/airflow/example_dags/example_trigger_target_dag.py
[2026-09-24T21:49:37.878+0000] {processor.py:753} INFO - DAG(s) dict_keys(['example_trigger_target_dag']) retrieved from /home/airflow/.local/lib/python3.7/site-packages/airflow/example_dags/example_trigger_target_dag.py
[2026-09-24T21:49:37.905+0000] {logging_mixin.py:137} INFO - [2026-09-24T21:49:37.905+0000] {dag.py:2676} INFO - Sync 1 DAGs
[2026-09-24T21:49:37.923+0000] {logging_mixin.py:137} INFO - [2026-09-24T21:49:37.923+0000] {dag.py:3427} INFO - Setting next_dagrun for example_trigger_target_dag to None, run_after=None
[2026-09-24T21:49:37.940+0000] {processor.py:175} INFO - Processing /home/airflow/.local/lib/python3.7/site-packages/airflow/example_dags/example_trigger_target_dag.py took 0.080 seconds
[2026-09-24T21:50:08.344+0000] {processor.py:153} INFO - Started process (PID=158) to work on /home/airflow/.local/lib/python3.7/site-packages/airflow/example_dags/example_trigger_target_dag.py
[2026-09-24T21:50:08.345+0000] {processor.py:743} INFO - Processing file /home/airflow/.local/lib/python3.7/site-packages/airflow/example_dags/example_trigger_target_dag.py for tasks to queue
[2026-09-24T21:50:08.345+0000] {logging_mixin.py:137} INFO - [2026-09-24T21:50:08.345+0000] {dagbag.py:538} INFO - Filling up the DagBag from /home/airflow/.local/lib/python3.7/site-packages/airflow/example_dags/example_trigger_target_dag.py
[2026-09-24T21:50:08.359+0000] {processor.py:753} INFO - DAG(s) dict_keys(['example_trigger_target_dag']) retrieved from /home/airflow/.local/lib/python3.7/site-packages/airflow/example_dags/example_trigger_target_dag.py
[2026-09-24T21:50:08.384+0000] {logging_mixin.py:137} INFO - [2026-09-24T21:50:08.384+0000] {dag.py:2676} INFO - Sync 1 DAGs
[2026-09-24T21:50:08.400+0000] {logging_mixin.py:137} INFO - [2026-09-24T21:50:08.399+0000] {dag.py:3427} INFO - Setting next_dagrun for example_trigger_target_dag to None, run_after=None
[2026-09-24T21:50:08.412+0000] {processor.py:175} INFO - Processing /home/airflow/.local/lib/python3.7/site-packages/airflow/example_dags/example_trigger_target_dag.py took 0.070 seconds
[2026-09-24T21:50:39.319+0000] {processor.py:153} INFO - Started process (PID=236) to work on /home/airflow/.local/lib/python3.7/site-packages/airflow/example_dags/example_trigger_target_dag.py
[2026-09-24T21:50:39.320+0000] {processor.py:743} INFO - Processing file /home/airflow/.local/lib/python3.7/site-packages/airflow/example_dags/example_trigger_target_dag.py for tasks to queue
[2026-09-24T21:50:39.320+0000] {logging_mixin.py:137} INFO - [2026-09-24T21:50:39.320+0000] {dagbag.py:538} INFO - Filling up the DagBag from /home/airflow/.local/lib/python3.7/site-packages/airflow/example_dags/example_trigger_target_dag.py
[2026-09-24T21:50:39.337+0000] {processor.py:753} INFO - DAG(s) dict_keys(['example_trigger_target_dag']) retrieved from /home/airflow/.local/lib/python3.7/site-packages/airflow/example_dags/example_trigger_target_dag.py
[2026-09-24T21:50:39.362+0000] {logging_mixin.py:137} INFO - [2026-09-24T21:50:39.362+0000] {dag.py:2676} INFO - Sync 1 DAGs
[2026-09-24T21:50:39.378+0000] {logging_mixin.py:137} INFO - [2026-09-24T21:50:39.378+0000] {dag.py:3427} INFO - Setting next_dagrun for example_trigger_target_dag to None, run_after=None
[2026-09-24T21:50:39.389+0000] {processor.py:175} INFO - Processing /home/airflow/.local/lib/python3.7/site-packages/airflow/example_dags/example_trigger_target_dag.py took 0.072 seconds
[2026-09-24T21:51:11.476+0000] {processor.py:153} INFO - Started process (PID=334) to work on /home/airflow/.local/lib/python3.7/site-packages/airflow/example_dags/example_trigger_target_dag.py
[2026-09-24T21:51:11.479+0000] {processor.py:743} INFO - Processing file /home/airflow/.local/lib/python3.7/site-packages/airflow/example_dags/example_trigger_target_dag.py for tasks to queue
[2026-09-24T21:51:11.481+0000] {logging_mixin.py:137} INFO - [2026-09-24T21:51:11.480+0000] {dagbag.py:538} INFO - Filling up the DagBag from /home/airflow/.local/lib/python3.7/site-packages/airflow/example_dags/example_trigger_target_dag.py
[2026-09-24T21:51:11.536+0000] {processor.py:753} INFO - DAG(s) dict_keys(['example_trigger_target_dag']) retrieved from /home/airflow/.local/lib/python3.7/site-packages/airflow/example_dags/example_trigger_target_dag.py
[2026-09-24T21:51:11.599+0000] {logging_mixin.py:137} INFO - [2026-09-24T21:51:11.598+0000] {dag.py:2676} INFO - Sync 1 DAGs
[2026-09-24T21:51:11.620+0000] {logging_mixin.py:137} INFO - [2026-09-24T21:51:11.620+0000] {dag.py:3427} INFO - Setting next_dagrun for example_trigger_target_dag to None, run_after=None
[2026-09-24T21:51:11.636+0000] {processor.py:175} INFO - Processing /home/airflow/.local/lib/python3.7/site-packages/airflow/example_dags/example_trigger_target_dag.py took 0.166 seconds
[2026-09-24T21:51:42.321+0000] {processor.py:153} INFO - Started process (PID=432) to work on /home/airflow/.local/lib/python3.7/site-packages/airflow/example_dags/example_trigger_target_dag.py
[2026-09-24T21:51:42.322+0000] {processor.py:743} INFO - Processing file /home/airflow/.local/lib/python3.7/site-packages/airflow/example_dags/example_trigger_target_dag.py for tasks to queue
[2026-09-24T21:51:42.322+0000] {logging_mixin.py:137} INFO - [2026-09-24T21:51:42.322+0000] {dagbag.py:538} INFO - Filling up the DagBag from /home/airflow/.local/lib/python3.7/site-packages/airflow/example_dags/example_trigger_target_dag.py
[2026-09-24T21:51:42.342+0000] {processor.py:753} INFO - DAG(s) dict_keys(['example_trigger_target_dag']) retrieved from /home/airflow/.local/lib/python3.7/site-packages/airflow/example_dags/example_trigger_target_dag.py
[2026-09-24T21:51:42.388+0000] {logging_mixin.py:137} INFO - [2026-09-24T21:51:42.388+0000] {dag.py:2676} INFO - Sync 1 DAGs
[2026-09-24T21:51:42.417+0000] {logging_mixin.py:137} INFO - [2026-09-24T21:51:42.417+0000] {dag.py:3427} INFO - Setting next_dagrun for example_trigger_target_dag to None, run_after=None
[2026-09-24T21:51:42.432+0000] {processor.py:175} INFO - Processing /home/airflow/.local/lib/python3.7/site-packages/airflow/example_dags/example_trigger_target_dag.py took 0.115 seconds
[2026-09-24T21:52:12.633+0000] {processor.py:153} INFO - Started process (PID=510) to work on /home/airflow/.local/lib/python3.7/site-packages/airflow/example_dags/example_trigger_target_dag.py
[2026-09-24T21:52:12.634+0000] {processor.py:743} INFO - Processing file /home/airflow/.local/lib/python3.7/site-packages/airflow/example_dags/example_trigger_target_dag.py for tasks to queue
[2026-09-24T21:52:12.634+0000] {logging_mixin.py:137} INFO - [2026-09-24T21:52:12.634+0000] {dagbag.py:538} INFO - Filling up the DagBag from /home/airflow/.local/lib/python3.7/site-packages/airflow/example_dags/example_trigger_target_dag.py
[2026-09-24T21:52:12.647+0000] {processor.py:753} INFO - DAG(s) dict_keys(['example_trigger_target_dag']) retrieved from /home/airflow/.local/lib/python3.7/site-packages/airflow/example_dags/example_trigger_target_dag.py
[2026-09-24T21:52:12.672+0000] {logging_mixin.py:137} INFO - [2026-09-24T21:52:12.672+0000] {dag.py:2676} INFO - Sync 1 DAGs
[2026-09-24T21:52:12.690+0000] {logging_mixin.py:137} INFO - [2026-09-24T21:52:12.690+0000] {dag.py:3427} INFO - Setting next_dagrun for example_trigger_target_dag to None, run_after=None
[2026-09-24T21:52:12.701+0000] {processor.py:175} INFO - Processing /home/airflow/.local/lib/python3.7/site-packages/airflow/example_dags/example_trigger_target_dag.py took 0.070 seconds
